1
SQUARE 136
2
2
SQUARE 136
TRIANGLE 1440 836
2
2
SQUARE 136
RECTANGLE 1413 322
4
SQUARE 136
TRIANGLE 142 1040
SQUARE 488
SQUARE 667
