5
5
SQUARE 3
TRIANGLE 11 2
RECTANGLE 18 5
RECTANGLE 18 7
SQUARE 18
