1
1
SQUARE 412
1
RECTANGLE 300 391
2
RECTANGLE 300 391
SQUARE 1697
2
3
RECTANGLE 300 391
SQUARE 1697
SQUARE 1701
3
3
4
TRIANGLE 43 1644
RECTANGLE 85 1017
TRIANGLE 1748 1359
RECTANGLE 1430 1274
4
4
TRIANGLE 43 1644
RECTANGLE 85 1017
SQUARE 302
RECTANGLE 142 974
4
5
6
6
TRIANGLE 43 1644
RECTANGLE 85 1017
SQUARE 302
RECTANGLE 142 974
TRIANGLE 887 414
RECTANGLE 1859 857
