1
2
2
TRIANGLE 1244 7387
SQUARE 3991
2
TRIANGLE 1244 7387
RECTANGLE 3021 1819
3
TRIANGLE 1244 7387
RECTANGLE 3021 1819
RECTANGLE 4187 7810
3
RECTANGLE 5559 469
RECTANGLE 897 6124
TRIANGLE 5664 2114
4
4
RECTANGLE 5559 469
RECTANGLE 897 6124
TRIANGLE 5664 2114
RECTANGLE 3509 5066
4
RECTANGLE 5559 469
RECTANGLE 897 6124
TRIANGLE 5664 2114
TRIANGLE 2348 7453
4
5
5
RECTANGLE 5559 469
RECTANGLE 897 6124
TRIANGLE 5664 2114
TRIANGLE 2348 7453
SQUARE 6240
6
RECTANGLE 5559 469
RECTANGLE 897 6124
TRIANGLE 5664 2114
TRIANGLE 2348 7453
SQUARE 6240
RECTANGLE 6877 6254
6
6
RECTANGLE 5559 469
RECTANGLE 897 6124
TRIANGLE 5664 2114
TRIANGLE 2348 7453
RECTANGLE 4434 2245
RECTANGLE 3493 4728
6
7
7
RECTANGLE 5559 469
RECTANGLE 897 6124
TRIANGLE 5664 2114
TRIANGLE 2348 7453
RECTANGLE 4434 2245
RECTANGLE 3493 4728
RECTANGLE 6768 6928
7
7
RECTANGLE 5559 469
RECTANGLE 897 6124
TRIANGLE 5664 2114
TRIANGLE 2348 7453
RECTANGLE 4434 2245
RECTANGLE 3493 4728
RECTANGLE 6768 6928
7
RECTANGLE 5559 469
RECTANGLE 897 6124
TRIANGLE 5664 2114
TRIANGLE 2348 7453
RECTANGLE 4434 2245
TRIANGLE 6732 4467
TRIANGLE 6793 7346
7
7
RECTANGLE 5559 469
RECTANGLE 897 6124
TRIANGLE 5664 2114
TRIANGLE 2348 7453
RECTANGLE 4434 2245
TRIANGLE 6732 4467
TRIANGLE 6793 7346
7
RECTANGLE 5559 469
RECTANGLE 897 6124
TRIANGLE 5664 2114
TRIANGLE 2348 7453
RECTANGLE 4434 2245
TRIANGLE 6732 4467
TRIANGLE 6793 7346
7
7
RECTANGLE 5559 469
RECTANGLE 897 6124
TRIANGLE 5664 2114
TRIANGLE 2348 7453
RECTANGLE 4434 2245
TRIANGLE 6732 4467
TRIANGLE 6793 7346
8
RECTANGLE 5559 469
RECTANGLE 897 6124
TRIANGLE 5664 2114
TRIANGLE 2348 7453
RECTANGLE 4434 2245
TRIANGLE 6732 4467
TRIANGLE 6793 7346
RECTANGLE 4907 7327
8
8
RECTANGLE 5559 469
RECTANGLE 897 6124
TRIANGLE 5664 2114
TRIANGLE 2348 7453
RECTANGLE 4434 2245
TRIANGLE 6732 4467
TRIANGLE 6793 7346
RECTANGLE 4907 7327
8
8
RECTANGLE 5559 469
RECTANGLE 897 6124
TRIANGLE 5664 2114
TRIANGLE 2348 7453
RECTANGLE 4434 2245
TRIANGLE 6732 4467
TRIANGLE 6793 7346
RECTANGLE 4907 7327
8
9
RECTANGLE 5559 469
RECTANGLE 897 6124
TRIANGLE 5664 2114
TRIANGLE 2348 7453
RECTANGLE 4434 2245
TRIANGLE 6732 4467
TRIANGLE 6793 7346
RECTANGLE 4907 7327
SQUARE 7855
9
RECTANGLE 5559 469
RECTANGLE 897 6124
TRIANGLE 5664 2114
TRIANGLE 2348 7453
RECTANGLE 4434 2245
TRIANGLE 6732 4467
TRIANGLE 6793 7346
RECTANGLE 4907 7327
SQUARE 7855
9
9
9
RECTANGLE 5559 469
RECTANGLE 897 6124
TRIANGLE 5664 2114
SQUARE 2640
TRIANGLE 2425 6824
SQUARE 3142
TRIANGLE 3159 6992
TRIANGLE 7829 3030
SQUARE 4481
9
9
RECTANGLE 5559 469
RECTANGLE 897 6124
TRIANGLE 5664 2114
SQUARE 2640
TRIANGLE 2425 6824
SQUARE 3142
TRIANGLE 3159 6992
TRIANGLE 7829 3030
RECTANGLE 6322 2981
9
10
10
RECTANGLE 5559 469
RECTANGLE 897 6124
TRIANGLE 5664 2114
SQUARE 2640
TRIANGLE 2425 6824
SQUARE 3142
TRIANGLE 3159 6992
TRIANGLE 7829 3030
RECTANGLE 6322 2981
SQUARE 5256
10
10
10
10
10
RECTANGLE 5559 469
RECTANGLE 897 6124
TRIANGLE 5664 2114
SQUARE 2640
TRIANGLE 2425 6824
SQUARE 3142
TRIANGLE 3159 6992
TRIANGLE 7829 3030
RECTANGLE 6322 2981
RECTANGLE 5247 4027
10
11
11
RECTANGLE 5559 469
RECTANGLE 897 6124
TRIANGLE 5664 2114
SQUARE 2640
TRIANGLE 2425 6824
SQUARE 3142
TRIANGLE 3159 6992
TRIANGLE 7829 3030
RECTANGLE 6322 2981
RECTANGLE 5247 4027
SQUARE 7086
11
RECTANGLE 5559 469
RECTANGLE 897 6124
TRIANGLE 5664 2114
SQUARE 2640
TRIANGLE 2425 6824
SQUARE 3142
TRIANGLE 3159 6992
TRIANGLE 7829 3030
RECTANGLE 6322 2981
RECTANGLE 5247 4027
SQUARE 7086
11
11
11
11
RECTANGLE 5559 469
RECTANGLE 897 6124
TRIANGLE 5664 2114
SQUARE 2640
TRIANGLE 2425 6824
SQUARE 3142
TRIANGLE 3159 6992
TRIANGLE 7829 3030
RECTANGLE 6322 2981
RECTANGLE 5247 4027
RECTANGLE 7921 2867
11
11
RECTANGLE 5559 469
RECTANGLE 897 6124
TRIANGLE 5664 2114
SQUARE 2640
TRIANGLE 2425 6824
SQUARE 3142
TRIANGLE 3159 6992
TRIANGLE 7829 3030
RECTANGLE 6322 2981
RECTANGLE 5247 4027
RECTANGLE 7921 2867
11
RECTANGLE 5559 469
RECTANGLE 897 6124
TRIANGLE 5664 2114
SQUARE 2640
TRIANGLE 2425 6824
SQUARE 3142
TRIANGLE 3159 6992
TRIANGLE 7829 3030
RECTANGLE 6322 2981
RECTANGLE 5247 4027
RECTANGLE 7921 2867
11
12
RECTANGLE 5559 469
RECTANGLE 897 6124
TRIANGLE 5664 2114
SQUARE 2640
TRIANGLE 2425 6824
SQUARE 3142
TRIANGLE 3159 6992
TRIANGLE 7829 3030
RECTANGLE 6322 2981
RECTANGLE 5247 4027
RECTANGLE 7921 2867
SQUARE 5542
12
12
RECTANGLE 5559 469
RECTANGLE 897 6124
TRIANGLE 5664 2114
SQUARE 2640
TRIANGLE 2425 6824
SQUARE 3142
TRIANGLE 3159 6992
TRIANGLE 7829 3030
RECTANGLE 6322 2981
RECTANGLE 5247 4027
RECTANGLE 7921 2867
SQUARE 5542
12
RECTANGLE 5559 469
RECTANGLE 897 6124
TRIANGLE 5664 2114
SQUARE 2640
TRIANGLE 2425 6824
SQUARE 3142
TRIANGLE 3159 6992
TRIANGLE 7829 3030
RECTANGLE 6322 2981
RECTANGLE 5247 4027
RECTANGLE 7921 2867
SQUARE 5542
12
12
RECTANGLE 5559 469
RECTANGLE 897 6124
TRIANGLE 5664 2114
SQUARE 2640
TRIANGLE 2425 6824
SQUARE 3142
TRIANGLE 3159 6992
TRIANGLE 7829 3030
RECTANGLE 6322 2981
RECTANGLE 5247 4027
RECTANGLE 7921 2867
SQUARE 5542
13
13
RECTANGLE 5559 469
RECTANGLE 897 6124
TRIANGLE 5664 2114
SQUARE 2640
TRIANGLE 2425 6824
SQUARE 3142
TRIANGLE 3159 6992
TRIANGLE 7829 3030
RECTANGLE 6322 2981
RECTANGLE 5247 4027
RECTANGLE 7921 2867
SQUARE 5542
RECTANGLE 7352 4822
13
13
RECTANGLE 5559 469
RECTANGLE 897 6124
TRIANGLE 5664 2114
SQUARE 2640
TRIANGLE 2425 6824
SQUARE 3142
TRIANGLE 3159 6992
TRIANGLE 7829 3030
RECTANGLE 6322 2981
RECTANGLE 5247 4027
RECTANGLE 7921 2867
SQUARE 5542
RECTANGLE 7352 4822
13
RECTANGLE 5559 469
RECTANGLE 897 6124
TRIANGLE 5664 2114
SQUARE 2640
TRIANGLE 2425 6824
SQUARE 3142
TRIANGLE 3159 6992
TRIANGLE 7829 3030
RECTANGLE 6322 2981
RECTANGLE 5247 4027
RECTANGLE 7921 2867
SQUARE 5542
RECTANGLE 7352 4822
13
RECTANGLE 5559 469
RECTANGLE 897 6124
TRIANGLE 5664 2114
SQUARE 2640
TRIANGLE 2425 6824
SQUARE 3142
TRIANGLE 3159 6992
TRIANGLE 7829 3030
RECTANGLE 6322 2981
RECTANGLE 5247 4027
RECTANGLE 7921 2867
SQUARE 5542
RECTANGLE 7352 4822
13
13
RECTANGLE 5559 469
RECTANGLE 897 6124
TRIANGLE 5664 2114
SQUARE 2640
TRIANGLE 2425 6824
SQUARE 3142
TRIANGLE 3159 6992
TRIANGLE 7829 3030
RECTANGLE 6322 2981
RECTANGLE 5247 4027
RECTANGLE 7921 2867
SQUARE 5542
RECTANGLE 7352 4822
13
13
RECTANGLE 5559 469
RECTANGLE 897 6124
TRIANGLE 5664 2114
SQUARE 2640
TRIANGLE 2425 6824
SQUARE 3142
TRIANGLE 3159 6992
TRIANGLE 7829 3030
RECTANGLE 6322 2981
RECTANGLE 5247 4027
RECTANGLE 7921 2867
SQUARE 5542
RECTANGLE 7352 4822
13
13
RECTANGLE 5559 469
RECTANGLE 897 6124
TRIANGLE 5664 2114
SQUARE 2640
TRIANGLE 2425 6824
SQUARE 3142
TRIANGLE 3159 6992
TRIANGLE 7829 3030
RECTANGLE 6322 2981
RECTANGLE 5247 4027
RECTANGLE 7921 2867
SQUARE 5542
RECTANGLE 7352 4822
14
14
RECTANGLE 5559 469
RECTANGLE 897 6124
TRIANGLE 5664 2114
SQUARE 2640
TRIANGLE 2425 6824
SQUARE 3142
TRIANGLE 3159 6992
TRIANGLE 7829 3030
RECTANGLE 6322 2981
RECTANGLE 5247 4027
RECTANGLE 7921 2867
SQUARE 5542
RECTANGLE 7352 4822
RECTANGLE 6206 7085
14
RECTANGLE 5559 469
RECTANGLE 897 6124
TRIANGLE 5664 2114
SQUARE 2640
TRIANGLE 2425 6824
SQUARE 3142
TRIANGLE 3159 6992
TRIANGLE 7829 3030
RECTANGLE 6322 2981
RECTANGLE 5247 4027
RECTANGLE 7921 2867
SQUARE 5542
RECTANGLE 7352 4822
RECTANGLE 6206 7085
14
RECTANGLE 5559 469
RECTANGLE 897 6124
TRIANGLE 5664 2114
SQUARE 2640
TRIANGLE 2425 6824
SQUARE 3142
TRIANGLE 3159 6992
TRIANGLE 7829 3030
RECTANGLE 2978 4092
TRIANGLE 6568 4406
RECTANGLE 6021 2770
RECTANGLE 4798 5132
TRIANGLE 7115 7418
RECTANGLE 6255 5719
14
14
RECTANGLE 5559 469
RECTANGLE 897 6124
TRIANGLE 5664 2114
SQUARE 2640
TRIANGLE 2425 6824
SQUARE 3142
TRIANGLE 3159 6992
TRIANGLE 7829 3030
RECTANGLE 2978 4092
TRIANGLE 6568 4406
RECTANGLE 6021 2770
RECTANGLE 2764 7217
SQUARE 4473
SQUARE 4679
14
14
14
RECTANGLE 5559 469
RECTANGLE 897 6124
TRIANGLE 5664 2114
SQUARE 2640
TRIANGLE 2425 6824
SQUARE 3142
TRIANGLE 3159 6992
TRIANGLE 7829 3030
RECTANGLE 2978 4092
TRIANGLE 6568 4406
RECTANGLE 6021 2770
RECTANGLE 2764 7217
SQUARE 4473
SQUARE 4679
14
RECTANGLE 5559 469
RECTANGLE 897 6124
TRIANGLE 5664 2114
SQUARE 2640
TRIANGLE 2425 6824
SQUARE 3142
TRIANGLE 3159 6992
TRIANGLE 7829 3030
RECTANGLE 2978 4092
TRIANGLE 6568 4406
RECTANGLE 6021 2770
RECTANGLE 2764 7217
SQUARE 4473
SQUARE 4679
15
15
RECTANGLE 5559 469
RECTANGLE 897 6124
TRIANGLE 5664 2114
SQUARE 2640
TRIANGLE 2425 6824
SQUARE 3142
TRIANGLE 3159 6992
TRIANGLE 7829 3030
RECTANGLE 2978 4092
TRIANGLE 6568 4406
RECTANGLE 6021 2770
RECTANGLE 2764 7217
SQUARE 4473
SQUARE 4679
SQUARE 7331
15
15
RECTANGLE 5559 469
RECTANGLE 897 6124
TRIANGLE 5664 2114
SQUARE 2640
TRIANGLE 2425 6824
SQUARE 3142
TRIANGLE 3159 6992
TRIANGLE 7829 3030
RECTANGLE 2978 4092
TRIANGLE 6568 4406
RECTANGLE 6021 2770
RECTANGLE 2764 7217
SQUARE 4473
SQUARE 4679
SQUARE 7331
15
RECTANGLE 5559 469
RECTANGLE 897 6124
TRIANGLE 5664 2114
SQUARE 2640
TRIANGLE 2425 6824
SQUARE 3142
TRIANGLE 3159 6992
TRIANGLE 7829 3030
RECTANGLE 2978 4092
TRIANGLE 6568 4406
RECTANGLE 6021 2770
RECTANGLE 2764 7217
SQUARE 4473
SQUARE 4679
SQUARE 6498
15
RECTANGLE 5559 469
RECTANGLE 897 6124
TRIANGLE 5664 2114
SQUARE 2640
TRIANGLE 2425 6824
SQUARE 3142
TRIANGLE 3159 6992
TRIANGLE 7829 3030
RECTANGLE 2978 4092
TRIANGLE 6568 4406
RECTANGLE 6021 2770
RECTANGLE 2764 7217
SQUARE 4473
SQUARE 4679
SQUARE 6498
15
15
RECTANGLE 5559 469
RECTANGLE 897 6124
TRIANGLE 5664 2114
SQUARE 2640
TRIANGLE 2425 6824
SQUARE 3142
TRIANGLE 3159 6992
TRIANGLE 7829 3030
RECTANGLE 2978 4092
TRIANGLE 6568 4406
RECTANGLE 6021 2770
RECTANGLE 2764 7217
SQUARE 4473
SQUARE 4679
SQUARE 6498
15
RECTANGLE 5559 469
RECTANGLE 897 6124
TRIANGLE 5664 2114
SQUARE 2640
TRIANGLE 2425 6824
SQUARE 3142
TRIANGLE 3159 6992
TRIANGLE 7829 3030
RECTANGLE 2978 4092
TRIANGLE 6568 4406
RECTANGLE 6021 2770
RECTANGLE 2764 7217
SQUARE 4473
SQUARE 4679
SQUARE 6498
15
15
15
RECTANGLE 5559 469
RECTANGLE 897 6124
TRIANGLE 5664 2114
SQUARE 2640
TRIANGLE 2425 6824
SQUARE 3142
TRIANGLE 3159 6992
TRIANGLE 7829 3030
RECTANGLE 2978 4092
TRIANGLE 6568 4406
RECTANGLE 6021 2770
RECTANGLE 2764 7217
SQUARE 4473
SQUARE 4679
SQUARE 6498
15
15
RECTANGLE 5559 469
RECTANGLE 897 6124
TRIANGLE 5664 2114
SQUARE 2640
TRIANGLE 2425 6824
SQUARE 3142
TRIANGLE 3159 6992
TRIANGLE 7829 3030
RECTANGLE 2978 4092
TRIANGLE 6568 4406
RECTANGLE 6021 2770
RECTANGLE 2764 7217
SQUARE 4473
SQUARE 4679
SQUARE 6172
15
15
RECTANGLE 5559 469
RECTANGLE 897 6124
TRIANGLE 5664 2114
SQUARE 2640
TRIANGLE 2425 6824
SQUARE 3142
TRIANGLE 3159 6992
TRIANGLE 7829 3030
RECTANGLE 2978 4092
TRIANGLE 6568 4406
RECTANGLE 6021 2770
RECTANGLE 2764 7217
SQUARE 4473
SQUARE 4679
SQUARE 6172
15
15
15
RECTANGLE 5559 469
RECTANGLE 897 6124
TRIANGLE 5664 2114
SQUARE 2640
TRIANGLE 2425 6824
SQUARE 3142
TRIANGLE 3159 6992
TRIANGLE 7829 3030
RECTANGLE 2978 4092
TRIANGLE 6568 4406
RECTANGLE 6021 2770
RECTANGLE 2764 7217
SQUARE 4473
SQUARE 4679
SQUARE 6172
15
15
RECTANGLE 5559 469
RECTANGLE 897 6124
TRIANGLE 5664 2114
SQUARE 2640
TRIANGLE 2425 6824
SQUARE 3142
TRIANGLE 3159 6992
TRIANGLE 7829 3030
RECTANGLE 2978 4092
TRIANGLE 6568 4406
RECTANGLE 6021 2770
RECTANGLE 2764 7217
SQUARE 4473
SQUARE 4679
SQUARE 6172
15
RECTANGLE 5559 469
RECTANGLE 897 6124
TRIANGLE 5664 2114
SQUARE 2640
TRIANGLE 2425 6824
SQUARE 3142
TRIANGLE 3159 6992
TRIANGLE 7829 3030
RECTANGLE 2978 4092
TRIANGLE 6568 4406
RECTANGLE 6021 2770
RECTANGLE 2764 7217
SQUARE 4473
SQUARE 4679
SQUARE 6172
15
15
RECTANGLE 5559 469
RECTANGLE 897 6124
TRIANGLE 5664 2114
SQUARE 2640
TRIANGLE 2425 6824
SQUARE 3142
TRIANGLE 3159 6992
TRIANGLE 7829 3030
RECTANGLE 2978 4092
TRIANGLE 6568 4406
RECTANGLE 6021 2770
RECTANGLE 2764 7217
SQUARE 4473
SQUARE 4679
SQUARE 6172
15
RECTANGLE 5559 469
RECTANGLE 897 6124
TRIANGLE 5664 2114
SQUARE 2640
TRIANGLE 2425 6824
SQUARE 3142
TRIANGLE 3159 6992
TRIANGLE 7829 3030
RECTANGLE 2978 4092
TRIANGLE 6568 4406
RECTANGLE 6021 2770
RECTANGLE 2764 7217
SQUARE 4473
SQUARE 4679
SQUARE 5713
15
17
RECTANGLE 5559 469
RECTANGLE 897 6124
TRIANGLE 5664 2114
SQUARE 2640
TRIANGLE 2425 6824
SQUARE 3142
TRIANGLE 3159 6992
TRIANGLE 7829 3030
RECTANGLE 2978 4092
TRIANGLE 6568 4406
RECTANGLE 6021 2770
RECTANGLE 2764 7217
SQUARE 4473
SQUARE 4679
SQUARE 5713
RECTANGLE 7322 6727
SQUARE 7629
