2
2
SQUARE 1141
RECTANGLE 338 7660
2
4
SQUARE 1141
RECTANGLE 338 7660
SQUARE 4847
SQUARE 6881
4
4
SQUARE 1141
RECTANGLE 338 7660
SQUARE 4847
SQUARE 6051
4
SQUARE 1141
RECTANGLE 338 7660
SQUARE 4847
SQUARE 6051
4
SQUARE 1141
RECTANGLE 338 7660
SQUARE 4847
SQUARE 6051
4
5
5
RECTANGLE 2433 134
TRIANGLE 784 4905
RECTANGLE 1487 6339
TRIANGLE 6835 6504
RECTANGLE 6753 4952
5
RECTANGLE 2433 134
TRIANGLE 784 4905
RECTANGLE 1487 6339
TRIANGLE 6835 6504
RECTANGLE 6753 4952
5
6
6
RECTANGLE 2433 134
TRIANGLE 784 4905
RECTANGLE 1487 6339
TRIANGLE 6835 6504
RECTANGLE 6753 4952
SQUARE 6251
6
7
RECTANGLE 2433 134
TRIANGLE 784 4905
RECTANGLE 1487 6339
TRIANGLE 6835 6504
RECTANGLE 6753 4952
SQUARE 6251
SQUARE 7851
7
RECTANGLE 2433 134
TRIANGLE 784 4905
RECTANGLE 1487 6339
TRIANGLE 6835 6504
RECTANGLE 6753 4952
SQUARE 6251
SQUARE 7851
7
7
7
RECTANGLE 2433 134
TRIANGLE 784 4905
RECTANGLE 1487 6339
TRIANGLE 6835 6504
RECTANGLE 6753 4952
SQUARE 6251
SQUARE 7851
7
RECTANGLE 2433 134
TRIANGLE 784 4905
RECTANGLE 1487 6339
TRIANGLE 6835 6504
RECTANGLE 6753 4952
SQUARE 6251
SQUARE 7851
7
7
7
7
RECTANGLE 2433 134
TRIANGLE 784 4905
TRIANGLE 785 7222
RECTANGLE 747 7231
TRIANGLE 3751 5394
RECTANGLE 2991 4276
RECTANGLE 5943 6271
7
7
RECTANGLE 2433 134
TRIANGLE 784 4905
TRIANGLE 785 7222
RECTANGLE 747 7231
TRIANGLE 3751 5394
RECTANGLE 2991 4276
RECTANGLE 5943 6271
7
7
RECTANGLE 2433 134
TRIANGLE 784 4905
TRIANGLE 785 7222
RECTANGLE 747 7231
TRIANGLE 3751 5394
RECTANGLE 2991 4276
TRIANGLE 6358 7338
7
7
7
7
RECTANGLE 2433 134
TRIANGLE 374 2772
SQUARE 1394
SQUARE 1402
TRIANGLE 4665 852
TRIANGLE 741 7918
TRIANGLE 4032 3666
8
8
8
RECTANGLE 2433 134
TRIANGLE 374 2772
SQUARE 1394
SQUARE 1402
TRIANGLE 4665 852
TRIANGLE 741 7918
TRIANGLE 4032 3666
TRIANGLE 6733 5082
8
RECTANGLE 2433 134
TRIANGLE 374 2772
SQUARE 1394
SQUARE 1402
TRIANGLE 4665 852
TRIANGLE 741 7918
TRIANGLE 4032 3666
TRIANGLE 6733 5082
8
8
RECTANGLE 2433 134
TRIANGLE 374 2772
SQUARE 1394
SQUARE 1402
TRIANGLE 4665 852
TRIANGLE 741 7918
TRIANGLE 2139 3472
RECTANGLE 1024 4429
9
RECTANGLE 2433 134
TRIANGLE 374 2772
SQUARE 1394
SQUARE 1402
TRIANGLE 4665 852
TRIANGLE 741 7918
TRIANGLE 2139 3472
RECTANGLE 1024 4429
RECTANGLE 1473 3385
10
RECTANGLE 2433 134
TRIANGLE 374 2772
SQUARE 1394
SQUARE 1402
TRIANGLE 4665 852
TRIANGLE 741 7918
TRIANGLE 2139 3472
RECTANGLE 1024 4429
RECTANGLE 1473 3385
SQUARE 2677
10
12
RECTANGLE 2433 134
TRIANGLE 374 2772
SQUARE 1394
SQUARE 1402
TRIANGLE 4665 852
TRIANGLE 741 7918
TRIANGLE 2139 3472
RECTANGLE 1024 4429
RECTANGLE 1473 3385
RECTANGLE 2782 2519
RECTANGLE 5147 3534
RECTANGLE 7560 4840
12
12
RECTANGLE 2433 134
TRIANGLE 374 2772
SQUARE 1394
SQUARE 1402
TRIANGLE 4665 852
TRIANGLE 741 7918
TRIANGLE 2139 3472
RECTANGLE 1024 4429
RECTANGLE 1473 3385
RECTANGLE 2782 2519
RECTANGLE 5147 3534
RECTANGLE 7560 4840
12
12
RECTANGLE 2433 134
TRIANGLE 374 2772
SQUARE 1394
SQUARE 1402
TRIANGLE 4665 852
TRIANGLE 741 7918
TRIANGLE 2139 3472
RECTANGLE 1024 4429
RECTANGLE 1473 3385
RECTANGLE 2782 2519
RECTANGLE 2557 3490
SQUARE 4955
12
RECTANGLE 2433 134
TRIANGLE 374 2772
SQUARE 1394
SQUARE 1402
TRIANGLE 4665 852
TRIANGLE 741 7918
TRIANGLE 2139 3472
RECTANGLE 1024 4429
RECTANGLE 1473 3385
RECTANGLE 2782 2519
RECTANGLE 2557 3490
RECTANGLE 6455 1890
12
13
RECTANGLE 2433 134
TRIANGLE 374 2772
SQUARE 1394
SQUARE 1402
TRIANGLE 4665 852
TRIANGLE 741 7918
TRIANGLE 2139 3472
RECTANGLE 1024 4429
RECTANGLE 1473 3385
RECTANGLE 2782 2519
RECTANGLE 2557 3490
RECTANGLE 6455 1890
SQUARE 7021
13
13
RECTANGLE 2433 134
TRIANGLE 374 2772
SQUARE 1394
SQUARE 1402
TRIANGLE 4665 852
TRIANGLE 741 7918
TRIANGLE 2139 3472
RECTANGLE 1024 4429
RECTANGLE 1473 3385
RECTANGLE 2782 2519
RECTANGLE 2557 3490
RECTANGLE 6455 1890
SQUARE 6827
13
13
RECTANGLE 2433 134
TRIANGLE 374 2772
SQUARE 1394
SQUARE 1402
TRIANGLE 4665 852
TRIANGLE 741 7918
TRIANGLE 2139 3472
RECTANGLE 1024 4429
RECTANGLE 1473 3385
RECTANGLE 2782 2519
RECTANGLE 2557 3490
RECTANGLE 6455 1890
RECTANGLE 7142 4292
13
14
14
14
RECTANGLE 2433 134
TRIANGLE 374 2772
SQUARE 1394
SQUARE 1402
TRIANGLE 4665 852
TRIANGLE 741 7918
TRIANGLE 2139 3472
RECTANGLE 1024 4429
RECTANGLE 1473 3385
RECTANGLE 2782 2519
RECTANGLE 2557 3490
RECTANGLE 6455 1890
RECTANGLE 7142 4292
SQUARE 7763
14
14
14
RECTANGLE 2433 134
TRIANGLE 374 2772
SQUARE 1394
SQUARE 1402
TRIANGLE 4665 852
TRIANGLE 741 7918
TRIANGLE 2139 3472
RECTANGLE 1024 4429
RECTANGLE 1473 3385
RECTANGLE 2782 2519
RECTANGLE 2557 3490
RECTANGLE 6455 1890
RECTANGLE 7142 4292
SQUARE 7763
14
RECTANGLE 2433 134
TRIANGLE 374 2772
SQUARE 1394
SQUARE 1402
TRIANGLE 4665 852
TRIANGLE 741 7918
TRIANGLE 2139 3472
RECTANGLE 1024 4429
RECTANGLE 1473 3385
RECTANGLE 2782 2519
RECTANGLE 2557 3490
RECTANGLE 6455 1890
RECTANGLE 7142 4292
SQUARE 7763
14
14
RECTANGLE 2433 134
TRIANGLE 374 2772
SQUARE 1394
SQUARE 1402
TRIANGLE 4665 852
TRIANGLE 741 7918
TRIANGLE 2139 3472
RECTANGLE 1024 4429
RECTANGLE 1473 3385
RECTANGLE 2782 2519
RECTANGLE 2557 3490
RECTANGLE 6455 1890
RECTANGLE 6578 3282
RECTANGLE 5296 6194
14
14
14
RECTANGLE 2433 134
TRIANGLE 374 2772
SQUARE 1394
SQUARE 1402
TRIANGLE 4665 852
TRIANGLE 741 7918
TRIANGLE 2139 3472
RECTANGLE 1024 4429
RECTANGLE 1473 3385
RECTANGLE 2782 2519
RECTANGLE 2557 3490
RECTANGLE 6455 1890
RECTANGLE 6578 3282
RECTANGLE 5296 6194
15
15
RECTANGLE 2433 134
TRIANGLE 374 2772
SQUARE 1394
SQUARE 1402
TRIANGLE 4665 852
TRIANGLE 741 7918
TRIANGLE 2139 3472
RECTANGLE 1024 4429
RECTANGLE 1473 3385
RECTANGLE 2782 2519
RECTANGLE 2557 3490
RECTANGLE 6455 1890
RECTANGLE 6578 3282
RECTANGLE 5296 6194
SQUARE 5969
15
RECTANGLE 2433 134
TRIANGLE 374 2772
SQUARE 1394
SQUARE 1402
TRIANGLE 4665 852
TRIANGLE 741 7918
TRIANGLE 2139 3472
RECTANGLE 1024 4429
RECTANGLE 1473 3385
RECTANGLE 2782 2519
RECTANGLE 2557 3490
RECTANGLE 6455 1890
RECTANGLE 6578 3282
RECTANGLE 5296 6194
SQUARE 5969
15
15
15
RECTANGLE 2433 134
TRIANGLE 374 2772
SQUARE 1394
SQUARE 1402
TRIANGLE 4665 852
TRIANGLE 741 7918
TRIANGLE 2139 3472
RECTANGLE 1024 4429
RECTANGLE 1473 3385
RECTANGLE 2782 2519
RECTANGLE 2557 3490
RECTANGLE 6455 1890
RECTANGLE 6578 3282
RECTANGLE 5296 6194
SQUARE 5969
15
RECTANGLE 2433 134
TRIANGLE 374 2772
SQUARE 1394
SQUARE 1402
TRIANGLE 4665 852
TRIANGLE 741 7918
TRIANGLE 2139 3472
RECTANGLE 1024 4429
RECTANGLE 1473 3385
RECTANGLE 2782 2519
RECTANGLE 2557 3490
RECTANGLE 6455 1890
RECTANGLE 6578 3282
RECTANGLE 5296 6194
SQUARE 5969
15
16
RECTANGLE 2433 134
TRIANGLE 374 2772
SQUARE 1394
SQUARE 1402
TRIANGLE 4665 852
TRIANGLE 741 7918
TRIANGLE 2139 3472
RECTANGLE 1024 4429
RECTANGLE 1473 3385
RECTANGLE 2782 2519
RECTANGLE 2557 3490
RECTANGLE 6455 1890
RECTANGLE 6578 3282
RECTANGLE 5296 6194
SQUARE 5969
SQUARE 6025
16
17
17
RECTANGLE 2433 134
TRIANGLE 374 2772
SQUARE 1394
SQUARE 1402
TRIANGLE 4665 852
TRIANGLE 741 7918
TRIANGLE 2139 3472
RECTANGLE 1024 4429
RECTANGLE 1473 3385
RECTANGLE 2782 2519
RECTANGLE 2557 3490
RECTANGLE 6455 1890
RECTANGLE 6578 3282
RECTANGLE 5296 6194
SQUARE 5969
SQUARE 6025
RECTANGLE 7785 7798
18
18
RECTANGLE 2433 134
TRIANGLE 374 2772
SQUARE 1394
SQUARE 1402
TRIANGLE 4665 852
TRIANGLE 741 7918
TRIANGLE 2139 3472
RECTANGLE 1024 4429
RECTANGLE 1473 3385
RECTANGLE 2782 2519
RECTANGLE 2557 3490
RECTANGLE 6455 1890
RECTANGLE 6578 3282
RECTANGLE 5296 6194
SQUARE 5969
SQUARE 6025
RECTANGLE 7785 7798
SQUARE 7906
18
RECTANGLE 2433 134
TRIANGLE 374 2772
SQUARE 1394
SQUARE 1402
TRIANGLE 4665 852
TRIANGLE 741 7918
TRIANGLE 2139 3472
RECTANGLE 1024 4429
RECTANGLE 1473 3385
RECTANGLE 2782 2519
RECTANGLE 2557 3490
RECTANGLE 6455 1890
RECTANGLE 6578 3282
RECTANGLE 5296 6194
SQUARE 5969
SQUARE 6025
RECTANGLE 7785 7798
SQUARE 7906
18
18
RECTANGLE 2433 134
TRIANGLE 374 2772
SQUARE 1394
SQUARE 1402
TRIANGLE 4665 852
TRIANGLE 741 7918
TRIANGLE 2139 3472
RECTANGLE 1024 4429
RECTANGLE 1473 3385
RECTANGLE 2782 2519
RECTANGLE 2557 3490
RECTANGLE 6455 1890
RECTANGLE 6578 3282
RECTANGLE 5296 6194
SQUARE 5969
SQUARE 6025
RECTANGLE 7785 7798
SQUARE 7906
18
RECTANGLE 2433 134
TRIANGLE 374 2772
SQUARE 1394
SQUARE 1402
TRIANGLE 4665 852
TRIANGLE 741 7918
TRIANGLE 2139 3472
RECTANGLE 1024 4429
RECTANGLE 1473 3385
RECTANGLE 2782 2519
RECTANGLE 2557 3490
RECTANGLE 6455 1890
RECTANGLE 6578 3282
RECTANGLE 5296 6194
SQUARE 5969
SQUARE 6025
RECTANGLE 7785 7798
SQUARE 7906
18
18
RECTANGLE 2433 134
TRIANGLE 374 2772
SQUARE 1394
SQUARE 1402
TRIANGLE 4665 852
TRIANGLE 741 7918
TRIANGLE 2139 3472
RECTANGLE 1024 4429
RECTANGLE 1473 3385
RECTANGLE 2782 2519
RECTANGLE 2557 3490
RECTANGLE 6455 1890
RECTANGLE 6578 3282
RECTANGLE 5296 6194
SQUARE 5969
SQUARE 6025
RECTANGLE 7785 7798
SQUARE 7906
18
RECTANGLE 2433 134
TRIANGLE 374 2772
SQUARE 1394
SQUARE 1402
TRIANGLE 4665 852
TRIANGLE 741 7918
TRIANGLE 2139 3472
RECTANGLE 1024 4429
RECTANGLE 1473 3385
RECTANGLE 2782 2519
RECTANGLE 2557 3490
RECTANGLE 6455 1890
RECTANGLE 6578 3282
RECTANGLE 5296 6194
SQUARE 5969
SQUARE 6025
RECTANGLE 7785 7798
SQUARE 7906
18
RECTANGLE 2433 134
TRIANGLE 374 2772
SQUARE 1394
SQUARE 1402
TRIANGLE 4665 852
TRIANGLE 741 7918
TRIANGLE 2139 3472
RECTANGLE 1024 4429
RECTANGLE 1473 3385
RECTANGLE 2782 2519
RECTANGLE 2557 3490
RECTANGLE 6455 1890
RECTANGLE 6578 3282
RECTANGLE 5296 6194
SQUARE 5969
SQUARE 6025
RECTANGLE 7785 7798
SQUARE 7906
18
18
RECTANGLE 2433 134
TRIANGLE 374 2772
SQUARE 1394
SQUARE 1402
TRIANGLE 4665 852
TRIANGLE 741 7918
TRIANGLE 2139 3472
RECTANGLE 1024 4429
RECTANGLE 1473 3385
RECTANGLE 2782 2519
RECTANGLE 2557 3490
RECTANGLE 6455 1890
RECTANGLE 6578 3282
RECTANGLE 5296 6194
SQUARE 5969
SQUARE 6025
RECTANGLE 7785 7798
SQUARE 7906
18
RECTANGLE 2433 134
TRIANGLE 374 2772
SQUARE 1394
SQUARE 1402
TRIANGLE 4665 852
TRIANGLE 741 7918
TRIANGLE 2139 3472
RECTANGLE 1024 4429
RECTANGLE 1473 3385
RECTANGLE 2782 2519
RECTANGLE 2557 3490
RECTANGLE 6455 1890
RECTANGLE 6578 3282
RECTANGLE 5296 6194
SQUARE 5969
SQUARE 6025
RECTANGLE 7785 7798
SQUARE 7906
18
18
RECTANGLE 2433 134
TRIANGLE 374 2772
SQUARE 1394
SQUARE 1402
TRIANGLE 4665 852
TRIANGLE 741 7918
TRIANGLE 2139 3472
RECTANGLE 1024 4429
RECTANGLE 1473 3385
RECTANGLE 2782 2519
RECTANGLE 2557 3490
RECTANGLE 6455 1890
RECTANGLE 6578 3282
RECTANGLE 5296 6194
SQUARE 5969
SQUARE 6025
RECTANGLE 7785 7798
SQUARE 7906
18
RECTANGLE 2433 134
TRIANGLE 374 2772
SQUARE 1394
SQUARE 1402
TRIANGLE 4665 852
TRIANGLE 741 7918
TRIANGLE 2139 3472
RECTANGLE 1024 4429
RECTANGLE 1473 3385
RECTANGLE 2782 2519
RECTANGLE 969 7304
SQUARE 2693
TRIANGLE 4024 4641
TRIANGLE 6139 3412
SQUARE 4012
TRIANGLE 5745 7122
SQUARE 5591
SQUARE 6539
18
RECTANGLE 2433 134
TRIANGLE 374 2772
SQUARE 1394
SQUARE 1402
TRIANGLE 4665 852
TRIANGLE 741 7918
TRIANGLE 2139 3472
RECTANGLE 1024 4429
RECTANGLE 1473 3385
RECTANGLE 2782 2519
RECTANGLE 969 7304
SQUARE 2693
TRIANGLE 4024 4641
TRIANGLE 6139 3412
SQUARE 4012
TRIANGLE 5745 7122
SQUARE 5591
SQUARE 6539
18
18
RECTANGLE 2433 134
TRIANGLE 374 2772
SQUARE 1394
SQUARE 1402
TRIANGLE 4665 852
TRIANGLE 741 7918
TRIANGLE 2139 3472
RECTANGLE 1024 4429
RECTANGLE 1473 3385
RECTANGLE 2782 2519
RECTANGLE 969 7304
SQUARE 2693
TRIANGLE 4024 4641
TRIANGLE 6139 3412
SQUARE 4012
TRIANGLE 5745 7122
SQUARE 5591
SQUARE 6539
18
18
18
RECTANGLE 2433 134
TRIANGLE 374 2772
SQUARE 1394
SQUARE 1402
TRIANGLE 4665 852
TRIANGLE 741 7918
TRIANGLE 2139 3472
RECTANGLE 1024 4429
RECTANGLE 1473 3385
RECTANGLE 2782 2519
RECTANGLE 969 7304
SQUARE 2693
TRIANGLE 4024 4641
TRIANGLE 6139 3412
SQUARE 4012
TRIANGLE 5745 7122
SQUARE 4650
TRIANGLE 7400 6231
18
RECTANGLE 2433 134
TRIANGLE 374 2772
SQUARE 1394
SQUARE 1402
TRIANGLE 4665 852
TRIANGLE 741 7918
TRIANGLE 2139 3472
RECTANGLE 1024 4429
RECTANGLE 1473 3385
RECTANGLE 2782 2519
RECTANGLE 969 7304
SQUARE 2693
TRIANGLE 4024 4641
TRIANGLE 6139 3412
SQUARE 4012
TRIANGLE 5745 7122
SQUARE 4650
TRIANGLE 7400 6231
18
18
18
RECTANGLE 2433 134
TRIANGLE 374 2772
SQUARE 1394
SQUARE 1402
TRIANGLE 4665 852
TRIANGLE 741 7918
TRIANGLE 2139 3472
RECTANGLE 1024 4429
RECTANGLE 1473 3385
RECTANGLE 2782 2519
RECTANGLE 969 7304
SQUARE 2693
TRIANGLE 4024 4641
TRIANGLE 6139 3412
SQUARE 4012
TRIANGLE 5745 7122
SQUARE 4650
TRIANGLE 7400 6231
18
18
RECTANGLE 2433 134
TRIANGLE 374 2772
SQUARE 1394
SQUARE 1402
TRIANGLE 4665 852
TRIANGLE 741 7918
TRIANGLE 2139 3472
RECTANGLE 1024 4429
RECTANGLE 1473 3385
RECTANGLE 2782 2519
RECTANGLE 969 7304
SQUARE 2693
TRIANGLE 4024 4641
TRIANGLE 6139 3412
SQUARE 4012
TRIANGLE 5745 7122
SQUARE 4650
TRIANGLE 7400 6231
18
18
RECTANGLE 2433 134
TRIANGLE 374 2772
SQUARE 1394
SQUARE 1402
TRIANGLE 4665 852
TRIANGLE 741 7918
TRIANGLE 2139 3472
RECTANGLE 1024 4429
RECTANGLE 1473 3385
RECTANGLE 2782 2519
RECTANGLE 969 7304
SQUARE 2693
TRIANGLE 4024 4641
TRIANGLE 6139 3412
SQUARE 4012
TRIANGLE 5745 7122
SQUARE 4650
TRIANGLE 7400 6231
18
RECTANGLE 2433 134
TRIANGLE 374 2772
SQUARE 1394
SQUARE 1402
TRIANGLE 4665 852
TRIANGLE 741 7918
TRIANGLE 2139 3472
RECTANGLE 1024 4429
RECTANGLE 1473 3385
RECTANGLE 2782 2519
RECTANGLE 969 7304
SQUARE 2693
TRIANGLE 4024 4641
TRIANGLE 6139 3412
SQUARE 4012
TRIANGLE 5745 7122
SQUARE 4650
TRIANGLE 7400 6231
18
18
RECTANGLE 2433 134
TRIANGLE 374 2772
SQUARE 1394
SQUARE 1402
TRIANGLE 4665 852
TRIANGLE 741 7918
TRIANGLE 2139 3472
RECTANGLE 1024 4429
RECTANGLE 1473 3385
RECTANGLE 2782 2519
RECTANGLE 969 7304
SQUARE 2693
TRIANGLE 4024 4641
TRIANGLE 6139 3412
SQUARE 4012
TRIANGLE 5745 7122
SQUARE 4650
TRIANGLE 7400 6231
18
19
RECTANGLE 2433 134
TRIANGLE 374 2772
SQUARE 1394
SQUARE 1402
TRIANGLE 4665 852
TRIANGLE 741 7918
TRIANGLE 2139 3472
RECTANGLE 1024 4429
RECTANGLE 1473 3385
RECTANGLE 2782 2519
RECTANGLE 969 7304
SQUARE 2693
TRIANGLE 4024 4641
TRIANGLE 6139 3412
SQUARE 4012
TRIANGLE 5745 7122
SQUARE 4650
TRIANGLE 7400 6231
RECTANGLE 6494 4952
19
19
RECTANGLE 2433 134
TRIANGLE 374 2772
SQUARE 1394
SQUARE 1402
TRIANGLE 4665 852
TRIANGLE 741 7918
TRIANGLE 2139 3472
RECTANGLE 1024 4429
RECTANGLE 1473 3385
RECTANGLE 2782 2519
RECTANGLE 969 7304
SQUARE 2693
TRIANGLE 4024 4641
TRIANGLE 6139 3412
SQUARE 4012
TRIANGLE 5745 7122
SQUARE 4650
TRIANGLE 7400 6231
RECTANGLE 6494 4952
19
19
RECTANGLE 2433 134
TRIANGLE 374 2772
SQUARE 1394
SQUARE 1402
TRIANGLE 4665 852
TRIANGLE 741 7918
TRIANGLE 2139 3472
RECTANGLE 1024 4429
RECTANGLE 1473 3385
RECTANGLE 2782 2519
RECTANGLE 969 7304
SQUARE 2693
TRIANGLE 4024 4641
TRIANGLE 6139 3412
SQUARE 4012
TRIANGLE 5745 7122
SQUARE 4650
TRIANGLE 7400 6231
RECTANGLE 6494 4952
19
RECTANGLE 2433 134
TRIANGLE 374 2772
SQUARE 1394
SQUARE 1402
TRIANGLE 4665 852
TRIANGLE 741 7918
TRIANGLE 2139 3472
RECTANGLE 1024 4429
RECTANGLE 1473 3385
RECTANGLE 2782 2519
RECTANGLE 969 7304
SQUARE 2693
TRIANGLE 4024 4641
TRIANGLE 6139 3412
SQUARE 4012
TRIANGLE 5745 7122
SQUARE 4650
TRIANGLE 7400 6231
RECTANGLE 6494 4952
19
19
RECTANGLE 2433 134
TRIANGLE 374 2772
SQUARE 1394
SQUARE 1402
TRIANGLE 4665 852
TRIANGLE 741 7918
TRIANGLE 2139 3472
RECTANGLE 1024 4429
RECTANGLE 1473 3385
RECTANGLE 2782 2519
RECTANGLE 969 7304
SQUARE 2693
TRIANGLE 4024 4641
TRIANGLE 6139 3412
SQUARE 4012
TRIANGLE 5745 7122
SQUARE 4650
TRIANGLE 7400 6231
RECTANGLE 6494 4952
20
RECTANGLE 2433 134
TRIANGLE 374 2772
SQUARE 1394
SQUARE 1402
TRIANGLE 4665 852
TRIANGLE 741 7918
TRIANGLE 2139 3472
RECTANGLE 1024 4429
RECTANGLE 1473 3385
RECTANGLE 2782 2519
RECTANGLE 969 7304
SQUARE 2693
TRIANGLE 4024 4641
TRIANGLE 6139 3412
SQUARE 4012
TRIANGLE 5745 7122
SQUARE 4650
TRIANGLE 7400 6231
RECTANGLE 6494 4952
RECTANGLE 5412 6772
20
20
RECTANGLE 2433 134
TRIANGLE 374 2772
SQUARE 1394
SQUARE 1402
TRIANGLE 4665 852
TRIANGLE 741 7918
TRIANGLE 2139 3472
RECTANGLE 1024 4429
RECTANGLE 1473 3385
RECTANGLE 2782 2519
RECTANGLE 969 7304
SQUARE 2693
TRIANGLE 4024 4641
TRIANGLE 6139 3412
SQUARE 4012
TRIANGLE 5745 7122
SQUARE 4650
TRIANGLE 7400 6231
RECTANGLE 6494 4952
RECTANGLE 5412 6772
20
20
RECTANGLE 2433 134
TRIANGLE 374 2772
SQUARE 1394
SQUARE 1402
TRIANGLE 4665 852
TRIANGLE 741 7918
TRIANGLE 2139 3472
RECTANGLE 1024 4429
RECTANGLE 1473 3385
RECTANGLE 2782 2519
RECTANGLE 969 7304
SQUARE 2693
TRIANGLE 4024 4641
TRIANGLE 6139 3412
SQUARE 4012
TRIANGLE 5745 7122
SQUARE 4650
TRIANGLE 7400 6231
RECTANGLE 6494 4952
RECTANGLE 6463 5602
20
20
RECTANGLE 2433 134
TRIANGLE 374 2772
SQUARE 1394
SQUARE 1402
TRIANGLE 4665 852
TRIANGLE 741 7918
TRIANGLE 2139 3472
RECTANGLE 1024 4429
RECTANGLE 1473 3385
RECTANGLE 2782 2519
RECTANGLE 969 7304
SQUARE 2693
TRIANGLE 4024 4641
TRIANGLE 6139 3412
SQUARE 4012
TRIANGLE 5745 7122
SQUARE 4650
TRIANGLE 7400 6231
RECTANGLE 6494 4952
RECTANGLE 6463 5602
20
RECTANGLE 2433 134
TRIANGLE 374 2772
SQUARE 1394
SQUARE 1402
TRIANGLE 4665 852
TRIANGLE 741 7918
TRIANGLE 2139 3472
RECTANGLE 1024 4429
RECTANGLE 1473 3385
RECTANGLE 2782 2519
RECTANGLE 969 7304
SQUARE 2693
TRIANGLE 4024 4641
TRIANGLE 6139 3412
SQUARE 4012
TRIANGLE 5745 7122
SQUARE 4650
TRIANGLE 7400 6231
RECTANGLE 6494 4952
RECTANGLE 6463 5602
20
20
RECTANGLE 2433 134
TRIANGLE 374 2772
SQUARE 1394
SQUARE 1402
TRIANGLE 4665 852
TRIANGLE 741 7918
TRIANGLE 2139 3472
RECTANGLE 1024 4429
RECTANGLE 1473 3385
RECTANGLE 2782 2519
RECTANGLE 969 7304
SQUARE 2693
TRIANGLE 4024 4641
TRIANGLE 6139 3412
SQUARE 4012
TRIANGLE 5745 7122
SQUARE 4650
TRIANGLE 7400 6231
RECTANGLE 6494 4952
RECTANGLE 6463 5602
21
21
RECTANGLE 2433 134
TRIANGLE 374 2772
SQUARE 1394
SQUARE 1402
TRIANGLE 4665 852
TRIANGLE 741 7918
TRIANGLE 2139 3472
RECTANGLE 1024 4429
RECTANGLE 1473 3385
RECTANGLE 2782 2519
RECTANGLE 969 7304
SQUARE 2693
TRIANGLE 4024 4641
TRIANGLE 6139 3412
SQUARE 4012
TRIANGLE 5745 7122
SQUARE 4650
TRIANGLE 7400 6231
RECTANGLE 6494 4952
RECTANGLE 6463 5602
RECTANGLE 7486 7324
21
RECTANGLE 2433 134
TRIANGLE 374 2772
SQUARE 1394
SQUARE 1402
TRIANGLE 4665 852
TRIANGLE 741 7918
TRIANGLE 2139 3472
RECTANGLE 1024 4429
RECTANGLE 1473 3385
RECTANGLE 2782 2519
RECTANGLE 969 7304
SQUARE 2693
TRIANGLE 4024 4641
TRIANGLE 6139 3412
SQUARE 4012
TRIANGLE 5745 7122
SQUARE 4650
TRIANGLE 7400 6231
RECTANGLE 6494 4952
RECTANGLE 6463 5602
RECTANGLE 7486 7324
21
21
RECTANGLE 2433 134
TRIANGLE 374 2772
SQUARE 1394
SQUARE 1402
TRIANGLE 4665 852
TRIANGLE 741 7918
TRIANGLE 2139 3472
RECTANGLE 1024 4429
RECTANGLE 1473 3385
RECTANGLE 2782 2519
RECTANGLE 969 7304
SQUARE 2693
TRIANGLE 4024 4641
TRIANGLE 6139 3412
SQUARE 4012
TRIANGLE 5745 7122
SQUARE 4650
TRIANGLE 7400 6231
RECTANGLE 6494 4952
RECTANGLE 6463 5602
RECTANGLE 7486 7324
22
RECTANGLE 2433 134
TRIANGLE 374 2772
SQUARE 1394
SQUARE 1402
TRIANGLE 4665 852
TRIANGLE 741 7918
TRIANGLE 2139 3472
RECTANGLE 1024 4429
RECTANGLE 1473 3385
RECTANGLE 2782 2519
RECTANGLE 969 7304
SQUARE 2693
RECTANGLE 1517 5756
SQUARE 3036
TRIANGLE 4749 5432
TRIANGLE 4176 6305
RECTANGLE 5749 2306
TRIANGLE 7490 3690
TRIANGLE 4982 6558
SQUARE 5164
SQUARE 6222
SQUARE 7790
22
22
RECTANGLE 2433 134
TRIANGLE 374 2772
SQUARE 1394
SQUARE 1402
TRIANGLE 4665 852
TRIANGLE 741 7918
TRIANGLE 2139 3472
RECTANGLE 1024 4429
RECTANGLE 1473 3385
RECTANGLE 2782 2519
RECTANGLE 969 7304
SQUARE 2693
RECTANGLE 1517 5756
SQUARE 3036
TRIANGLE 4749 5432
TRIANGLE 4176 6305
RECTANGLE 5749 2306
TRIANGLE 7490 3690
TRIANGLE 4982 6558
SQUARE 5164
SQUARE 6222
SQUARE 7790
22
22
RECTANGLE 2433 134
TRIANGLE 374 2772
SQUARE 1394
SQUARE 1402
TRIANGLE 4665 852
TRIANGLE 741 7918
TRIANGLE 2139 3472
RECTANGLE 1024 4429
RECTANGLE 1473 3385
RECTANGLE 2782 2519
RECTANGLE 969 7304
SQUARE 2693
RECTANGLE 1517 5756
SQUARE 3036
TRIANGLE 4749 5432
TRIANGLE 4176 6305
RECTANGLE 5749 2306
TRIANGLE 7490 3690
TRIANGLE 4982 6558
SQUARE 5164
SQUARE 5791
SQUARE 5970
22
22
RECTANGLE 2433 134
TRIANGLE 374 2772
SQUARE 1394
SQUARE 1402
TRIANGLE 4665 852
TRIANGLE 741 7918
TRIANGLE 2139 3472
RECTANGLE 1024 4429
RECTANGLE 1473 3385
RECTANGLE 2782 2519
RECTANGLE 969 7304
SQUARE 2693
RECTANGLE 1517 5756
SQUARE 3036
TRIANGLE 4749 5432
TRIANGLE 4176 6305
RECTANGLE 5749 2306
TRIANGLE 7490 3690
TRIANGLE 4982 6558
SQUARE 5164
SQUARE 5791
SQUARE 5970
22
23
RECTANGLE 2433 134
TRIANGLE 374 2772
SQUARE 1394
SQUARE 1402
TRIANGLE 4665 852
TRIANGLE 741 7918
TRIANGLE 2139 3472
RECTANGLE 1024 4429
RECTANGLE 1473 3385
RECTANGLE 2782 2519
RECTANGLE 969 7304
SQUARE 2693
RECTANGLE 1517 5756
SQUARE 3036
TRIANGLE 4749 5432
TRIANGLE 4176 6305
RECTANGLE 5749 2306
TRIANGLE 7490 3690
TRIANGLE 4982 6558
SQUARE 5164
SQUARE 5791
SQUARE 5970
SQUARE 6221
23
23
23
RECTANGLE 2433 134
TRIANGLE 374 2772
SQUARE 1394
SQUARE 1402
TRIANGLE 4665 852
TRIANGLE 741 7918
TRIANGLE 2139 3472
RECTANGLE 1024 4429
RECTANGLE 1473 3385
RECTANGLE 2782 2519
RECTANGLE 969 7304
SQUARE 2693
RECTANGLE 1517 5756
SQUARE 3036
TRIANGLE 4749 5432
TRIANGLE 4176 6305
RECTANGLE 5749 2306
TRIANGLE 7490 3690
TRIANGLE 4982 6558
SQUARE 5164
SQUARE 5791
SQUARE 5970
SQUARE 6221
23
RECTANGLE 2433 134
TRIANGLE 374 2772
SQUARE 1394
SQUARE 1402
TRIANGLE 4665 852
TRIANGLE 741 7918
TRIANGLE 2139 3472
RECTANGLE 1024 4429
RECTANGLE 1473 3385
RECTANGLE 2782 2519
RECTANGLE 969 7304
SQUARE 2693
RECTANGLE 1517 5756
SQUARE 3036
TRIANGLE 4749 5432
TRIANGLE 4176 6305
RECTANGLE 5749 2306
TRIANGLE 7490 3690
TRIANGLE 4982 6558
SQUARE 5164
SQUARE 5791
SQUARE 5970
SQUARE 6221
23
24
24
RECTANGLE 2433 134
TRIANGLE 374 2772
SQUARE 1394
SQUARE 1402
TRIANGLE 4665 852
TRIANGLE 741 7918
TRIANGLE 2139 3472
RECTANGLE 1024 4429
RECTANGLE 1473 3385
RECTANGLE 2782 2519
RECTANGLE 969 7304
SQUARE 2693
RECTANGLE 1517 5756
SQUARE 3036
TRIANGLE 4749 5432
TRIANGLE 4176 6305
RECTANGLE 5749 2306
TRIANGLE 7490 3690
TRIANGLE 4982 6558
SQUARE 5164
SQUARE 5791
SQUARE 5970
SQUARE 6221
SQUARE 6360
24
24
RECTANGLE 2433 134
TRIANGLE 374 2772
SQUARE 1394
SQUARE 1402
TRIANGLE 4665 852
TRIANGLE 741 7918
TRIANGLE 2139 3472
RECTANGLE 1024 4429
RECTANGLE 1473 3385
RECTANGLE 2782 2519
RECTANGLE 969 7304
SQUARE 2693
RECTANGLE 1517 5756
SQUARE 3036
TRIANGLE 4749 5432
TRIANGLE 4176 6305
RECTANGLE 5749 2306
TRIANGLE 7490 3690
TRIANGLE 4982 6558
SQUARE 5164
SQUARE 5791
SQUARE 5970
SQUARE 6221
SQUARE 6360
24
RECTANGLE 2433 134
TRIANGLE 374 2772
SQUARE 1394
SQUARE 1402
TRIANGLE 4665 852
TRIANGLE 741 7918
TRIANGLE 2139 3472
RECTANGLE 1024 4429
RECTANGLE 1473 3385
RECTANGLE 2782 2519
RECTANGLE 969 7304
SQUARE 2693
RECTANGLE 1517 5756
SQUARE 3036
TRIANGLE 4749 5432
TRIANGLE 4176 6305
RECTANGLE 5749 2306
TRIANGLE 7490 3690
TRIANGLE 4982 6558
SQUARE 5164
SQUARE 5791
SQUARE 5970
SQUARE 6221
SQUARE 6360
24
24
24
24
RECTANGLE 2433 134
TRIANGLE 374 2772
SQUARE 1394
SQUARE 1402
TRIANGLE 4665 852
TRIANGLE 741 7918
TRIANGLE 2139 3472
RECTANGLE 1024 4429
RECTANGLE 1473 3385
RECTANGLE 2782 2519
RECTANGLE 969 7304
SQUARE 2693
RECTANGLE 1517 5756
SQUARE 3036
TRIANGLE 4749 5432
TRIANGLE 4176 6305
RECTANGLE 5749 2306
TRIANGLE 7490 3690
TRIANGLE 4982 6558
SQUARE 5164
SQUARE 5791
SQUARE 5970
SQUARE 6221
SQUARE 6360
24
24
RECTANGLE 2433 134
TRIANGLE 374 2772
SQUARE 1394
SQUARE 1402
TRIANGLE 4665 852
TRIANGLE 741 7918
TRIANGLE 2139 3472
RECTANGLE 1024 4429
RECTANGLE 1473 3385
RECTANGLE 2782 2519
RECTANGLE 969 7304
SQUARE 2693
RECTANGLE 1517 5756
SQUARE 3036
TRIANGLE 4749 5432
TRIANGLE 4176 6305
RECTANGLE 5749 2306
TRIANGLE 7490 3690
TRIANGLE 4982 6558
SQUARE 5164
SQUARE 5791
SQUARE 5970
SQUARE 6221
SQUARE 6360
24
24
24
RECTANGLE 2433 134
TRIANGLE 374 2772
SQUARE 1394
SQUARE 1402
TRIANGLE 4665 852
TRIANGLE 741 7918
TRIANGLE 2139 3472
RECTANGLE 1024 4429
RECTANGLE 1473 3385
RECTANGLE 2782 2519
RECTANGLE 969 7304
SQUARE 2693
RECTANGLE 1517 5756
SQUARE 3036
TRIANGLE 4749 5432
TRIANGLE 4176 6305
RECTANGLE 5749 2306
TRIANGLE 7490 3690
TRIANGLE 4982 6558
SQUARE 5164
SQUARE 5791
SQUARE 5970
SQUARE 6221
SQUARE 6360
24
24
RECTANGLE 2433 134
TRIANGLE 374 2772
SQUARE 1394
SQUARE 1402
TRIANGLE 4665 852
TRIANGLE 741 7918
TRIANGLE 2139 3472
RECTANGLE 1024 4429
RECTANGLE 1473 3385
RECTANGLE 2782 2519
RECTANGLE 969 7304
SQUARE 2693
RECTANGLE 1517 5756
SQUARE 3036
TRIANGLE 4749 5432
TRIANGLE 4176 6305
RECTANGLE 5749 2306
TRIANGLE 7490 3690
TRIANGLE 4982 6558
SQUARE 5164
SQUARE 5791
SQUARE 5970
SQUARE 6221
SQUARE 6360
24
RECTANGLE 2433 134
TRIANGLE 374 2772
SQUARE 1394
SQUARE 1402
TRIANGLE 4665 852
TRIANGLE 741 7918
TRIANGLE 2139 3472
RECTANGLE 1024 4429
RECTANGLE 1473 3385
RECTANGLE 2782 2519
RECTANGLE 969 7304
SQUARE 2693
RECTANGLE 1517 5756
SQUARE 3036
TRIANGLE 4749 5432
TRIANGLE 4176 6305
RECTANGLE 5749 2306
TRIANGLE 7490 3690
TRIANGLE 4982 6558
SQUARE 5164
SQUARE 5791
SQUARE 5970
SQUARE 6221
SQUARE 6360
24
24
RECTANGLE 2433 134
TRIANGLE 374 2772
SQUARE 1394
SQUARE 1402
TRIANGLE 4665 852
TRIANGLE 741 7918
TRIANGLE 2139 3472
RECTANGLE 1024 4429
RECTANGLE 1473 3385
RECTANGLE 2782 2519
RECTANGLE 969 7304
SQUARE 2693
RECTANGLE 1517 5756
SQUARE 3036
TRIANGLE 4749 5432
TRIANGLE 4176 6305
RECTANGLE 5749 2306
TRIANGLE 7490 3690
TRIANGLE 4982 6558
SQUARE 5164
SQUARE 5791
SQUARE 5970
SQUARE 6221
SQUARE 6360
24
24
RECTANGLE 2433 134
TRIANGLE 374 2772
SQUARE 1394
SQUARE 1402
TRIANGLE 4665 852
TRIANGLE 741 7918
TRIANGLE 2139 3472
RECTANGLE 1024 4429
RECTANGLE 1473 3385
RECTANGLE 2782 2519
RECTANGLE 969 7304
SQUARE 2693
RECTANGLE 1517 5756
SQUARE 3036
TRIANGLE 4749 5432
TRIANGLE 4176 6305
RECTANGLE 5749 2306
TRIANGLE 7490 3690
TRIANGLE 4982 6558
SQUARE 5164
SQUARE 5791
SQUARE 5970
SQUARE 6221
SQUARE 6360
24
24
RECTANGLE 2433 134
TRIANGLE 374 2772
SQUARE 1394
SQUARE 1402
TRIANGLE 4665 852
TRIANGLE 741 7918
TRIANGLE 2139 3472
RECTANGLE 1024 4429
RECTANGLE 1473 3385
RECTANGLE 2782 2519
RECTANGLE 969 7304
SQUARE 2693
RECTANGLE 1517 5756
SQUARE 3036
TRIANGLE 4749 5432
TRIANGLE 4176 6305
RECTANGLE 5749 2306
TRIANGLE 7490 3690
TRIANGLE 4982 6558
SQUARE 5164
SQUARE 5791
SQUARE 5970
SQUARE 6221
SQUARE 6360
24
RECTANGLE 2433 134
TRIANGLE 374 2772
SQUARE 1394
SQUARE 1402
TRIANGLE 4665 852
TRIANGLE 741 7918
TRIANGLE 2139 3472
RECTANGLE 1024 4429
RECTANGLE 1473 3385
RECTANGLE 2782 2519
RECTANGLE 969 7304
SQUARE 2693
RECTANGLE 1517 5756
SQUARE 3036
TRIANGLE 4749 5432
TRIANGLE 4176 6305
RECTANGLE 5749 2306
TRIANGLE 7490 3690
TRIANGLE 5754 4955
RECTANGLE 3005 4967
TRIANGLE 4347 7140
RECTANGLE 5755 2789
TRIANGLE 4923 6642
RECTANGLE 3941 4270
24
24
25
25
RECTANGLE 2433 134
TRIANGLE 374 2772
SQUARE 1394
SQUARE 1402
TRIANGLE 4665 852
TRIANGLE 741 7918
TRIANGLE 2139 3472
RECTANGLE 1024 4429
RECTANGLE 1473 3385
RECTANGLE 2782 2519
RECTANGLE 969 7304
SQUARE 2693
RECTANGLE 1517 5756
SQUARE 3036
TRIANGLE 4749 5432
TRIANGLE 4176 6305
RECTANGLE 5749 2306
TRIANGLE 7490 3690
TRIANGLE 5754 4955
RECTANGLE 3005 4967
TRIANGLE 4347 7140
RECTANGLE 5755 2789
TRIANGLE 4923 6642
RECTANGLE 3941 4270
TRIANGLE 6578 6014
25
RECTANGLE 2433 134
TRIANGLE 374 2772
SQUARE 1394
SQUARE 1402
TRIANGLE 4665 852
TRIANGLE 741 7918
TRIANGLE 2139 3472
RECTANGLE 1024 4429
RECTANGLE 1473 3385
RECTANGLE 2782 2519
RECTANGLE 969 7304
SQUARE 2693
RECTANGLE 1517 5756
SQUARE 3036
TRIANGLE 4749 5432
TRIANGLE 4176 6305
RECTANGLE 5749 2306
TRIANGLE 7490 3690
TRIANGLE 5754 4955
RECTANGLE 3005 4967
TRIANGLE 4347 7140
RECTANGLE 5755 2789
TRIANGLE 4923 6642
RECTANGLE 3941 4270
TRIANGLE 6578 6014
26
26
RECTANGLE 2433 134
TRIANGLE 374 2772
SQUARE 1394
SQUARE 1402
TRIANGLE 4665 852
TRIANGLE 741 7918
TRIANGLE 2139 3472
RECTANGLE 1024 4429
RECTANGLE 1473 3385
RECTANGLE 2782 2519
RECTANGLE 969 7304
SQUARE 2693
RECTANGLE 1517 5756
SQUARE 3036
TRIANGLE 4749 5432
TRIANGLE 4176 6305
RECTANGLE 5749 2306
TRIANGLE 7490 3690
TRIANGLE 5754 4955
RECTANGLE 3005 4967
TRIANGLE 4347 7140
RECTANGLE 5755 2789
TRIANGLE 4923 6642
RECTANGLE 3941 4270
TRIANGLE 6578 6014
SQUARE 4728
26
27
28
28
RECTANGLE 2433 134
TRIANGLE 374 2772
SQUARE 1394
SQUARE 1402
TRIANGLE 4665 852
TRIANGLE 741 7918
TRIANGLE 2139 3472
RECTANGLE 1024 4429
RECTANGLE 1473 3385
RECTANGLE 2782 2519
RECTANGLE 969 7304
SQUARE 2693
RECTANGLE 1517 5756
SQUARE 3036
TRIANGLE 4749 5432
TRIANGLE 4176 6305
RECTANGLE 5749 2306
TRIANGLE 7490 3690
TRIANGLE 5754 4955
RECTANGLE 3005 4967
TRIANGLE 4347 7140
RECTANGLE 5755 2789
TRIANGLE 4923 6642
RECTANGLE 3941 4270
TRIANGLE 6578 6014
SQUARE 4728
RECTANGLE 6294 3765
SQUARE 7725
28
28
28
28
28
RECTANGLE 2433 134
TRIANGLE 374 2772
SQUARE 1394
SQUARE 1402
TRIANGLE 4665 852
TRIANGLE 741 7918
TRIANGLE 2139 3472
RECTANGLE 1024 4429
RECTANGLE 1473 3385
RECTANGLE 2782 2519
RECTANGLE 969 7304
SQUARE 2693
RECTANGLE 1517 5756
SQUARE 3036
TRIANGLE 4749 5432
TRIANGLE 4176 6305
RECTANGLE 5749 2306
TRIANGLE 7490 3690
TRIANGLE 5754 4955
RECTANGLE 3005 4967
TRIANGLE 4347 7140
RECTANGLE 5755 2789
TRIANGLE 4923 6642
RECTANGLE 3941 4270
TRIANGLE 6578 6014
SQUARE 4728
RECTANGLE 6294 3765
SQUARE 7725
28
28
28
RECTANGLE 2433 134
TRIANGLE 374 2772
SQUARE 1394
SQUARE 1402
TRIANGLE 4665 852
TRIANGLE 741 7918
TRIANGLE 2139 3472
RECTANGLE 1024 4429
RECTANGLE 1473 3385
RECTANGLE 2782 2519
RECTANGLE 969 7304
SQUARE 2693
RECTANGLE 1517 5756
SQUARE 3036
TRIANGLE 4749 5432
TRIANGLE 4176 6305
RECTANGLE 5749 2306
TRIANGLE 7490 3690
TRIANGLE 5754 4955
RECTANGLE 3005 4967
TRIANGLE 4347 7140
RECTANGLE 5755 2789
TRIANGLE 4923 6642
RECTANGLE 3941 4270
SQUARE 4117
RECTANGLE 5632 3471
RECTANGLE 7458 3126
RECTANGLE 4939 5567
28
