1
1
1
RECTANGLE 892 762
2
2
RECTANGLE 892 762
RECTANGLE 7028 4233
2
2
2
RECTANGLE 892 762
RECTANGLE 2203 2777
3
RECTANGLE 892 762
RECTANGLE 2203 2777
RECTANGLE 7616 3612
3
RECTANGLE 892 762
RECTANGLE 2203 2777
TRIANGLE 2625 5904
5
5
RECTANGLE 892 762
RECTANGLE 2203 2777
TRIANGLE 2625 5904
SQUARE 4979
SQUARE 5944
6
RECTANGLE 892 762
RECTANGLE 2203 2777
TRIANGLE 2625 5904
SQUARE 4979
SQUARE 5944
SQUARE 7727
6
6
RECTANGLE 892 762
RECTANGLE 2203 2777
TRIANGLE 2625 5904
SQUARE 4979
SQUARE 5944
SQUARE 7727
6
RECTANGLE 892 762
RECTANGLE 2203 2777
TRIANGLE 2625 5904
SQUARE 4979
SQUARE 5944
SQUARE 7727
6
6
RECTANGLE 892 762
SQUARE 1664
TRIANGLE 981 6230
TRIANGLE 2069 4942
RECTANGLE 4559 2485
SQUARE 5853
6
6
RECTANGLE 892 762
SQUARE 1664
TRIANGLE 981 6230
TRIANGLE 2069 4942
RECTANGLE 4559 2485
SQUARE 5853
6
RECTANGLE 892 762
SQUARE 1664
TRIANGLE 981 6230
TRIANGLE 2069 4942
RECTANGLE 4559 2485
SQUARE 5853
6
RECTANGLE 892 762
SQUARE 1664
TRIANGLE 981 6230
TRIANGLE 2069 4942
TRIANGLE 6638 2383
TRIANGLE 4452 7072
6
7
RECTANGLE 892 762
SQUARE 1664
TRIANGLE 981 6230
TRIANGLE 2069 4942
TRIANGLE 6638 2383
TRIANGLE 4452 7072
SQUARE 4220
7
7
RECTANGLE 892 762
SQUARE 1664
TRIANGLE 981 6230
TRIANGLE 2069 4942
TRIANGLE 6638 2383
TRIANGLE 4452 7072
SQUARE 4220
8
RECTANGLE 892 762
SQUARE 1664
TRIANGLE 981 6230
TRIANGLE 2069 4942
TRIANGLE 6638 2383
TRIANGLE 4452 7072
SQUARE 4220
SQUARE 4502
8
8
RECTANGLE 892 762
SQUARE 1664
TRIANGLE 981 6230
TRIANGLE 2069 4942
TRIANGLE 6638 2383
TRIANGLE 4452 7072
SQUARE 4220
SQUARE 4502
8
9
9
RECTANGLE 892 762
SQUARE 1664
TRIANGLE 981 6230
TRIANGLE 2069 4942
TRIANGLE 6638 2383
TRIANGLE 4452 7072
SQUARE 4220
SQUARE 4502
SQUARE 6501
9
9
9
RECTANGLE 892 762
SQUARE 1664
TRIANGLE 981 6230
TRIANGLE 2069 4942
TRIANGLE 6638 2383
TRIANGLE 4452 7072
SQUARE 4220
SQUARE 4502
SQUARE 6501
9
RECTANGLE 892 762
SQUARE 1664
TRIANGLE 981 6230
TRIANGLE 2069 4942
TRIANGLE 6638 2383
TRIANGLE 4452 7072
SQUARE 4220
SQUARE 4502
SQUARE 6501
9
9
RECTANGLE 892 762
SQUARE 1664
TRIANGLE 981 6230
TRIANGLE 2069 4942
TRIANGLE 6638 2383
TRIANGLE 4452 7072
SQUARE 4220
SQUARE 4502
SQUARE 6501
9
10
RECTANGLE 892 762
SQUARE 1664
TRIANGLE 981 6230
RECTANGLE 611 5751
TRIANGLE 1536 5650
RECTANGLE 6805 708
TRIANGLE 5741 2766
TRIANGLE 2953 5812
RECTANGLE 3996 2395
SQUARE 4080
10
RECTANGLE 892 762
SQUARE 1664
TRIANGLE 981 6230
RECTANGLE 611 5751
TRIANGLE 1536 5650
RECTANGLE 6805 708
TRIANGLE 5741 2766
TRIANGLE 2953 5812
RECTANGLE 3996 2395
SQUARE 4080
10
10
10
RECTANGLE 892 762
SQUARE 1664
TRIANGLE 981 6230
RECTANGLE 611 5751
TRIANGLE 1536 5650
RECTANGLE 6805 708
TRIANGLE 5741 2766
TRIANGLE 2953 5812
RECTANGLE 3996 2395
TRIANGLE 5780 5720
10
RECTANGLE 892 762
SQUARE 1664
TRIANGLE 981 6230
RECTANGLE 611 5751
TRIANGLE 1536 5650
RECTANGLE 6805 708
TRIANGLE 5741 2766
TRIANGLE 2953 5812
RECTANGLE 3996 2395
TRIANGLE 5780 5720
10
RECTANGLE 892 762
SQUARE 1664
TRIANGLE 981 6230
RECTANGLE 611 5751
TRIANGLE 1536 5650
RECTANGLE 6805 708
TRIANGLE 5741 2766
TRIANGLE 2953 5812
RECTANGLE 3996 2395
TRIANGLE 5780 5720
11
11
RECTANGLE 892 762
SQUARE 1664
TRIANGLE 981 6230
RECTANGLE 611 5751
TRIANGLE 1536 5650
RECTANGLE 6805 708
TRIANGLE 5741 2766
TRIANGLE 2953 5812
RECTANGLE 3996 2395
TRIANGLE 5780 5720
SQUARE 7902
11
11
RECTANGLE 892 762
SQUARE 1664
TRIANGLE 981 6230
RECTANGLE 611 5751
TRIANGLE 1536 5650
RECTANGLE 6805 708
TRIANGLE 5741 2766
TRIANGLE 2953 5812
RECTANGLE 3996 2395
TRIANGLE 5780 5720
SQUARE 7902
11
11
11
RECTANGLE 892 762
SQUARE 1664
TRIANGLE 981 6230
RECTANGLE 611 5751
TRIANGLE 1536 5650
RECTANGLE 6805 708
TRIANGLE 5741 2766
TRIANGLE 2953 5812
RECTANGLE 3996 2395
TRIANGLE 5780 5720
SQUARE 7902
11
11
11
RECTANGLE 892 762
SQUARE 1664
TRIANGLE 981 6230
RECTANGLE 611 5751
TRIANGLE 1536 5650
RECTANGLE 6805 708
TRIANGLE 5741 2766
TRIANGLE 2953 5812
RECTANGLE 3996 2395
TRIANGLE 5780 5720
SQUARE 4878
11
12
13
13
RECTANGLE 892 762
SQUARE 1664
TRIANGLE 981 6230
RECTANGLE 611 5751
TRIANGLE 1536 5650
RECTANGLE 6805 708
TRIANGLE 5741 2766
TRIANGLE 2953 5812
RECTANGLE 3996 2395
TRIANGLE 5780 5720
SQUARE 4878
RECTANGLE 4314 5741
SQUARE 5710
13
RECTANGLE 892 762
SQUARE 1664
TRIANGLE 981 6230
RECTANGLE 611 5751
TRIANGLE 1536 5650
RECTANGLE 6805 708
TRIANGLE 5741 2766
TRIANGLE 2953 5812
RECTANGLE 3996 2395
TRIANGLE 5780 5720
SQUARE 4878
RECTANGLE 4314 5741
SQUARE 5710
13
13
13
RECTANGLE 892 762
SQUARE 1664
TRIANGLE 981 6230
RECTANGLE 611 5751
TRIANGLE 1536 5650
RECTANGLE 6805 708
TRIANGLE 5741 2766
TRIANGLE 2953 5812
RECTANGLE 3996 2395
TRIANGLE 5780 5720
SQUARE 4878
RECTANGLE 4314 5741
SQUARE 5710
14
RECTANGLE 892 762
SQUARE 1664
TRIANGLE 981 6230
RECTANGLE 611 5751
TRIANGLE 1536 5650
RECTANGLE 6805 708
TRIANGLE 5741 2766
TRIANGLE 2953 5812
RECTANGLE 3996 2395
TRIANGLE 5780 5720
SQUARE 4878
RECTANGLE 4314 5741
SQUARE 5710
RECTANGLE 5892 6438
14
14
RECTANGLE 892 762
SQUARE 1664
TRIANGLE 981 6230
RECTANGLE 611 5751
TRIANGLE 1536 5650
RECTANGLE 6805 708
TRIANGLE 5741 2766
TRIANGLE 2953 5812
RECTANGLE 3996 2395
TRIANGLE 5780 5720
SQUARE 4878
RECTANGLE 4314 5741
SQUARE 5710
RECTANGLE 5892 6438
14
RECTANGLE 892 762
SQUARE 1664
TRIANGLE 981 6230
RECTANGLE 611 5751
TRIANGLE 1536 5650
RECTANGLE 6805 708
TRIANGLE 5741 2766
TRIANGLE 2953 5812
RECTANGLE 3996 2395
TRIANGLE 5780 5720
SQUARE 4878
RECTANGLE 4314 5741
SQUARE 5710
RECTANGLE 5892 6438
14
14
14
RECTANGLE 892 762
SQUARE 1664
TRIANGLE 981 6230
RECTANGLE 611 5751
TRIANGLE 1536 5650
RECTANGLE 6805 708
TRIANGLE 5741 2766
TRIANGLE 2953 5812
RECTANGLE 3996 2395
TRIANGLE 5780 5720
SQUARE 4878
RECTANGLE 4314 5741
SQUARE 5710
RECTANGLE 5892 6438
14
14
RECTANGLE 892 762
SQUARE 1664
TRIANGLE 981 6230
RECTANGLE 611 5751
TRIANGLE 1536 5650
RECTANGLE 6805 708
TRIANGLE 5741 2766
TRIANGLE 2953 5812
RECTANGLE 3996 2395
TRIANGLE 5780 5720
SQUARE 4878
RECTANGLE 4314 5741
SQUARE 5710
RECTANGLE 5892 6438
14
RECTANGLE 892 762
SQUARE 1664
TRIANGLE 981 6230
RECTANGLE 611 5751
TRIANGLE 1536 5650
RECTANGLE 6805 708
TRIANGLE 5741 2766
TRIANGLE 2953 5812
RECTANGLE 3996 2395
TRIANGLE 5780 5720
SQUARE 4878
RECTANGLE 4314 5741
SQUARE 5710
RECTANGLE 5892 6438
14
14
14
RECTANGLE 892 762
SQUARE 1664
TRIANGLE 981 6230
RECTANGLE 611 5751
TRIANGLE 1536 5650
RECTANGLE 6805 708
TRIANGLE 5741 2766
TRIANGLE 2953 5812
RECTANGLE 3996 2395
TRIANGLE 5780 5720
SQUARE 4878
RECTANGLE 4314 5741
SQUARE 5710
RECTANGLE 5892 6438
14
RECTANGLE 892 762
SQUARE 1664
TRIANGLE 981 6230
RECTANGLE 611 5751
TRIANGLE 1536 5650
RECTANGLE 6805 708
TRIANGLE 7115 1792
RECTANGLE 1544 4959
SQUARE 2787
SQUARE 2981
RECTANGLE 2864 3296
SQUARE 3765
RECTANGLE 3359 5188
RECTANGLE 7776 3323
14
14
15
15
RECTANGLE 892 762
SQUARE 1664
TRIANGLE 981 6230
RECTANGLE 611 5751
TRIANGLE 1536 5650
RECTANGLE 6805 708
TRIANGLE 7115 1792
RECTANGLE 1544 4959
SQUARE 2787
SQUARE 2981
RECTANGLE 2864 3296
SQUARE 3765
RECTANGLE 3359 5188
RECTANGLE 7776 3323
SQUARE 6123
15
15
15
RECTANGLE 892 762
SQUARE 1664
TRIANGLE 981 6230
RECTANGLE 611 5751
TRIANGLE 1536 5650
RECTANGLE 6805 708
TRIANGLE 7115 1792
RECTANGLE 1544 4959
SQUARE 2787
SQUARE 2981
RECTANGLE 2864 3296
SQUARE 3765
RECTANGLE 3359 5188
RECTANGLE 3728 5696
SQUARE 5612
15
15
RECTANGLE 892 762
SQUARE 1664
TRIANGLE 981 6230
RECTANGLE 611 5751
TRIANGLE 1536 5650
RECTANGLE 6805 708
TRIANGLE 7115 1792
RECTANGLE 1544 4959
SQUARE 2787
SQUARE 2981
RECTANGLE 2864 3296
SQUARE 3765
RECTANGLE 3359 5188
RECTANGLE 3728 5696
SQUARE 5612
15
16
RECTANGLE 892 762
SQUARE 1664
TRIANGLE 981 6230
RECTANGLE 611 5751
TRIANGLE 1536 5650
RECTANGLE 6805 708
TRIANGLE 7115 1792
RECTANGLE 1544 4959
SQUARE 2787
SQUARE 2981
RECTANGLE 2864 3296
SQUARE 3765
RECTANGLE 3359 5188
RECTANGLE 3728 5696
SQUARE 5612
RECTANGLE 7253 5540
16
16
16
RECTANGLE 892 762
SQUARE 1664
TRIANGLE 981 6230
RECTANGLE 611 5751
TRIANGLE 1536 5650
RECTANGLE 6805 708
TRIANGLE 7115 1792
RECTANGLE 1544 4959
SQUARE 2787
SQUARE 2981
RECTANGLE 2864 3296
SQUARE 3765
RECTANGLE 3359 5188
RECTANGLE 3728 5696
SQUARE 5612
RECTANGLE 7253 5540
17
RECTANGLE 892 762
SQUARE 1664
TRIANGLE 981 6230
RECTANGLE 611 5751
TRIANGLE 1536 5650
RECTANGLE 6805 708
TRIANGLE 7115 1792
RECTANGLE 1544 4959
SQUARE 2787
SQUARE 2981
RECTANGLE 2864 3296
SQUARE 3765
RECTANGLE 3359 5188
RECTANGLE 3728 5696
SQUARE 5612
RECTANGLE 7253 5540
SQUARE 7778
17
17
RECTANGLE 892 762
SQUARE 1664
TRIANGLE 981 6230
RECTANGLE 611 5751
TRIANGLE 1536 5650
RECTANGLE 6805 708
TRIANGLE 7115 1792
RECTANGLE 1544 4959
SQUARE 2787
SQUARE 2981
RECTANGLE 2864 3296
SQUARE 3765
RECTANGLE 3359 5188
RECTANGLE 3728 5696
SQUARE 5612
RECTANGLE 7253 5540
SQUARE 7578
17
17
RECTANGLE 892 762
SQUARE 1664
TRIANGLE 981 6230
RECTANGLE 611 5751
TRIANGLE 1536 5650
RECTANGLE 6805 708
TRIANGLE 7115 1792
RECTANGLE 1544 4959
SQUARE 2787
SQUARE 2981
RECTANGLE 2864 3296
SQUARE 3765
RECTANGLE 3359 5188
RECTANGLE 3728 5696
SQUARE 5612
RECTANGLE 7253 5540
SQUARE 7578
18
RECTANGLE 892 762
SQUARE 1664
TRIANGLE 981 6230
RECTANGLE 611 5751
TRIANGLE 1536 5650
RECTANGLE 6805 708
TRIANGLE 7115 1792
RECTANGLE 1544 4959
SQUARE 2787
SQUARE 2981
RECTANGLE 2864 3296
SQUARE 3765
RECTANGLE 3359 5188
RECTANGLE 3728 5696
SQUARE 5612
RECTANGLE 7253 5540
SQUARE 7578
SQUARE 7874
18
18
RECTANGLE 892 762
SQUARE 1664
TRIANGLE 981 6230
RECTANGLE 611 5751
TRIANGLE 1536 5650
RECTANGLE 6805 708
TRIANGLE 7115 1792
RECTANGLE 1544 4959
SQUARE 2787
SQUARE 2981
RECTANGLE 2864 3296
SQUARE 3765
RECTANGLE 3359 5188
RECTANGLE 3728 5696
SQUARE 5612
RECTANGLE 7253 5540
SQUARE 7578
SQUARE 7874
18
18
RECTANGLE 892 762
SQUARE 1664
TRIANGLE 981 6230
RECTANGLE 611 5751
TRIANGLE 1536 5650
RECTANGLE 6805 708
TRIANGLE 7115 1792
RECTANGLE 1544 4959
SQUARE 2787
SQUARE 2981
RECTANGLE 2864 3296
SQUARE 3765
RECTANGLE 3359 5188
RECTANGLE 3728 5696
SQUARE 5612
RECTANGLE 7253 5540
SQUARE 7578
SQUARE 7874
18
RECTANGLE 892 762
SQUARE 1664
TRIANGLE 981 6230
RECTANGLE 611 5751
TRIANGLE 1536 5650
RECTANGLE 6805 708
TRIANGLE 7115 1792
RECTANGLE 1544 4959
SQUARE 2787
SQUARE 2981
RECTANGLE 2864 3296
SQUARE 3765
RECTANGLE 3359 5188
RECTANGLE 3728 5696
SQUARE 5612
RECTANGLE 7253 5540
SQUARE 7578
SQUARE 7874
18
18
18
RECTANGLE 892 762
SQUARE 1664
TRIANGLE 981 6230
RECTANGLE 611 5751
TRIANGLE 1536 5650
RECTANGLE 6805 708
TRIANGLE 7115 1792
RECTANGLE 1544 4959
SQUARE 2787
SQUARE 2981
RECTANGLE 2864 3296
SQUARE 3765
RECTANGLE 3359 5188
RECTANGLE 3728 5696
SQUARE 5097
SQUARE 5364
RECTANGLE 7942 3878
RECTANGLE 7089 7759
18
18
18
18
RECTANGLE 892 762
SQUARE 1664
TRIANGLE 981 6230
RECTANGLE 611 5751
TRIANGLE 1536 5650
RECTANGLE 6805 708
TRIANGLE 7115 1792
RECTANGLE 1544 4959
SQUARE 2787
SQUARE 2981
RECTANGLE 2864 3296
SQUARE 3765
RECTANGLE 3359 5188
RECTANGLE 3728 5696
SQUARE 5097
SQUARE 5364
RECTANGLE 7942 3878
RECTANGLE 7584 6248
18
RECTANGLE 892 762
SQUARE 1664
TRIANGLE 981 6230
RECTANGLE 611 5751
TRIANGLE 1536 5650
RECTANGLE 6805 708
TRIANGLE 7115 1792
RECTANGLE 1544 4959
SQUARE 2787
SQUARE 2981
RECTANGLE 2864 3296
SQUARE 3765
RECTANGLE 3359 5188
RECTANGLE 3728 5696
SQUARE 5097
SQUARE 5364
RECTANGLE 7942 3878
RECTANGLE 7584 6248
