1
RECTANGLE 2598 4304
2
SQUARE 2670
RECTANGLE 3511 5088
3
3
SQUARE 2670
RECTANGLE 3511 5088
SQUARE 5187
4
4
4
SQUARE 2670
RECTANGLE 3511 5088
SQUARE 5187
SQUARE 5522
4
4
SQUARE 2670
RECTANGLE 3511 5088
SQUARE 5187
SQUARE 5522
4
SQUARE 2670
RECTANGLE 3511 5088
SQUARE 5187
SQUARE 5522
4
4
TRIANGLE 6272 43
TRIANGLE 7504 243
TRIANGLE 3648 4507
SQUARE 5290
4
TRIANGLE 6272 43
TRIANGLE 7504 243
TRIANGLE 3648 4507
SQUARE 5290
4
4
TRIANGLE 6272 43
TRIANGLE 7504 243
TRIANGLE 7628 1361
SQUARE 3373
4
TRIANGLE 6272 43
TRIANGLE 7504 243
TRIANGLE 7628 1361
RECTANGLE 1931 3379
4
6
TRIANGLE 6272 43
TRIANGLE 7504 243
TRIANGLE 7628 1361
RECTANGLE 1931 3379
SQUARE 2893
RECTANGLE 3961 6156
6
6
6
6
TRIANGLE 6272 43
TRIANGLE 7504 243
TRIANGLE 7628 1361
RECTANGLE 1931 3379
SQUARE 2893
RECTANGLE 6641 2607
7
7
TRIANGLE 6272 43
TRIANGLE 7504 243
TRIANGLE 7628 1361
RECTANGLE 1931 3379
SQUARE 2893
RECTANGLE 6641 2607
SQUARE 5804
7
7
TRIANGLE 6272 43
TRIANGLE 7504 243
TRIANGLE 7628 1361
RECTANGLE 1931 3379
SQUARE 2893
RECTANGLE 6641 2607
SQUARE 5804
7
TRIANGLE 6272 43
TRIANGLE 7504 243
TRIANGLE 7628 1361
RECTANGLE 1931 3379
SQUARE 2893
RECTANGLE 6641 2607
SQUARE 5804
7
7
7
7
TRIANGLE 6272 43
TRIANGLE 7504 243
TRIANGLE 7628 1361
RECTANGLE 1931 3379
SQUARE 2893
RECTANGLE 6641 2607
SQUARE 5804
7
7
TRIANGLE 6272 43
TRIANGLE 7504 243
TRIANGLE 7628 1361
RECTANGLE 1931 3379
TRIANGLE 1976 7090
SQUARE 2661
RECTANGLE 5692 5316
7
7
TRIANGLE 6272 43
TRIANGLE 7504 243
TRIANGLE 7628 1361
RECTANGLE 1931 3379
TRIANGLE 1976 7090
SQUARE 2661
RECTANGLE 5692 5316
7
7
TRIANGLE 6272 43
TRIANGLE 7504 243
TRIANGLE 7628 1361
RECTANGLE 1931 3379
TRIANGLE 1976 7090
SQUARE 2661
TRIANGLE 3726 5510
7
8
8
TRIANGLE 6272 43
TRIANGLE 7504 243
TRIANGLE 7628 1361
RECTANGLE 1931 3379
TRIANGLE 1976 7090
SQUARE 2661
TRIANGLE 3726 5510
RECTANGLE 6401 4224
8
9
9
TRIANGLE 6272 43
TRIANGLE 7504 243
TRIANGLE 7628 1361
RECTANGLE 1931 3379
TRIANGLE 1976 7090
SQUARE 2661
TRIANGLE 3726 5510
RECTANGLE 6401 4224
RECTANGLE 6321 6758
9
TRIANGLE 6272 43
TRIANGLE 7504 243
TRIANGLE 7628 1361
RECTANGLE 1931 3379
TRIANGLE 1976 7090
SQUARE 2661
TRIANGLE 3726 5510
RECTANGLE 6401 4224
RECTANGLE 6321 6758
9
9
TRIANGLE 6272 43
TRIANGLE 7504 243
TRIANGLE 7628 1361
RECTANGLE 1931 3379
TRIANGLE 1976 7090
SQUARE 2661
TRIANGLE 3726 5510
RECTANGLE 6401 4224
RECTANGLE 6321 6758
9
9
TRIANGLE 6272 43
TRIANGLE 7504 243
TRIANGLE 7628 1361
RECTANGLE 1931 3379
TRIANGLE 1976 7090
SQUARE 2661
TRIANGLE 3726 5510
RECTANGLE 6401 4224
RECTANGLE 6321 6758
9
9
TRIANGLE 6272 43
TRIANGLE 7504 243
SQUARE 1227
TRIANGLE 5726 617
SQUARE 1345
SQUARE 1459
RECTANGLE 3719 2572
TRIANGLE 4278 5039
RECTANGLE 5916 4019
9
9
TRIANGLE 6272 43
TRIANGLE 7504 243
SQUARE 1227
TRIANGLE 5726 617
SQUARE 1345
SQUARE 1459
RECTANGLE 3719 2572
TRIANGLE 4278 5039
RECTANGLE 5916 4019
9
10
TRIANGLE 6272 43
TRIANGLE 7504 243
SQUARE 1227
TRIANGLE 5726 617
SQUARE 1345
SQUARE 1459
RECTANGLE 3719 2572
TRIANGLE 4278 5039
TRIANGLE 5186 6438
SQUARE 6011
10
TRIANGLE 6272 43
TRIANGLE 7504 243
SQUARE 1227
TRIANGLE 5726 617
SQUARE 1345
SQUARE 1459
RECTANGLE 3719 2572
TRIANGLE 4278 5039
TRIANGLE 5186 6438
RECTANGLE 4804 6768
10
11
11
TRIANGLE 6272 43
TRIANGLE 7504 243
SQUARE 1227
TRIANGLE 5726 617
SQUARE 1345
SQUARE 1459
RECTANGLE 3719 2572
TRIANGLE 4278 5039
TRIANGLE 5186 6438
RECTANGLE 4804 6768
SQUARE 6200
11
12
TRIANGLE 6272 43
TRIANGLE 7504 243
SQUARE 1227
TRIANGLE 5726 617
SQUARE 1345
SQUARE 1459
RECTANGLE 3719 2572
TRIANGLE 4278 5039
TRIANGLE 5186 6438
RECTANGLE 4804 6768
SQUARE 6200
SQUARE 7776
12
12
TRIANGLE 6272 43
TRIANGLE 7504 243
SQUARE 1227
TRIANGLE 5726 617
SQUARE 1345
SQUARE 1459
RECTANGLE 3719 2572
TRIANGLE 4278 5039
TRIANGLE 5186 6438
RECTANGLE 4804 6768
SQUARE 6200
SQUARE 7776
12
12
12
12
TRIANGLE 6272 43
TRIANGLE 7504 243
SQUARE 1227
TRIANGLE 5726 617
SQUARE 1345
SQUARE 1459
RECTANGLE 3719 2572
TRIANGLE 4278 5039
TRIANGLE 5186 6438
RECTANGLE 4804 6768
SQUARE 6200
SQUARE 6862
12
12
12
TRIANGLE 6272 43
TRIANGLE 7504 243
SQUARE 1227
TRIANGLE 5726 617
SQUARE 1345
SQUARE 1459
RECTANGLE 5890 677
TRIANGLE 6101 1860
TRIANGLE 2390 6718
SQUARE 3020
SQUARE 3154
RECTANGLE 5537 6183
12
TRIANGLE 6272 43
TRIANGLE 7504 243
SQUARE 1227
TRIANGLE 5726 617
SQUARE 1345
SQUARE 1459
RECTANGLE 5890 677
TRIANGLE 6101 1860
TRIANGLE 2390 6718
SQUARE 3020
SQUARE 3154
RECTANGLE 5537 6183
13
13
14
TRIANGLE 6272 43
TRIANGLE 7504 243
SQUARE 1227
TRIANGLE 5726 617
SQUARE 1345
SQUARE 1459
RECTANGLE 5890 677
TRIANGLE 6101 1860
TRIANGLE 2390 6718
SQUARE 3020
SQUARE 3154
SQUARE 4001
RECTANGLE 6705 4183
SQUARE 6638
14
14
14
14
TRIANGLE 6272 43
TRIANGLE 7504 243
SQUARE 1227
TRIANGLE 5726 617
SQUARE 1345
SQUARE 1459
RECTANGLE 5890 677
TRIANGLE 6101 1860
TRIANGLE 2390 6718
SQUARE 3020
SQUARE 3154
SQUARE 4001
RECTANGLE 6705 4183
SQUARE 6066
14
TRIANGLE 6272 43
TRIANGLE 7504 243
SQUARE 1227
TRIANGLE 5726 617
SQUARE 1345
SQUARE 1459
RECTANGLE 5890 677
TRIANGLE 6101 1860
TRIANGLE 2390 6718
SQUARE 3020
SQUARE 3154
RECTANGLE 5840 1811
RECTANGLE 7438 1666
TRIANGLE 7769 5388
14
TRIANGLE 6272 43
TRIANGLE 7504 243
SQUARE 1227
TRIANGLE 5726 617
SQUARE 1345
SQUARE 1459
RECTANGLE 5890 677
TRIANGLE 6101 1860
TRIANGLE 2390 6718
SQUARE 3020
SQUARE 3154
RECTANGLE 5840 1811
RECTANGLE 7438 1666
TRIANGLE 7769 5388
14
14
TRIANGLE 6272 43
TRIANGLE 7504 243
SQUARE 1227
TRIANGLE 5726 617
SQUARE 1345
SQUARE 1459
RECTANGLE 5890 677
TRIANGLE 6101 1860
TRIANGLE 2390 6718
SQUARE 3020
SQUARE 3154
RECTANGLE 5840 1811
RECTANGLE 7438 1666
TRIANGLE 4820 7274
14
15
TRIANGLE 6272 43
TRIANGLE 7504 243
SQUARE 1227
TRIANGLE 5726 617
SQUARE 1345
SQUARE 1459
RECTANGLE 5890 677
TRIANGLE 6101 1860
TRIANGLE 2390 6718
SQUARE 3020
SQUARE 3154
RECTANGLE 5840 1811
RECTANGLE 7438 1666
TRIANGLE 4820 7274
SQUARE 6528
15
15
TRIANGLE 6272 43
TRIANGLE 7504 243
SQUARE 1227
TRIANGLE 5726 617
SQUARE 1345
SQUARE 1459
RECTANGLE 5890 677
TRIANGLE 6101 1860
TRIANGLE 2390 6718
SQUARE 3020
SQUARE 3154
RECTANGLE 5840 1811
RECTANGLE 7438 1666
TRIANGLE 4820 7274
SQUARE 5596
15
16
TRIANGLE 6272 43
TRIANGLE 7504 243
SQUARE 1227
TRIANGLE 5726 617
SQUARE 1345
SQUARE 1459
RECTANGLE 5890 677
TRIANGLE 6101 1860
TRIANGLE 2390 6718
SQUARE 3020
SQUARE 3154
RECTANGLE 5840 1811
RECTANGLE 7438 1666
TRIANGLE 4820 7274
SQUARE 5596
SQUARE 7677
16
16
TRIANGLE 6272 43
TRIANGLE 7504 243
SQUARE 1227
TRIANGLE 5726 617
SQUARE 1345
SQUARE 1459
RECTANGLE 5890 677
TRIANGLE 6101 1860
TRIANGLE 2390 6718
SQUARE 3020
SQUARE 3154
RECTANGLE 5840 1811
RECTANGLE 7438 1666
TRIANGLE 4820 7274
SQUARE 5596
SQUARE 7677
16
16
TRIANGLE 6272 43
TRIANGLE 7504 243
SQUARE 1227
TRIANGLE 5726 617
SQUARE 1345
SQUARE 1459
RECTANGLE 5890 677
TRIANGLE 6101 1860
TRIANGLE 2390 6718
SQUARE 3020
SQUARE 3154
RECTANGLE 5840 1811
RECTANGLE 7438 1666
TRIANGLE 4820 7274
SQUARE 5596
SQUARE 7677
16
16
TRIANGLE 6272 43
TRIANGLE 7504 243
SQUARE 1227
TRIANGLE 5726 617
SQUARE 1345
SQUARE 1459
RECTANGLE 5890 677
TRIANGLE 6101 1860
TRIANGLE 2390 6718
SQUARE 3020
SQUARE 3154
RECTANGLE 5840 1811
RECTANGLE 7438 1666
TRIANGLE 4820 7274
SQUARE 5596
SQUARE 7677
16
16
TRIANGLE 6272 43
TRIANGLE 7504 243
SQUARE 1227
TRIANGLE 5726 617
SQUARE 1345
SQUARE 1459
RECTANGLE 5890 677
TRIANGLE 6101 1860
TRIANGLE 2390 6718
SQUARE 3020
SQUARE 3154
RECTANGLE 5840 1811
RECTANGLE 7438 1666
TRIANGLE 4820 7274
SQUARE 4995
RECTANGLE 4978 5961
16
17
17
17
TRIANGLE 6272 43
TRIANGLE 7504 243
SQUARE 1227
TRIANGLE 5726 617
SQUARE 1345
SQUARE 1459
RECTANGLE 5890 677
TRIANGLE 6101 1860
TRIANGLE 2390 6718
SQUARE 3020
SQUARE 3154
RECTANGLE 5840 1811
RECTANGLE 7438 1666
SQUARE 4175
RECTANGLE 2503 7373
RECTANGLE 2483 7805
RECTANGLE 7606 7406
17
17
TRIANGLE 6272 43
TRIANGLE 7504 243
SQUARE 1227
TRIANGLE 5726 617
SQUARE 1345
SQUARE 1459
RECTANGLE 5890 677
TRIANGLE 6101 1860
TRIANGLE 2390 6718
SQUARE 3020
SQUARE 3154
RECTANGLE 5840 1811
RECTANGLE 7438 1666
SQUARE 4175
RECTANGLE 2503 7373
RECTANGLE 6599 2812
RECTANGLE 3246 5843
18
TRIANGLE 6272 43
TRIANGLE 7504 243
SQUARE 1227
TRIANGLE 5726 617
SQUARE 1345
SQUARE 1459
RECTANGLE 5890 677
TRIANGLE 6101 1860
TRIANGLE 2390 6718
SQUARE 3020
SQUARE 3154
RECTANGLE 5840 1811
RECTANGLE 7438 1666
SQUARE 4175
RECTANGLE 2503 7373
RECTANGLE 6599 2812
RECTANGLE 3246 5843
RECTANGLE 4784 6667
19
19
TRIANGLE 6272 43
TRIANGLE 7504 243
SQUARE 1227
TRIANGLE 5726 617
SQUARE 1345
SQUARE 1459
RECTANGLE 5890 677
TRIANGLE 6101 1860
TRIANGLE 2390 6718
SQUARE 3020
SQUARE 3154
RECTANGLE 5840 1811
RECTANGLE 7438 1666
SQUARE 4175
RECTANGLE 2503 7373
RECTANGLE 6599 2812
RECTANGLE 3246 5843
RECTANGLE 4784 6667
SQUARE 5976
19
19
TRIANGLE 6272 43
TRIANGLE 7504 243
SQUARE 1227
TRIANGLE 5726 617
SQUARE 1345
SQUARE 1459
RECTANGLE 5890 677
TRIANGLE 6101 1860
TRIANGLE 2390 6718
SQUARE 3020
SQUARE 3154
RECTANGLE 5840 1811
RECTANGLE 7438 1666
SQUARE 4175
RECTANGLE 2503 7373
RECTANGLE 6599 2812
RECTANGLE 3246 5843
RECTANGLE 4784 6667
SQUARE 5976
20
20
TRIANGLE 6272 43
TRIANGLE 7504 243
SQUARE 1227
TRIANGLE 5726 617
SQUARE 1345
SQUARE 1459
RECTANGLE 5890 677
TRIANGLE 6101 1860
TRIANGLE 2390 6718
SQUARE 3020
SQUARE 3154
RECTANGLE 5840 1811
RECTANGLE 7438 1666
SQUARE 4175
RECTANGLE 2503 7373
RECTANGLE 6599 2812
RECTANGLE 3246 5843
RECTANGLE 4784 6667
SQUARE 5976
RECTANGLE 7419 7256
20
20
TRIANGLE 6272 43
TRIANGLE 7504 243
SQUARE 1227
TRIANGLE 5726 617
SQUARE 1345
SQUARE 1459
RECTANGLE 5890 677
TRIANGLE 6101 1860
TRIANGLE 2390 6718
SQUARE 3020
SQUARE 3154
RECTANGLE 5840 1811
RECTANGLE 7438 1666
SQUARE 4175
RECTANGLE 2503 7373
RECTANGLE 6599 2812
RECTANGLE 3246 5843
RECTANGLE 4784 6667
SQUARE 5976
RECTANGLE 7419 7256
20
20
TRIANGLE 6272 43
TRIANGLE 7504 243
SQUARE 1227
TRIANGLE 5726 617
SQUARE 1345
SQUARE 1459
RECTANGLE 5890 677
TRIANGLE 6101 1860
TRIANGLE 2390 6718
SQUARE 3020
SQUARE 3154
RECTANGLE 5840 1811
RECTANGLE 7438 1666
SQUARE 4175
RECTANGLE 2503 7373
RECTANGLE 6599 2812
RECTANGLE 3246 5843
RECTANGLE 4784 6667
SQUARE 5976
RECTANGLE 7419 7256
20
20
20
TRIANGLE 6272 43
TRIANGLE 7504 243
SQUARE 1227
TRIANGLE 5726 617
SQUARE 1345
SQUARE 1459
RECTANGLE 5890 677
TRIANGLE 6101 1860
TRIANGLE 2390 6718
SQUARE 3020
SQUARE 3154
RECTANGLE 5840 1811
RECTANGLE 7438 1666
SQUARE 4175
RECTANGLE 2503 7373
RECTANGLE 6599 2812
RECTANGLE 3246 5843
RECTANGLE 4784 6667
SQUARE 5976
RECTANGLE 7419 7256
20
TRIANGLE 6272 43
TRIANGLE 7504 243
SQUARE 1227
TRIANGLE 5726 617
SQUARE 1345
SQUARE 1459
RECTANGLE 5890 677
TRIANGLE 6101 1860
TRIANGLE 2390 6718
SQUARE 3020
SQUARE 3154
RECTANGLE 5840 1811
RECTANGLE 7438 1666
SQUARE 4175
RECTANGLE 2503 7373
RECTANGLE 6599 2812
RECTANGLE 3246 5843
RECTANGLE 4784 6667
SQUARE 5976
RECTANGLE 7419 7256
20
20
TRIANGLE 6272 43
TRIANGLE 7504 243
SQUARE 1227
TRIANGLE 5726 617
SQUARE 1345
SQUARE 1459
RECTANGLE 5890 677
TRIANGLE 6101 1860
TRIANGLE 2390 6718
SQUARE 3020
SQUARE 3154
RECTANGLE 5840 1811
RECTANGLE 7438 1666
SQUARE 4175
RECTANGLE 2503 7373
RECTANGLE 6599 2812
RECTANGLE 3246 5843
RECTANGLE 4784 6667
SQUARE 5976
RECTANGLE 7419 7256
20
20
TRIANGLE 6272 43
TRIANGLE 7504 243
SQUARE 1227
TRIANGLE 5726 617
SQUARE 1345
SQUARE 1459
RECTANGLE 5890 677
TRIANGLE 6101 1860
TRIANGLE 2390 6718
SQUARE 3020
SQUARE 3154
RECTANGLE 5840 1811
RECTANGLE 7438 1666
SQUARE 4175
RECTANGLE 2503 7373
RECTANGLE 6599 2812
RECTANGLE 3246 5843
RECTANGLE 4784 6667
SQUARE 5976
RECTANGLE 7419 7256
20
TRIANGLE 6272 43
TRIANGLE 7504 243
SQUARE 1227
TRIANGLE 5726 617
SQUARE 1345
SQUARE 1459
RECTANGLE 5890 677
TRIANGLE 6101 1860
TRIANGLE 2390 6718
SQUARE 3020
SQUARE 3154
RECTANGLE 5840 1811
RECTANGLE 7438 1666
SQUARE 4175
RECTANGLE 2503 7373
RECTANGLE 6599 2812
RECTANGLE 3246 5843
RECTANGLE 4784 6667
SQUARE 5976
RECTANGLE 7419 7256
20
20
TRIANGLE 6272 43
TRIANGLE 7504 243
SQUARE 1227
TRIANGLE 5726 617
SQUARE 1345
SQUARE 1459
RECTANGLE 5890 677
TRIANGLE 6101 1860
TRIANGLE 2390 6718
SQUARE 3020
SQUARE 3154
RECTANGLE 5840 1811
RECTANGLE 7438 1666
SQUARE 4175
RECTANGLE 2503 7373
RECTANGLE 6599 2812
RECTANGLE 3246 5843
RECTANGLE 4784 6667
SQUARE 5976
RECTANGLE 7419 7256
20
20
TRIANGLE 6272 43
TRIANGLE 7504 243
SQUARE 1227
TRIANGLE 5726 617
SQUARE 1345
SQUARE 1459
RECTANGLE 5890 677
TRIANGLE 6101 1860
TRIANGLE 2390 6718
SQUARE 3020
SQUARE 3154
RECTANGLE 5840 1811
RECTANGLE 7438 1666
SQUARE 4175
RECTANGLE 2503 7373
RECTANGLE 6599 2812
RECTANGLE 3246 5843
RECTANGLE 4784 6667
SQUARE 5976
RECTANGLE 7419 7256
20
20
TRIANGLE 6272 43
TRIANGLE 7504 243
SQUARE 1227
TRIANGLE 5726 617
SQUARE 1345
SQUARE 1459
RECTANGLE 5890 677
TRIANGLE 6101 1860
TRIANGLE 2390 6718
SQUARE 3020
SQUARE 3154
RECTANGLE 5840 1811
RECTANGLE 7438 1666
SQUARE 4175
RECTANGLE 2503 7373
RECTANGLE 6599 2812
RECTANGLE 3246 5843
RECTANGLE 4784 6667
SQUARE 5976
RECTANGLE 7419 7256
20
TRIANGLE 6272 43
TRIANGLE 7504 243
SQUARE 1227
TRIANGLE 5726 617
SQUARE 1345
SQUARE 1459
RECTANGLE 5890 677
TRIANGLE 6101 1860
TRIANGLE 2390 6718
SQUARE 3020
SQUARE 3154
RECTANGLE 5840 1811
RECTANGLE 7438 1666
SQUARE 4175
RECTANGLE 2503 7373
RECTANGLE 6599 2812
RECTANGLE 3246 5843
RECTANGLE 4784 6667
SQUARE 5976
RECTANGLE 7419 7256
20
20
TRIANGLE 6272 43
TRIANGLE 7504 243
SQUARE 1227
TRIANGLE 5726 617
SQUARE 1345
SQUARE 1459
RECTANGLE 5890 677
TRIANGLE 6101 1860
TRIANGLE 2390 6718
SQUARE 3020
SQUARE 3154
RECTANGLE 5840 1811
RECTANGLE 7438 1666
SQUARE 4175
RECTANGLE 2503 7373
RECTANGLE 6599 2812
RECTANGLE 3246 5843
RECTANGLE 4784 6667
SQUARE 5976
RECTANGLE 7419 7256
20
20
20
TRIANGLE 6272 43
TRIANGLE 7504 243
SQUARE 1227
TRIANGLE 5726 617
SQUARE 1345
SQUARE 1459
RECTANGLE 5890 677
TRIANGLE 6101 1860
TRIANGLE 2390 6718
SQUARE 3020
SQUARE 3154
RECTANGLE 5840 1811
RECTANGLE 7438 1666
SQUARE 4175
RECTANGLE 2503 7373
RECTANGLE 6599 2812
RECTANGLE 3246 5843
RECTANGLE 4784 6667
SQUARE 5976
RECTANGLE 7419 7256
20
20
TRIANGLE 6272 43
TRIANGLE 7504 243
SQUARE 1227
TRIANGLE 5726 617
SQUARE 1345
SQUARE 1459
RECTANGLE 5890 677
TRIANGLE 6101 1860
TRIANGLE 2390 6718
SQUARE 3020
SQUARE 3154
RECTANGLE 5840 1811
RECTANGLE 7438 1666
SQUARE 4175
RECTANGLE 2503 7373
RECTANGLE 6599 2812
RECTANGLE 3246 5843
RECTANGLE 4784 6667
SQUARE 5976
RECTANGLE 7419 7256
20
20
TRIANGLE 6272 43
TRIANGLE 7504 243
SQUARE 1227
TRIANGLE 5726 617
SQUARE 1345
SQUARE 1459
RECTANGLE 5890 677
TRIANGLE 6101 1860
TRIANGLE 2390 6718
SQUARE 3020
SQUARE 3154
RECTANGLE 5840 1811
RECTANGLE 7438 1666
SQUARE 4175
RECTANGLE 2503 7373
RECTANGLE 6599 2812
RECTANGLE 3246 5843
RECTANGLE 4784 6667
SQUARE 5976
RECTANGLE 7419 7256
21
TRIANGLE 6272 43
TRIANGLE 7504 243
SQUARE 1227
TRIANGLE 5726 617
SQUARE 1345
SQUARE 1459
RECTANGLE 5890 677
TRIANGLE 6101 1860
TRIANGLE 2390 6718
SQUARE 3020
SQUARE 3154
RECTANGLE 5840 1811
RECTANGLE 7438 1666
SQUARE 4175
RECTANGLE 2503 7373
RECTANGLE 6599 2812
RECTANGLE 3246 5843
RECTANGLE 4784 6667
SQUARE 5976
RECTANGLE 7419 7256
SQUARE 7543
21
TRIANGLE 6272 43
TRIANGLE 7504 243
SQUARE 1227
TRIANGLE 5726 617
SQUARE 1345
SQUARE 1459
RECTANGLE 5890 677
TRIANGLE 6101 1860
TRIANGLE 2390 6718
SQUARE 3020
SQUARE 3154
RECTANGLE 5840 1811
RECTANGLE 7438 1666
SQUARE 4175
RECTANGLE 2503 7373
RECTANGLE 6599 2812
RECTANGLE 3246 5843
RECTANGLE 4784 6667
SQUARE 5976
RECTANGLE 7419 7256
SQUARE 7543
21
21
TRIANGLE 6272 43
TRIANGLE 7504 243
SQUARE 1227
TRIANGLE 5726 617
SQUARE 1345
SQUARE 1459
RECTANGLE 5890 677
TRIANGLE 6101 1860
TRIANGLE 2390 6718
SQUARE 3020
SQUARE 3154
RECTANGLE 5840 1811
RECTANGLE 7438 1666
SQUARE 4175
RECTANGLE 2503 7373
RECTANGLE 6599 2812
RECTANGLE 3246 5843
RECTANGLE 4784 6667
SQUARE 5976
RECTANGLE 7419 7256
SQUARE 7543
21
21
TRIANGLE 6272 43
TRIANGLE 7504 243
SQUARE 1227
TRIANGLE 5726 617
SQUARE 1345
SQUARE 1459
RECTANGLE 5890 677
TRIANGLE 6101 1860
TRIANGLE 2390 6718
SQUARE 3020
SQUARE 3154
RECTANGLE 5840 1811
RECTANGLE 7438 1666
SQUARE 4175
RECTANGLE 2503 7373
RECTANGLE 6599 2812
RECTANGLE 3246 5843
RECTANGLE 4784 6667
SQUARE 5976
RECTANGLE 7419 7256
SQUARE 7543
21
21
21
TRIANGLE 6272 43
TRIANGLE 7504 243
SQUARE 1227
TRIANGLE 5726 617
SQUARE 1345
SQUARE 1459
RECTANGLE 5890 677
TRIANGLE 6101 1860
TRIANGLE 2390 6718
SQUARE 3020
SQUARE 3154
RECTANGLE 5840 1811
RECTANGLE 7438 1666
SQUARE 4175
RECTANGLE 2503 7373
RECTANGLE 6599 2812
RECTANGLE 3246 5843
RECTANGLE 4784 6667
SQUARE 5976
RECTANGLE 7419 7256
SQUARE 7543
21
TRIANGLE 6272 43
TRIANGLE 7504 243
SQUARE 1227
TRIANGLE 5726 617
SQUARE 1345
SQUARE 1459
RECTANGLE 5890 677
TRIANGLE 6101 1860
TRIANGLE 2390 6718
SQUARE 3020
SQUARE 3154
RECTANGLE 5840 1811
RECTANGLE 7438 1666
SQUARE 4175
RECTANGLE 2503 7373
RECTANGLE 6599 2812
RECTANGLE 3246 5843
RECTANGLE 4784 6667
SQUARE 5976
RECTANGLE 7419 7256
SQUARE 7543
21
TRIANGLE 6272 43
TRIANGLE 7504 243
SQUARE 1227
TRIANGLE 5726 617
SQUARE 1345
SQUARE 1459
RECTANGLE 5890 677
TRIANGLE 6101 1860
TRIANGLE 2390 6718
SQUARE 3020
SQUARE 3154
RECTANGLE 5840 1811
RECTANGLE 7438 1666
SQUARE 4175
RECTANGLE 2503 7373
RECTANGLE 6599 2812
RECTANGLE 3246 5843
RECTANGLE 4784 6667
SQUARE 5976
RECTANGLE 7419 7256
SQUARE 7543
21
22
22
TRIANGLE 6272 43
TRIANGLE 7504 243
SQUARE 1227
TRIANGLE 5726 617
SQUARE 1345
SQUARE 1459
RECTANGLE 5890 677
TRIANGLE 6101 1860
TRIANGLE 2390 6718
SQUARE 3020
SQUARE 3154
RECTANGLE 5840 1811
RECTANGLE 7438 1666
SQUARE 4175
RECTANGLE 2503 7373
RECTANGLE 6599 2812
RECTANGLE 3246 5843
RECTANGLE 4784 6667
SQUARE 5976
RECTANGLE 7419 7256
SQUARE 7543
SQUARE 7912
22
TRIANGLE 6272 43
TRIANGLE 7504 243
SQUARE 1227
TRIANGLE 5726 617
SQUARE 1345
SQUARE 1459
RECTANGLE 5890 677
TRIANGLE 6101 1860
TRIANGLE 2390 6718
SQUARE 3020
SQUARE 3154
RECTANGLE 5840 1811
RECTANGLE 7438 1666
SQUARE 4175
RECTANGLE 2503 7373
RECTANGLE 6599 2812
RECTANGLE 3246 5843
RECTANGLE 4784 6667
SQUARE 5976
RECTANGLE 7419 7256
SQUARE 7543
SQUARE 7912
22
22
TRIANGLE 6272 43
TRIANGLE 7504 243
SQUARE 1227
TRIANGLE 5726 617
SQUARE 1345
SQUARE 1459
RECTANGLE 5890 677
TRIANGLE 6101 1860
TRIANGLE 2390 6718
SQUARE 3020
SQUARE 3154
RECTANGLE 5840 1811
RECTANGLE 7438 1666
SQUARE 4175
RECTANGLE 2503 7373
RECTANGLE 6599 2812
RECTANGLE 3246 5843
RECTANGLE 4784 6667
SQUARE 5976
RECTANGLE 7419 7256
SQUARE 7543
SQUARE 7905
22
TRIANGLE 6272 43
TRIANGLE 7504 243
SQUARE 1227
TRIANGLE 5726 617
SQUARE 1345
SQUARE 1459
RECTANGLE 5890 677
TRIANGLE 6101 1860
TRIANGLE 2390 6718
SQUARE 3020
SQUARE 3154
RECTANGLE 5840 1811
RECTANGLE 7438 1666
SQUARE 4175
RECTANGLE 2503 7373
RECTANGLE 6599 2812
RECTANGLE 3246 5843
RECTANGLE 4784 6667
SQUARE 5976
RECTANGLE 7419 7256
SQUARE 7543
SQUARE 7905
22
TRIANGLE 6272 43
TRIANGLE 7504 243
SQUARE 1227
TRIANGLE 5726 617
SQUARE 1345
SQUARE 1459
RECTANGLE 5890 677
TRIANGLE 6101 1860
TRIANGLE 2390 6718
SQUARE 3020
SQUARE 3154
RECTANGLE 5840 1811
RECTANGLE 7438 1666
SQUARE 4175
RECTANGLE 2503 7373
RECTANGLE 6599 2812
RECTANGLE 3246 5843
RECTANGLE 4784 6667
SQUARE 5976
RECTANGLE 7419 7256
SQUARE 7543
SQUARE 7905
22
22
22
22
TRIANGLE 6272 43
TRIANGLE 7504 243
SQUARE 1227
TRIANGLE 5726 617
SQUARE 1345
SQUARE 1459
RECTANGLE 5890 677
TRIANGLE 6101 1860
TRIANGLE 2390 6718
SQUARE 3020
SQUARE 3154
RECTANGLE 5840 1811
RECTANGLE 7438 1666
SQUARE 4175
RECTANGLE 2503 7373
RECTANGLE 6599 2812
RECTANGLE 3246 5843
RECTANGLE 4784 6667
SQUARE 5976
RECTANGLE 7419 7256
SQUARE 7543
SQUARE 7905
23
TRIANGLE 6272 43
TRIANGLE 7504 243
SQUARE 1227
TRIANGLE 5726 617
SQUARE 1345
SQUARE 1459
RECTANGLE 5890 677
TRIANGLE 6101 1860
TRIANGLE 2390 6718
SQUARE 3020
SQUARE 3154
RECTANGLE 5840 1811
RECTANGLE 7438 1666
SQUARE 4175
RECTANGLE 2503 7373
RECTANGLE 6599 2812
RECTANGLE 3246 5843
RECTANGLE 4784 6667
SQUARE 5976
RECTANGLE 7419 7256
SQUARE 7543
SQUARE 7905
SQUARE 7975
23
23
23
TRIANGLE 6272 43
TRIANGLE 7504 243
SQUARE 1227
TRIANGLE 5726 617
SQUARE 1345
SQUARE 1459
RECTANGLE 5890 677
TRIANGLE 6101 1860
TRIANGLE 2390 6718
SQUARE 3020
SQUARE 3154
RECTANGLE 5840 1811
RECTANGLE 7438 1666
SQUARE 4175
RECTANGLE 2503 7373
RECTANGLE 6599 2812
RECTANGLE 3246 5843
RECTANGLE 4784 6667
SQUARE 5976
RECTANGLE 7419 7256
SQUARE 7543
SQUARE 7905
SQUARE 7975
23
23
TRIANGLE 6272 43
TRIANGLE 7504 243
SQUARE 1227
TRIANGLE 5726 617
SQUARE 1345
SQUARE 1459
RECTANGLE 5890 677
TRIANGLE 6101 1860
TRIANGLE 2390 6718
SQUARE 3020
SQUARE 3154
RECTANGLE 5840 1811
RECTANGLE 7438 1666
SQUARE 4175
RECTANGLE 2503 7373
RECTANGLE 6599 2812
RECTANGLE 3246 5843
RECTANGLE 4784 6667
SQUARE 5976
RECTANGLE 7419 7256
SQUARE 7543
SQUARE 7905
SQUARE 7975
23
23
TRIANGLE 6272 43
TRIANGLE 7504 243
SQUARE 1227
TRIANGLE 5726 617
SQUARE 1345
SQUARE 1459
RECTANGLE 5890 677
TRIANGLE 6101 1860
TRIANGLE 2390 6718
SQUARE 3020
SQUARE 3154
RECTANGLE 5840 1811
RECTANGLE 7438 1666
SQUARE 4175
RECTANGLE 2503 7373
RECTANGLE 6599 2812
RECTANGLE 3246 5843
RECTANGLE 4784 6667
SQUARE 5976
RECTANGLE 7419 7256
SQUARE 7543
SQUARE 7905
SQUARE 7975
23
TRIANGLE 6272 43
TRIANGLE 7504 243
SQUARE 1227
TRIANGLE 5726 617
SQUARE 1345
SQUARE 1459
RECTANGLE 5890 677
TRIANGLE 6101 1860
TRIANGLE 2390 6718
SQUARE 3020
SQUARE 3154
RECTANGLE 5840 1811
RECTANGLE 7438 1666
SQUARE 4175
RECTANGLE 2503 7373
RECTANGLE 6599 2812
RECTANGLE 3246 5843
RECTANGLE 4784 6667
SQUARE 5976
RECTANGLE 7419 7256
SQUARE 7543
SQUARE 7905
SQUARE 7975
23
23
23
TRIANGLE 6272 43
TRIANGLE 7504 243
SQUARE 1227
TRIANGLE 5726 617
SQUARE 1345
SQUARE 1459
RECTANGLE 5890 677
TRIANGLE 6101 1860
TRIANGLE 2390 6718
SQUARE 3020
SQUARE 3154
RECTANGLE 5840 1811
RECTANGLE 7438 1666
SQUARE 4175
RECTANGLE 2503 7373
RECTANGLE 6599 2812
RECTANGLE 3246 5843
RECTANGLE 4784 6667
SQUARE 5976
RECTANGLE 7419 7256
SQUARE 7543
SQUARE 7905
SQUARE 7975
23
23
TRIANGLE 6272 43
TRIANGLE 7504 243
SQUARE 1227
TRIANGLE 5726 617
SQUARE 1345
SQUARE 1459
SQUARE 1565
RECTANGLE 1962 1762
RECTANGLE 1911 2439
RECTANGLE 2032 2370
TRIANGLE 1565 7408
TRIANGLE 2714 4764
RECTANGLE 1836 3918
RECTANGLE 7347 1130
TRIANGLE 2309 7384
TRIANGLE 4608 4651
SQUARE 3476
RECTANGLE 2609 5732
TRIANGLE 7752 3879
RECTANGLE 5878 3544
TRIANGLE 6209 7880
SQUARE 7231
SQUARE 7943
23
23
23
23
TRIANGLE 6272 43
TRIANGLE 7504 243
SQUARE 1227
TRIANGLE 5726 617
SQUARE 1345
SQUARE 1459
SQUARE 1565
RECTANGLE 1962 1762
RECTANGLE 1911 2439
RECTANGLE 2032 2370
TRIANGLE 1565 7408
TRIANGLE 2714 4764
RECTANGLE 1836 3918
RECTANGLE 7347 1130
TRIANGLE 2309 7384
TRIANGLE 4608 4651
SQUARE 3476
RECTANGLE 2609 5732
TRIANGLE 7752 3879
RECTANGLE 5878 3544
TRIANGLE 6209 7880
SQUARE 7231
SQUARE 7943
23
23
TRIANGLE 6272 43
TRIANGLE 7504 243
SQUARE 1227
TRIANGLE 5726 617
SQUARE 1345
SQUARE 1459
SQUARE 1565
RECTANGLE 1962 1762
RECTANGLE 1911 2439
RECTANGLE 2032 2370
TRIANGLE 1565 7408
TRIANGLE 2714 4764
RECTANGLE 1836 3918
RECTANGLE 7347 1130
TRIANGLE 2309 7384
TRIANGLE 4608 4651
SQUARE 3476
RECTANGLE 2609 5732
TRIANGLE 7752 3879
RECTANGLE 5878 3544
TRIANGLE 6209 7880
SQUARE 7231
SQUARE 7943
23
23
TRIANGLE 6272 43
TRIANGLE 7504 243
SQUARE 1227
TRIANGLE 5726 617
SQUARE 1345
SQUARE 1459
SQUARE 1565
RECTANGLE 1962 1762
RECTANGLE 1911 2439
RECTANGLE 2032 2370
TRIANGLE 1565 7408
TRIANGLE 2714 4764
RECTANGLE 1836 3918
RECTANGLE 7347 1130
TRIANGLE 2309 7384
TRIANGLE 4608 4651
SQUARE 3476
RECTANGLE 2609 5732
TRIANGLE 7752 3879
RECTANGLE 5878 3544
TRIANGLE 6209 7880
SQUARE 7231
SQUARE 7943
23
23
TRIANGLE 6272 43
TRIANGLE 7504 243
SQUARE 1227
TRIANGLE 5726 617
SQUARE 1345
SQUARE 1459
SQUARE 1565
RECTANGLE 1962 1762
RECTANGLE 1911 2439
RECTANGLE 2032 2370
TRIANGLE 1565 7408
TRIANGLE 2714 4764
RECTANGLE 1836 3918
RECTANGLE 7347 1130
TRIANGLE 2309 7384
TRIANGLE 4608 4651
SQUARE 3476
RECTANGLE 2609 5732
TRIANGLE 7752 3879
RECTANGLE 5878 3544
TRIANGLE 6209 7880
SQUARE 7231
SQUARE 7943
23
TRIANGLE 6272 43
TRIANGLE 7504 243
SQUARE 1227
TRIANGLE 5726 617
SQUARE 1345
SQUARE 1459
SQUARE 1565
RECTANGLE 1962 1762
RECTANGLE 1911 2439
RECTANGLE 2032 2370
TRIANGLE 1565 7408
TRIANGLE 2714 4764
RECTANGLE 1836 3918
RECTANGLE 7347 1130
TRIANGLE 2309 7384
TRIANGLE 4608 4651
SQUARE 3476
RECTANGLE 2609 5732
TRIANGLE 7752 3879
RECTANGLE 5878 3544
TRIANGLE 6209 7880
SQUARE 7231
SQUARE 7943
