466468571
466319502
770797151
374772173
426675611
727648034
986308767
397597581
661343588
866111587
198890786
943572703
273931384
368168930
203735139
627949603
865417795
482617558
975443287
970907576
464160126
422622421
64744636
756094640
360414306
514443029
771360753
191333694
630498432
195905540
882778614
313043565
238124862
31346444
374805668
12848511
632292386
584394628
689943745
537907180
252876432
254887885
878467505
792613437
995772301
617521436
556352290
127854223
199977338
981544935
