6
2
no
yes
120
no
no
yes
43232616
no
no
38688192
197417486
96413184
12
yes
4
2
yes
94584000
8
8
58936416
yes
12
no
59090486
4
yes
16123200
4
40763768
8
8
48
139023360
38754960
40
18316820
yes
yes
58969344
4
59946832
20
181454
8
16
2
16
