50
2 5 9 14 23 25 28 40 42 44 45 48 53 54 55 56 61 68 71 78 79 80 84 89 92 95 97 1 3 6 10 12 13 15 16 19 20 21 22 24 26 31 32 33 34 38 43 50 52 58 59 60 65 66 70 73 75 77 81 82 83 85 86 87 88 91 93 94 96 0 4 7 8 11 17 18 27 29 30 35 36 37 39 41 46 47 49 51 57 62 63 64 67 69 72 74 76 90 98 99 
27