Vertex 0: 2 
Vertex 1: 3 
Vertex 2: 0 
Vertex 3: 1 
