Vertex 0: 1 3 4 
Vertex 1: 0 2 3 4 
Vertex 2: 1 4 
Vertex 3: 0 1 
Vertex 4: 0 1 2 
Yes
Yes
Vertex 0: 2 
Vertex 1: 
Vertex 2: 0 3 
Vertex 3: 2 4 
Vertex 4: 3 
Yes
Vertex 0: 2 
Vertex 1: 3 
Vertex 2: 0 3 
Vertex 3: 1 2 4 
Vertex 4: 3 
Vertex 0: 
Vertex 1: 
Vertex 2: 3 
Vertex 3: 2 4 
Vertex 4: 3 
Yes
Yes
Vertex 0: 1 2 3 4 
Vertex 1: 0 2 3 
Vertex 2: 0 1 4 
Vertex 3: 0 1 4 
Vertex 4: 0 2 3 
