No
No
Vertex 0: 
Vertex 1: 
Vertex 2: 
Vertex 3: 
Vertex 4: 
Vertex 5: 
Vertex 6: 
Vertex 7: 
Vertex 8: 
Vertex 9: 
Vertex 10: 
Vertex 11: 
Vertex 12: 
Vertex 13: 
Vertex 14: 
Vertex 15: 
Vertex 16: 
Vertex 17: 
Vertex 18: 
Vertex 19: 
Vertex 20: 
Vertex 21: 
Vertex 22: 
Vertex 23: 
Vertex 24: 
Vertex 25: 
Vertex 26: 
Vertex 27: 
Vertex 28: 
Vertex 29: 
Vertex 30: 
Vertex 31: 
Vertex 32: 
Vertex 33: 
Vertex 34: 
Vertex 35: 
Vertex 36: 
Vertex 37: 
Vertex 38: 
Vertex 39: 
Vertex 40: 
Vertex 41: 
Vertex 42: 
Vertex 43: 
Vertex 44: 
Vertex 45: 
Vertex 46: 
Vertex 47: 
Vertex 48: 
Vertex 49: 
Vertex 50: 
Vertex 51: 
Vertex 52: 
Vertex 53: 
Vertex 54: 
Vertex 55: 
Vertex 56: 
Vertex 57: 
Vertex 58: 
Vertex 59: 
Vertex 60: 
Vertex 61: 
Vertex 62: 
Vertex 63: 
Vertex 64: 
Vertex 65: 
Vertex 66: 
Vertex 67: 
Vertex 68: 
Vertex 69: 
Vertex 70: 
Vertex 71: 
Vertex 72: 
Vertex 73: 
Vertex 74: 
Vertex 75: 
Vertex 76: 
Vertex 77: 
Vertex 78: 
Vertex 79: 
Vertex 80: 
Vertex 81: 
Vertex 82: 
Vertex 83: 
Vertex 84: 
Vertex 85: 
Vertex 86: 
Vertex 87: 
Vertex 88: 
Vertex 89: 
Vertex 90: 
Vertex 91: 
Vertex 92: 
Vertex 93: 
Vertex 94: 
Vertex 95: 
Vertex 96: 
Vertex 97: 
Vertex 98: 
Vertex 99: 
Vertex 100: 
Vertex 101: 
Vertex 102: 
Vertex 103: 
Vertex 104: 
Vertex 105: 
Vertex 106: 
Vertex 107: 
Vertex 108: 
Vertex 109: 
Vertex 110: 
Vertex 111: 
Vertex 112: 
Vertex 113: 
Vertex 114: 
Vertex 115: 
Vertex 116: 
Vertex 117: 
Vertex 118: 
Vertex 119: 
Vertex 120: 
Vertex 121: 
Vertex 122: 
Vertex 123: 
Vertex 124: 
Vertex 125: 
Vertex 126: 
Vertex 127: 
Vertex 128: 
Vertex 129: 
Vertex 130: 
Vertex 131: 
Vertex 132: 
Vertex 133: 
Vertex 134: 
Vertex 135: 
Vertex 136: 
Vertex 137: 
Vertex 138: 
Vertex 139: 
Vertex 140: 
Vertex 141: 
Vertex 142: 
Vertex 143: 
Vertex 144: 
Vertex 145: 
Vertex 146: 
Vertex 147: 
Vertex 148: 
Vertex 149: 
Vertex 150: 
Vertex 151: 
Vertex 152: 
Vertex 153: 
Vertex 154: 
Vertex 155: 
Vertex 156: 
Vertex 157: 
Vertex 158: 
Vertex 159: 
Vertex 160: 
Vertex 161: 
Vertex 162: 
Vertex 163: 
Vertex 164: 
Vertex 165: 
Vertex 166: 
Vertex 167: 
Vertex 168: 
Vertex 169: 
Vertex 170: 
Vertex 171: 
Vertex 172: 
Vertex 173: 
Vertex 174: 
Vertex 175: 
Vertex 176: 
Vertex 177: 
Vertex 178: 
Vertex 179: 
Vertex 180: 
Vertex 181: 
Vertex 182: 
Vertex 183: 
Vertex 184: 
Vertex 185: 
Vertex 186: 
Vertex 187: 
Vertex 188: 
Vertex 189: 
Vertex 190: 
Vertex 191: 
Vertex 192: 
Vertex 193: 
Vertex 194: 
Vertex 195: 
Vertex 196: 
Vertex 197: 
Vertex 198: 
Vertex 199: 
Vertex 200: 
Vertex 201: 
Vertex 202: 
Vertex 203: 
Vertex 204: 
Vertex 205: 
Vertex 206: 
Vertex 207: 
Vertex 208: 
Vertex 209: 
Vertex 210: 
Vertex 211: 
Vertex 212: 
Vertex 213: 
Vertex 214: 
Vertex 215: 
Vertex 216: 
Vertex 217: 
Vertex 218: 
Vertex 219: 
Vertex 220: 
Vertex 221: 
Vertex 222: 
Vertex 223: 
Vertex 224: 
Vertex 225: 
Vertex 226: 
Vertex 227: 
Vertex 228: 
Vertex 229: 
Vertex 230: 
Vertex 231: 
Vertex 232: 
Vertex 233: 
Vertex 234: 
Vertex 235: 
Vertex 236: 
Vertex 237: 
Vertex 238: 
Vertex 239: 
Vertex 240: 
Vertex 241: 
Vertex 242: 
Vertex 243: 
Vertex 244: 
Vertex 245: 
Vertex 246: 
Vertex 247: 
Vertex 248: 
Vertex 249: 
Vertex 250: 
Vertex 251: 
Vertex 252: 
Vertex 253: 
Vertex 254: 
Vertex 255: 
Vertex 256: 
Vertex 257: 
Vertex 258: 
Vertex 259: 
Vertex 260: 
Vertex 261: 
Vertex 262: 
Vertex 263: 
Vertex 264: 
Vertex 265: 
Vertex 266: 
Vertex 267: 
Vertex 268: 
Vertex 269: 
Vertex 270: 
Vertex 271: 
Vertex 272: 
Vertex 273: 
Vertex 274: 
Vertex 275: 
Vertex 276: 
Vertex 277: 
Vertex 278: 
Vertex 279: 
Vertex 280: 
Vertex 281: 
Vertex 282: 
Vertex 283: 
Vertex 284: 
Vertex 285: 
Vertex 286: 
Vertex 287: 
Vertex 288: 
Vertex 289: 
Vertex 290: 
Vertex 291: 
Vertex 292: 
Vertex 293: 
Vertex 294: 
Vertex 295: 
Vertex 296: 
Vertex 297: 
Vertex 298: 
Vertex 299: 
Vertex 300: 
Vertex 301: 
Vertex 302: 
Vertex 303: 
Vertex 304: 
Vertex 305: 
Vertex 306: 
Vertex 307: 
Vertex 308: 
Vertex 309: 
Vertex 310: 
Vertex 311: 
Vertex 312: 
Vertex 313: 
Vertex 314: 
Vertex 315: 
Vertex 316: 
Vertex 317: 
Vertex 318: 
Vertex 319: 
Vertex 320: 
Vertex 321: 
Vertex 322: 
Vertex 323: 
Vertex 324: 
Vertex 325: 
Vertex 326: 
Vertex 327: 
Vertex 328: 
Vertex 329: 
Vertex 330: 
Vertex 331: 
Vertex 332: 
Vertex 333: 
Vertex 334: 
Vertex 335: 
Vertex 336: 
Vertex 337: 
Vertex 338: 
Vertex 339: 
Vertex 340: 
Vertex 341: 
Vertex 342: 
Vertex 343: 
Vertex 344: 
Vertex 345: 
Vertex 346: 
Vertex 347: 
Vertex 348: 
Vertex 349: 
Vertex 350: 
Vertex 351: 
Vertex 352: 
Vertex 353: 
Vertex 354: 
Vertex 355: 
Vertex 356: 
Vertex 357: 
Vertex 358: 
Vertex 359: 
Vertex 360: 
Vertex 361: 
Vertex 362: 
Vertex 363: 
Vertex 364: 
Vertex 365: 
Vertex 366: 
Vertex 367: 
Vertex 368: 
Vertex 369: 
Vertex 370: 
Vertex 371: 
Vertex 372: 
Vertex 373: 
Vertex 374: 
Vertex 375: 
Vertex 376: 
Vertex 377: 
Vertex 378: 
Vertex 379: 
Vertex 380: 
Vertex 381: 
Vertex 382: 
Vertex 383: 
Vertex 384: 
Vertex 385: 
Vertex 386: 
Vertex 387: 
Vertex 388: 
Vertex 389: 
Vertex 390: 
Vertex 391: 
Vertex 392: 
Vertex 393: 
Vertex 394: 
Vertex 395: 
Vertex 396: 
Vertex 397: 
Vertex 398: 
Vertex 399: 
Vertex 400: 
Vertex 401: 
Vertex 402: 
Vertex 403: 
Vertex 404: 
Vertex 405: 
Vertex 406: 
Vertex 407: 
Vertex 408: 
Vertex 409: 
Vertex 410: 
Vertex 411: 
Vertex 412: 
Vertex 413: 
Vertex 414: 
Vertex 415: 
Vertex 416: 
Vertex 417: 
Vertex 418: 
Vertex 419: 
Vertex 420: 
Vertex 421: 
Vertex 422: 
Vertex 423: 
Vertex 424: 
Vertex 425: 
Vertex 426: 
Vertex 427: 
Vertex 428: 
Vertex 429: 
Vertex 430: 
Vertex 431: 
Vertex 432: 
Vertex 433: 
Vertex 434: 
Vertex 435: 
Vertex 436: 
Vertex 437: 
Vertex 438: 
Vertex 439: 
Vertex 440: 
Vertex 441: 
Vertex 442: 
Vertex 443: 
Vertex 444: 
Vertex 445: 
Vertex 446: 
Vertex 447: 
Vertex 448: 
Vertex 449: 
Vertex 450: 
Vertex 451: 
Vertex 452: 
Vertex 453: 
Vertex 454: 
Vertex 455: 
Vertex 456: 
Vertex 457: 
Vertex 458: 
Vertex 459: 
Vertex 460: 
Vertex 461: 
Vertex 462: 
Vertex 463: 
Vertex 464: 
Vertex 465: 
Vertex 466: 
Vertex 467: 
Vertex 468: 
Vertex 469: 
Vertex 470: 
Vertex 471: 
Vertex 472: 
Vertex 473: 
Vertex 474: 
Vertex 475: 
Vertex 476: 
Vertex 477: 
Vertex 478: 
Vertex 479: 
Vertex 480: 
Vertex 481: 
Vertex 482: 
Vertex 483: 
Vertex 484: 
Vertex 485: 
Vertex 486: 
Vertex 487: 
Vertex 488: 
Vertex 489: 
Vertex 490: 
Vertex 491: 
Vertex 492: 
Vertex 493: 
Vertex 494: 
Vertex 495: 
Vertex 496: 
Vertex 497: 
Vertex 498: 
Vertex 499: 
Vertex 500: 
Vertex 501: 
Vertex 502: 
Vertex 503: 
Vertex 504: 
Vertex 505: 
Vertex 506: 
Vertex 507: 
Vertex 508: 
Vertex 509: 
Vertex 510: 
Vertex 511: 
Vertex 512: 
Vertex 513: 
Vertex 514: 
Vertex 515: 
Vertex 516: 
Vertex 517: 
Vertex 518: 
Vertex 519: 
Vertex 520: 
Vertex 521: 
Vertex 522: 
Vertex 523: 
Vertex 524: 
Vertex 525: 
Vertex 526: 
Vertex 527: 
Vertex 528: 
Vertex 529: 
Vertex 530: 
Vertex 531: 
Vertex 532: 
Vertex 533: 
Vertex 534: 
Vertex 535: 
Vertex 536: 
Vertex 537: 
Vertex 538: 
Vertex 539: 
Vertex 540: 
Vertex 541: 
Vertex 542: 
Vertex 543: 
Vertex 544: 
Vertex 545: 
Vertex 546: 
Vertex 547: 
Vertex 548: 
Vertex 549: 
Vertex 550: 
Vertex 551: 
Vertex 552: 
Vertex 553: 
Vertex 554: 
Vertex 555: 
Vertex 556: 
Vertex 557: 
Vertex 558: 
Vertex 559: 
Vertex 560: 
Vertex 561: 
Vertex 562: 
Vertex 563: 
Vertex 564: 
Vertex 565: 
Vertex 566: 
Vertex 567: 
Vertex 568: 
Vertex 569: 
Vertex 570: 
Vertex 571: 
Vertex 572: 
Vertex 573: 
Vertex 574: 
Vertex 575: 
Vertex 576: 
Vertex 577: 
Vertex 578: 
Vertex 579: 
Vertex 580: 
Vertex 581: 
Vertex 582: 
Vertex 583: 
Vertex 584: 
Vertex 585: 
Vertex 586: 
Vertex 587: 
Vertex 588: 
Vertex 589: 
Vertex 590: 
Vertex 591: 
Vertex 592: 
Vertex 593: 
Vertex 594: 
Vertex 595: 
Vertex 596: 
Vertex 597: 
Vertex 598: 
Vertex 599: 
Vertex 600: 
Vertex 601: 
Vertex 602: 
Vertex 603: 
Vertex 604: 
Vertex 605: 
Vertex 606: 
Vertex 607: 
Vertex 608: 
Vertex 609: 
Vertex 610: 
Vertex 611: 
Vertex 612: 
Vertex 613: 
Vertex 614: 
Vertex 615: 
Vertex 616: 
Vertex 617: 
Vertex 618: 
Vertex 619: 
Vertex 620: 
Vertex 621: 
Vertex 622: 
Vertex 623: 
Vertex 624: 
Vertex 625: 
Vertex 626: 
Vertex 627: 
Vertex 628: 
Vertex 629: 
Vertex 630: 
Vertex 631: 
Vertex 632: 
Vertex 633: 
Vertex 634: 
Vertex 635: 
Vertex 636: 
Vertex 637: 
Vertex 638: 
Vertex 639: 
Vertex 640: 
Vertex 641: 
Vertex 642: 
Vertex 643: 
Vertex 644: 
Vertex 645: 
Vertex 646: 
Vertex 647: 
Vertex 648: 
Vertex 649: 
Vertex 650: 
Vertex 651: 
Vertex 652: 
Vertex 653: 
Vertex 654: 
Vertex 655: 
Vertex 656: 
Vertex 657: 
Vertex 658: 
Vertex 659: 
Vertex 660: 
Vertex 661: 
Vertex 662: 
Vertex 663: 
Vertex 664: 
Vertex 665: 
Vertex 666: 
Vertex 667: 
Vertex 668: 
Vertex 669: 
Vertex 670: 
Vertex 671: 
Vertex 672: 
Vertex 673: 
Vertex 674: 
Vertex 675: 
Vertex 676: 
Vertex 677: 
Vertex 678: 
Vertex 679: 
Vertex 680: 
Vertex 681: 
Vertex 682: 
Vertex 683: 
Vertex 684: 
Vertex 685: 
Vertex 686: 
Vertex 687: 
Vertex 688: 
Vertex 689: 
Vertex 690: 
Vertex 691: 
Vertex 692: 
Vertex 693: 
Vertex 694: 
Vertex 695: 
Vertex 696: 
Vertex 697: 
Vertex 698: 
Vertex 699: 
Vertex 700: 
Vertex 701: 
Vertex 702: 
Vertex 703: 
Vertex 704: 
Vertex 705: 
Vertex 706: 
Vertex 707: 
Vertex 708: 
Vertex 709: 
Vertex 710: 
Vertex 711: 
Vertex 712: 
Vertex 713: 
Vertex 714: 
Vertex 715: 
Vertex 716: 
Vertex 717: 
Vertex 718: 
Vertex 719: 
Vertex 720: 
Vertex 721: 
Vertex 722: 
Vertex 723: 
Vertex 724: 
Vertex 725: 
Vertex 726: 
Vertex 727: 
Vertex 728: 
Vertex 729: 
Vertex 730: 
Vertex 731: 
Vertex 732: 
Vertex 733: 
Vertex 734: 
Vertex 735: 
Vertex 736: 
Vertex 737: 
Vertex 738: 
Vertex 739: 
Vertex 740: 
Vertex 741: 
Vertex 742: 
Vertex 743: 
Vertex 744: 
Vertex 745: 
Vertex 746: 
Vertex 747: 
Vertex 748: 
Vertex 749: 
Vertex 750: 
Vertex 751: 
Vertex 752: 
Vertex 753: 
Vertex 754: 
Vertex 755: 
Vertex 756: 
Vertex 757: 
Vertex 758: 
Vertex 759: 
Vertex 760: 
Vertex 761: 
Vertex 762: 
Vertex 763: 
Vertex 764: 
Vertex 765: 
Vertex 766: 
Vertex 767: 
Vertex 768: 
Vertex 769: 
Vertex 770: 
Vertex 771: 
Vertex 772: 
Vertex 773: 
Vertex 774: 
Vertex 775: 
Vertex 776: 
Vertex 777: 
Vertex 778: 
Vertex 779: 
Vertex 780: 
Vertex 781: 
Vertex 782: 
Vertex 783: 
Vertex 784: 
Vertex 785: 
Vertex 786: 
Vertex 787: 
Vertex 788: 
Vertex 789: 
Vertex 790: 
Vertex 791: 
Vertex 792: 
Vertex 793: 
Vertex 794: 
Vertex 795: 
Vertex 796: 
Vertex 797: 
Vertex 798: 
Vertex 799: 
Vertex 800: 
Vertex 801: 
Vertex 802: 
Vertex 803: 
Vertex 804: 
Vertex 805: 
Vertex 806: 
Vertex 807: 
Vertex 808: 
Vertex 809: 
Vertex 810: 
Vertex 811: 
Vertex 812: 
Vertex 813: 
Vertex 814: 
Vertex 815: 
Vertex 816: 
Vertex 817: 
Vertex 818: 
Vertex 819: 
Vertex 820: 
Vertex 821: 
Vertex 822: 
Vertex 823: 
Vertex 824: 
Vertex 825: 
Vertex 826: 
Vertex 827: 
Vertex 828: 
Vertex 829: 
Vertex 830: 
Vertex 831: 
Vertex 832: 
Vertex 833: 
Vertex 834: 
Vertex 835: 
Vertex 836: 
Vertex 837: 
Vertex 838: 
Vertex 839: 
Vertex 840: 
Vertex 841: 
Vertex 842: 
Vertex 843: 
Vertex 844: 
Vertex 845: 
Vertex 846: 
Vertex 847: 
Vertex 848: 
Vertex 849: 
Vertex 850: 
Vertex 851: 
Vertex 852: 
Vertex 853: 
Vertex 854: 
Vertex 855: 
Vertex 856: 
Vertex 857: 
Vertex 858: 
Vertex 859: 
Vertex 860: 
Vertex 861: 
Vertex 862: 
Vertex 863: 
Vertex 864: 
Vertex 865: 
Vertex 866: 
Vertex 867: 
Vertex 868: 
Vertex 869: 
Vertex 870: 
Vertex 871: 
Vertex 872: 
Vertex 873: 
Vertex 874: 
Vertex 875: 
Vertex 876: 
Vertex 877: 
Vertex 878: 
Vertex 879: 
Vertex 880: 
Vertex 881: 
Vertex 882: 
Vertex 883: 
Vertex 884: 
Vertex 885: 
Vertex 886: 
Vertex 887: 
Vertex 888: 
Vertex 889: 
Vertex 890: 
Vertex 891: 
Vertex 892: 
Vertex 893: 
Vertex 894: 
Vertex 895: 
Vertex 896: 
Vertex 897: 
Vertex 898: 
Vertex 899: 
Vertex 900: 
Vertex 901: 
Vertex 902: 
Vertex 903: 
Vertex 904: 
Vertex 905: 
Vertex 906: 
Vertex 907: 
Vertex 908: 
Vertex 909: 
Vertex 910: 
Vertex 911: 
Vertex 912: 
Vertex 913: 
Vertex 914: 
Vertex 915: 
Vertex 916: 
Vertex 917: 
Vertex 918: 
Vertex 919: 
Vertex 920: 
Vertex 921: 
Vertex 922: 
Vertex 923: 
Vertex 924: 
Vertex 925: 
Vertex 926: 
Vertex 927: 
Vertex 928: 
Vertex 929: 
Vertex 930: 
Vertex 931: 
Vertex 932: 
Vertex 933: 
Vertex 934: 
Vertex 935: 
Vertex 936: 
Vertex 937: 
Vertex 938: 
Vertex 939: 
Vertex 940: 
Vertex 941: 
Vertex 942: 
Vertex 943: 
Vertex 944: 
Vertex 945: 
Vertex 946: 
Vertex 947: 
Vertex 948: 
Vertex 949: 
Vertex 950: 
Vertex 951: 
Vertex 952: 
Vertex 953: 
Vertex 954: 
Vertex 955: 
Vertex 956: 
Vertex 957: 
Vertex 958: 
Vertex 959: 
Vertex 960: 
Vertex 961: 
Vertex 962: 
Vertex 963: 
Vertex 964: 
Vertex 965: 
Vertex 966: 
Vertex 967: 
Vertex 968: 
Vertex 969: 
Vertex 970: 
Vertex 971: 
Vertex 972: 
Vertex 973: 
Vertex 974: 
Vertex 975: 
Vertex 976: 
Vertex 977: 
Vertex 978: 
Vertex 979: 
Vertex 980: 
Vertex 981: 
Vertex 982: 
Vertex 983: 
Vertex 984: 
Vertex 985: 
Vertex 986: 
Vertex 987: 
Vertex 988: 
Vertex 989: 
Vertex 990: 
Vertex 991: 
Vertex 992: 
Vertex 993: 
Vertex 994: 
Vertex 995: 
Vertex 996: 
Vertex 997: 
Vertex 998: 
Vertex 999: 
Vertex 0: 
Vertex 1: 
Vertex 2: 3 
Vertex 3: 2 4 
Vertex 4: 3 
Vertex 5: 
Vertex 6: 
Vertex 7: 
Vertex 8: 
Vertex 9: 
Vertex 10: 
Vertex 11: 
Vertex 12: 
Vertex 13: 
Vertex 14: 
Vertex 15: 
Vertex 16: 
Vertex 17: 
Vertex 18: 
Vertex 19: 
Vertex 20: 
Vertex 21: 
Vertex 22: 
Vertex 23: 
Vertex 24: 
Vertex 25: 
Vertex 26: 
Vertex 27: 
Vertex 28: 
Vertex 29: 
Vertex 30: 
Vertex 31: 
Vertex 32: 
Vertex 33: 
Vertex 34: 
Vertex 35: 
Vertex 36: 
Vertex 37: 
Vertex 38: 
Vertex 39: 
Vertex 40: 
Vertex 41: 
Vertex 42: 
Vertex 43: 
Vertex 44: 
Vertex 45: 
Vertex 46: 
Vertex 47: 
Vertex 48: 
Vertex 49: 
Vertex 50: 
Vertex 51: 
Vertex 52: 
Vertex 53: 
Vertex 54: 
Vertex 55: 
Vertex 56: 
Vertex 57: 
Vertex 58: 
Vertex 59: 
Vertex 60: 
Vertex 61: 
Vertex 62: 
Vertex 63: 
Vertex 64: 
Vertex 65: 
Vertex 66: 
Vertex 67: 
Vertex 68: 
Vertex 69: 
Vertex 70: 
Vertex 71: 
Vertex 72: 
Vertex 73: 
Vertex 74: 
Vertex 75: 
Vertex 76: 
Vertex 77: 
Vertex 78: 
Vertex 79: 
Vertex 80: 
Vertex 81: 
Vertex 82: 
Vertex 83: 
Vertex 84: 
Vertex 85: 
Vertex 86: 
Vertex 87: 
Vertex 88: 
Vertex 89: 
Vertex 90: 
Vertex 91: 
Vertex 92: 
Vertex 93: 
Vertex 94: 
Vertex 95: 
Vertex 96: 
Vertex 97: 
Vertex 98: 
Vertex 99: 
Vertex 100: 
Vertex 101: 
Vertex 102: 
Vertex 103: 
Vertex 104: 
Vertex 105: 
Vertex 106: 
Vertex 107: 
Vertex 108: 
Vertex 109: 
Vertex 110: 
Vertex 111: 
Vertex 112: 
Vertex 113: 
Vertex 114: 
Vertex 115: 
Vertex 116: 
Vertex 117: 
Vertex 118: 
Vertex 119: 
Vertex 120: 
Vertex 121: 
Vertex 122: 
Vertex 123: 
Vertex 124: 
Vertex 125: 
Vertex 126: 
Vertex 127: 
Vertex 128: 
Vertex 129: 
Vertex 130: 
Vertex 131: 
Vertex 132: 
Vertex 133: 
Vertex 134: 
Vertex 135: 
Vertex 136: 
Vertex 137: 
Vertex 138: 
Vertex 139: 
Vertex 140: 
Vertex 141: 
Vertex 142: 
Vertex 143: 
Vertex 144: 
Vertex 145: 
Vertex 146: 
Vertex 147: 
Vertex 148: 
Vertex 149: 
Vertex 150: 
Vertex 151: 
Vertex 152: 
Vertex 153: 
Vertex 154: 
Vertex 155: 
Vertex 156: 
Vertex 157: 
Vertex 158: 
Vertex 159: 
Vertex 160: 
Vertex 161: 
Vertex 162: 
Vertex 163: 
Vertex 164: 
Vertex 165: 
Vertex 166: 
Vertex 167: 
Vertex 168: 
Vertex 169: 
Vertex 170: 
Vertex 171: 
Vertex 172: 
Vertex 173: 
Vertex 174: 
Vertex 175: 
Vertex 176: 
Vertex 177: 
Vertex 178: 
Vertex 179: 
Vertex 180: 
Vertex 181: 
Vertex 182: 
Vertex 183: 
Vertex 184: 
Vertex 185: 
Vertex 186: 
Vertex 187: 
Vertex 188: 
Vertex 189: 
Vertex 190: 
Vertex 191: 
Vertex 192: 
Vertex 193: 
Vertex 194: 
Vertex 195: 
Vertex 196: 
Vertex 197: 
Vertex 198: 
Vertex 199: 
Vertex 200: 
Vertex 201: 
Vertex 202: 
Vertex 203: 
Vertex 204: 
Vertex 205: 
Vertex 206: 
Vertex 207: 
Vertex 208: 
Vertex 209: 
Vertex 210: 
Vertex 211: 
Vertex 212: 
Vertex 213: 
Vertex 214: 
Vertex 215: 
Vertex 216: 
Vertex 217: 
Vertex 218: 
Vertex 219: 
Vertex 220: 
Vertex 221: 
Vertex 222: 
Vertex 223: 
Vertex 224: 
Vertex 225: 
Vertex 226: 
Vertex 227: 
Vertex 228: 
Vertex 229: 
Vertex 230: 
Vertex 231: 
Vertex 232: 
Vertex 233: 
Vertex 234: 
Vertex 235: 
Vertex 236: 
Vertex 237: 
Vertex 238: 
Vertex 239: 
Vertex 240: 
Vertex 241: 
Vertex 242: 
Vertex 243: 
Vertex 244: 
Vertex 245: 
Vertex 246: 
Vertex 247: 
Vertex 248: 
Vertex 249: 
Vertex 250: 
Vertex 251: 
Vertex 252: 
Vertex 253: 
Vertex 254: 
Vertex 255: 
Vertex 256: 
Vertex 257: 
Vertex 258: 
Vertex 259: 
Vertex 260: 
Vertex 261: 
Vertex 262: 
Vertex 263: 
Vertex 264: 
Vertex 265: 
Vertex 266: 
Vertex 267: 
Vertex 268: 
Vertex 269: 
Vertex 270: 
Vertex 271: 
Vertex 272: 
Vertex 273: 
Vertex 274: 
Vertex 275: 
Vertex 276: 
Vertex 277: 
Vertex 278: 
Vertex 279: 
Vertex 280: 
Vertex 281: 
Vertex 282: 
Vertex 283: 
Vertex 284: 
Vertex 285: 
Vertex 286: 
Vertex 287: 
Vertex 288: 
Vertex 289: 
Vertex 290: 
Vertex 291: 
Vertex 292: 
Vertex 293: 
Vertex 294: 
Vertex 295: 
Vertex 296: 
Vertex 297: 
Vertex 298: 
Vertex 299: 
Vertex 300: 
Vertex 301: 
Vertex 302: 
Vertex 303: 
Vertex 304: 
Vertex 305: 
Vertex 306: 
Vertex 307: 
Vertex 308: 
Vertex 309: 
Vertex 310: 
Vertex 311: 
Vertex 312: 
Vertex 313: 
Vertex 314: 
Vertex 315: 
Vertex 316: 
Vertex 317: 
Vertex 318: 
Vertex 319: 
Vertex 320: 
Vertex 321: 
Vertex 322: 
Vertex 323: 
Vertex 324: 
Vertex 325: 
Vertex 326: 
Vertex 327: 
Vertex 328: 
Vertex 329: 
Vertex 330: 
Vertex 331: 
Vertex 332: 
Vertex 333: 
Vertex 334: 
Vertex 335: 
Vertex 336: 
Vertex 337: 
Vertex 338: 
Vertex 339: 
Vertex 340: 
Vertex 341: 
Vertex 342: 
Vertex 343: 
Vertex 344: 
Vertex 345: 
Vertex 346: 
Vertex 347: 
Vertex 348: 
Vertex 349: 
Vertex 350: 
Vertex 351: 
Vertex 352: 
Vertex 353: 
Vertex 354: 
Vertex 355: 
Vertex 356: 
Vertex 357: 
Vertex 358: 
Vertex 359: 
Vertex 360: 
Vertex 361: 
Vertex 362: 
Vertex 363: 
Vertex 364: 
Vertex 365: 
Vertex 366: 
Vertex 367: 
Vertex 368: 
Vertex 369: 
Vertex 370: 
Vertex 371: 
Vertex 372: 
Vertex 373: 
Vertex 374: 
Vertex 375: 
Vertex 376: 
Vertex 377: 
Vertex 378: 
Vertex 379: 
Vertex 380: 
Vertex 381: 
Vertex 382: 
Vertex 383: 
Vertex 384: 
Vertex 385: 
Vertex 386: 
Vertex 387: 
Vertex 388: 
Vertex 389: 
Vertex 390: 
Vertex 391: 
Vertex 392: 
Vertex 393: 
Vertex 394: 
Vertex 395: 
Vertex 396: 
Vertex 397: 
Vertex 398: 
Vertex 399: 
Vertex 400: 
Vertex 401: 
Vertex 402: 
Vertex 403: 
Vertex 404: 
Vertex 405: 
Vertex 406: 
Vertex 407: 
Vertex 408: 
Vertex 409: 
Vertex 410: 
Vertex 411: 
Vertex 412: 
Vertex 413: 
Vertex 414: 
Vertex 415: 
Vertex 416: 
Vertex 417: 
Vertex 418: 
Vertex 419: 
Vertex 420: 
Vertex 421: 
Vertex 422: 
Vertex 423: 
Vertex 424: 
Vertex 425: 
Vertex 426: 
Vertex 427: 
Vertex 428: 
Vertex 429: 
Vertex 430: 
Vertex 431: 
Vertex 432: 
Vertex 433: 
Vertex 434: 
Vertex 435: 
Vertex 436: 
Vertex 437: 
Vertex 438: 
Vertex 439: 
Vertex 440: 
Vertex 441: 
Vertex 442: 
Vertex 443: 
Vertex 444: 
Vertex 445: 
Vertex 446: 
Vertex 447: 
Vertex 448: 
Vertex 449: 
Vertex 450: 
Vertex 451: 
Vertex 452: 
Vertex 453: 
Vertex 454: 
Vertex 455: 
Vertex 456: 
Vertex 457: 
Vertex 458: 
Vertex 459: 
Vertex 460: 
Vertex 461: 
Vertex 462: 
Vertex 463: 
Vertex 464: 
Vertex 465: 
Vertex 466: 
Vertex 467: 
Vertex 468: 
Vertex 469: 
Vertex 470: 
Vertex 471: 
Vertex 472: 
Vertex 473: 
Vertex 474: 
Vertex 475: 
Vertex 476: 
Vertex 477: 
Vertex 478: 
Vertex 479: 
Vertex 480: 
Vertex 481: 
Vertex 482: 
Vertex 483: 
Vertex 484: 
Vertex 485: 
Vertex 486: 
Vertex 487: 
Vertex 488: 
Vertex 489: 
Vertex 490: 
Vertex 491: 
Vertex 492: 
Vertex 493: 
Vertex 494: 
Vertex 495: 
Vertex 496: 
Vertex 497: 
Vertex 498: 
Vertex 499: 
Vertex 500: 
Vertex 501: 
Vertex 502: 
Vertex 503: 
Vertex 504: 
Vertex 505: 
Vertex 506: 
Vertex 507: 
Vertex 508: 
Vertex 509: 
Vertex 510: 
Vertex 511: 
Vertex 512: 
Vertex 513: 
Vertex 514: 
Vertex 515: 
Vertex 516: 
Vertex 517: 
Vertex 518: 
Vertex 519: 
Vertex 520: 
Vertex 521: 
Vertex 522: 
Vertex 523: 
Vertex 524: 
Vertex 525: 
Vertex 526: 
Vertex 527: 
Vertex 528: 
Vertex 529: 
Vertex 530: 
Vertex 531: 
Vertex 532: 
Vertex 533: 
Vertex 534: 
Vertex 535: 
Vertex 536: 
Vertex 537: 
Vertex 538: 
Vertex 539: 
Vertex 540: 
Vertex 541: 
Vertex 542: 
Vertex 543: 
Vertex 544: 
Vertex 545: 
Vertex 546: 
Vertex 547: 
Vertex 548: 
Vertex 549: 
Vertex 550: 
Vertex 551: 
Vertex 552: 
Vertex 553: 
Vertex 554: 
Vertex 555: 
Vertex 556: 
Vertex 557: 
Vertex 558: 
Vertex 559: 
Vertex 560: 
Vertex 561: 
Vertex 562: 
Vertex 563: 
Vertex 564: 
Vertex 565: 
Vertex 566: 
Vertex 567: 
Vertex 568: 
Vertex 569: 
Vertex 570: 
Vertex 571: 
Vertex 572: 
Vertex 573: 
Vertex 574: 
Vertex 575: 
Vertex 576: 
Vertex 577: 
Vertex 578: 
Vertex 579: 
Vertex 580: 
Vertex 581: 
Vertex 582: 
Vertex 583: 
Vertex 584: 
Vertex 585: 
Vertex 586: 
Vertex 587: 
Vertex 588: 
Vertex 589: 
Vertex 590: 
Vertex 591: 
Vertex 592: 
Vertex 593: 
Vertex 594: 
Vertex 595: 
Vertex 596: 
Vertex 597: 
Vertex 598: 
Vertex 599: 
Vertex 600: 
Vertex 601: 
Vertex 602: 
Vertex 603: 
Vertex 604: 
Vertex 605: 
Vertex 606: 
Vertex 607: 
Vertex 608: 
Vertex 609: 
Vertex 610: 
Vertex 611: 
Vertex 612: 
Vertex 613: 
Vertex 614: 
Vertex 615: 
Vertex 616: 
Vertex 617: 
Vertex 618: 
Vertex 619: 
Vertex 620: 
Vertex 621: 
Vertex 622: 
Vertex 623: 
Vertex 624: 
Vertex 625: 
Vertex 626: 
Vertex 627: 
Vertex 628: 
Vertex 629: 
Vertex 630: 
Vertex 631: 
Vertex 632: 
Vertex 633: 
Vertex 634: 
Vertex 635: 
Vertex 636: 
Vertex 637: 
Vertex 638: 
Vertex 639: 
Vertex 640: 
Vertex 641: 
Vertex 642: 
Vertex 643: 
Vertex 644: 
Vertex 645: 
Vertex 646: 
Vertex 647: 
Vertex 648: 
Vertex 649: 
Vertex 650: 
Vertex 651: 
Vertex 652: 
Vertex 653: 
Vertex 654: 
Vertex 655: 
Vertex 656: 
Vertex 657: 
Vertex 658: 
Vertex 659: 
Vertex 660: 
Vertex 661: 
Vertex 662: 
Vertex 663: 
Vertex 664: 
Vertex 665: 
Vertex 666: 
Vertex 667: 
Vertex 668: 
Vertex 669: 
Vertex 670: 
Vertex 671: 
Vertex 672: 
Vertex 673: 
Vertex 674: 
Vertex 675: 
Vertex 676: 
Vertex 677: 
Vertex 678: 
Vertex 679: 
Vertex 680: 
Vertex 681: 
Vertex 682: 
Vertex 683: 
Vertex 684: 
Vertex 685: 
Vertex 686: 
Vertex 687: 
Vertex 688: 
Vertex 689: 
Vertex 690: 
Vertex 691: 
Vertex 692: 
Vertex 693: 
Vertex 694: 
Vertex 695: 
Vertex 696: 
Vertex 697: 
Vertex 698: 
Vertex 699: 
Vertex 700: 
Vertex 701: 
Vertex 702: 
Vertex 703: 
Vertex 704: 
Vertex 705: 
Vertex 706: 
Vertex 707: 
Vertex 708: 
Vertex 709: 
Vertex 710: 
Vertex 711: 
Vertex 712: 
Vertex 713: 
Vertex 714: 
Vertex 715: 
Vertex 716: 
Vertex 717: 
Vertex 718: 
Vertex 719: 
Vertex 720: 
Vertex 721: 
Vertex 722: 
Vertex 723: 
Vertex 724: 
Vertex 725: 
Vertex 726: 
Vertex 727: 
Vertex 728: 
Vertex 729: 
Vertex 730: 
Vertex 731: 
Vertex 732: 
Vertex 733: 
Vertex 734: 
Vertex 735: 
Vertex 736: 
Vertex 737: 
Vertex 738: 
Vertex 739: 
Vertex 740: 
Vertex 741: 
Vertex 742: 
Vertex 743: 
Vertex 744: 
Vertex 745: 
Vertex 746: 
Vertex 747: 
Vertex 748: 
Vertex 749: 
Vertex 750: 
Vertex 751: 
Vertex 752: 
Vertex 753: 
Vertex 754: 
Vertex 755: 
Vertex 756: 
Vertex 757: 
Vertex 758: 
Vertex 759: 
Vertex 760: 
Vertex 761: 
Vertex 762: 
Vertex 763: 
Vertex 764: 
Vertex 765: 
Vertex 766: 
Vertex 767: 
Vertex 768: 
Vertex 769: 
Vertex 770: 
Vertex 771: 
Vertex 772: 
Vertex 773: 
Vertex 774: 
Vertex 775: 
Vertex 776: 
Vertex 777: 
Vertex 778: 
Vertex 779: 
Vertex 780: 
Vertex 781: 
Vertex 782: 
Vertex 783: 
Vertex 784: 
Vertex 785: 
Vertex 786: 
Vertex 787: 
Vertex 788: 
Vertex 789: 
Vertex 790: 
Vertex 791: 
Vertex 792: 
Vertex 793: 
Vertex 794: 
Vertex 795: 
Vertex 796: 
Vertex 797: 
Vertex 798: 
Vertex 799: 
Vertex 800: 
Vertex 801: 
Vertex 802: 
Vertex 803: 
Vertex 804: 
Vertex 805: 
Vertex 806: 
Vertex 807: 
Vertex 808: 
Vertex 809: 
Vertex 810: 
Vertex 811: 
Vertex 812: 
Vertex 813: 
Vertex 814: 
Vertex 815: 
Vertex 816: 
Vertex 817: 
Vertex 818: 
Vertex 819: 
Vertex 820: 
Vertex 821: 
Vertex 822: 
Vertex 823: 
Vertex 824: 
Vertex 825: 
Vertex 826: 
Vertex 827: 
Vertex 828: 
Vertex 829: 
Vertex 830: 
Vertex 831: 
Vertex 832: 
Vertex 833: 
Vertex 834: 
Vertex 835: 
Vertex 836: 
Vertex 837: 
Vertex 838: 
Vertex 839: 
Vertex 840: 
Vertex 841: 
Vertex 842: 
Vertex 843: 
Vertex 844: 
Vertex 845: 
Vertex 846: 
Vertex 847: 
Vertex 848: 
Vertex 849: 
Vertex 850: 
Vertex 851: 
Vertex 852: 
Vertex 853: 
Vertex 854: 
Vertex 855: 
Vertex 856: 
Vertex 857: 
Vertex 858: 
Vertex 859: 
Vertex 860: 
Vertex 861: 
Vertex 862: 
Vertex 863: 
Vertex 864: 
Vertex 865: 
Vertex 866: 
Vertex 867: 
Vertex 868: 
Vertex 869: 
Vertex 870: 
Vertex 871: 
Vertex 872: 
Vertex 873: 
Vertex 874: 
Vertex 875: 
Vertex 876: 
Vertex 877: 
Vertex 878: 
Vertex 879: 
Vertex 880: 
Vertex 881: 
Vertex 882: 
Vertex 883: 
Vertex 884: 
Vertex 885: 
Vertex 886: 
Vertex 887: 
Vertex 888: 
Vertex 889: 
Vertex 890: 
Vertex 891: 
Vertex 892: 
Vertex 893: 
Vertex 894: 
Vertex 895: 
Vertex 896: 
Vertex 897: 
Vertex 898: 
Vertex 899: 
Vertex 900: 
Vertex 901: 
Vertex 902: 
Vertex 903: 
Vertex 904: 
Vertex 905: 
Vertex 906: 
Vertex 907: 
Vertex 908: 
Vertex 909: 
Vertex 910: 
Vertex 911: 
Vertex 912: 
Vertex 913: 
Vertex 914: 
Vertex 915: 
Vertex 916: 
Vertex 917: 
Vertex 918: 
Vertex 919: 
Vertex 920: 
Vertex 921: 
Vertex 922: 
Vertex 923: 
Vertex 924: 
Vertex 925: 
Vertex 926: 
Vertex 927: 
Vertex 928: 
Vertex 929: 
Vertex 930: 
Vertex 931: 
Vertex 932: 
Vertex 933: 
Vertex 934: 
Vertex 935: 
Vertex 936: 
Vertex 937: 
Vertex 938: 
Vertex 939: 
Vertex 940: 
Vertex 941: 
Vertex 942: 
Vertex 943: 
Vertex 944: 
Vertex 945: 
Vertex 946: 
Vertex 947: 
Vertex 948: 
Vertex 949: 
Vertex 950: 
Vertex 951: 
Vertex 952: 
Vertex 953: 
Vertex 954: 
Vertex 955: 
Vertex 956: 
Vertex 957: 
Vertex 958: 
Vertex 959: 
Vertex 960: 
Vertex 961: 
Vertex 962: 
Vertex 963: 
Vertex 964: 
Vertex 965: 
Vertex 966: 
Vertex 967: 
Vertex 968: 
Vertex 969: 
Vertex 970: 
Vertex 971: 
Vertex 972: 
Vertex 973: 
Vertex 974: 
Vertex 975: 
Vertex 976: 
Vertex 977: 
Vertex 978: 
Vertex 979: 
Vertex 980: 
Vertex 981: 
Vertex 982: 
Vertex 983: 
Vertex 984: 
Vertex 985: 
Vertex 986: 
Vertex 987: 
Vertex 988: 
Vertex 989: 
Vertex 990: 
Vertex 991: 
Vertex 992: 
Vertex 993: 
Vertex 994: 
Vertex 995: 
Vertex 996: 
Vertex 997: 
Vertex 998: 
Vertex 999: 
