Vertex 0: 1 
Vertex 1: 0 2 
Vertex 2: 1 
Yes
Yes
Vertex 0: 2 
Vertex 1: 
Vertex 2: 0 
Yes
Yes
Vertex 0: 2 
Vertex 1: 
Vertex 2: 0 
