Vertex 0: 6 8 10 
Vertex 1: 9 11 
Vertex 2: 3 5 
Vertex 3: 2 4 
Vertex 4: 3 5 
Vertex 5: 2 4 
Vertex 6: 0 8 
Vertex 7: 9 11 
Vertex 8: 0 6 
Vertex 9: 1 7 
Vertex 10: 0 
Vertex 11: 1 7 
Yes
Yes
Vertex 0: 1 2 3 4 5 7 9 11 
Vertex 1: 0 2 3 4 5 6 7 8 10 
Vertex 2: 0 1 4 6 7 8 9 10 11 
Vertex 3: 0 1 5 6 7 8 9 10 11 
Vertex 4: 0 1 2 6 7 8 9 10 11 
Vertex 5: 0 1 3 6 7 8 9 10 11 
Vertex 6: 1 2 3 4 5 7 9 10 11 
Vertex 7: 0 1 2 3 4 5 6 8 10 
Vertex 8: 1 2 3 4 5 7 9 10 11 
Vertex 9: 0 2 3 4 5 6 8 10 11 
Vertex 10: 1 2 3 4 5 6 7 8 9 11 
Vertex 11: 0 2 3 4 5 6 8 9 10 
Vertex 0: 1 2 3 4 5 7 9 11 
Vertex 1: 0 2 3 4 5 6 7 8 10 
Vertex 2: 0 1 4 6 7 8 9 10 11 
Vertex 3: 0 1 4 5 6 7 8 9 10 11 
Vertex 4: 0 1 2 3 6 7 8 9 10 11 
Vertex 5: 0 1 3 6 7 8 9 10 11 
Vertex 6: 1 2 3 4 5 7 9 10 11 
Vertex 7: 0 1 2 3 4 5 6 8 10 
Vertex 8: 1 2 3 4 5 7 9 10 11 
Vertex 9: 0 2 3 4 5 6 8 10 11 
Vertex 10: 1 2 3 4 5 6 7 8 9 11 
Vertex 11: 0 2 3 4 5 6 8 9 10 
Vertex 0: 
Vertex 1: 7 
Vertex 2: 8 
Vertex 3: 9 
Vertex 4: 10 
Vertex 5: 11 
Vertex 6: 
Vertex 7: 1 
Vertex 8: 2 
Vertex 9: 3 
Vertex 10: 4 
Vertex 11: 5 
No
No
Vertex 0: 1 2 3 4 5 6 7 8 9 10 11 
Vertex 1: 0 2 3 4 5 8 9 10 11 
Vertex 2: 0 1 3 4 5 6 7 9 10 11 
Vertex 3: 0 1 2 4 5 6 7 8 10 11 
Vertex 4: 0 1 2 3 5 6 7 8 9 11 
Vertex 5: 0 1 2 3 4 6 7 8 9 10 
Vertex 6: 0 2 3 4 5 7 8 9 10 11 
Vertex 7: 0 2 3 4 5 6 8 9 10 11 
Vertex 8: 0 1 3 4 5 6 7 9 10 11 
Vertex 9: 0 1 2 4 5 6 7 8 10 11 
Vertex 10: 0 1 2 3 5 6 7 8 9 11 
Vertex 11: 0 1 2 3 4 6 7 8 9 10 
