Vertex 0: 1 2 3 4 
Vertex 1: 0 2 3 
Vertex 2: 0 1 3 
Vertex 3: 0 1 2 
Vertex 4: 0 
Yes
Vertex 0: 1 3 4 
Vertex 1: 0 2 3 
Vertex 2: 1 
Vertex 3: 0 1 
Vertex 4: 0 
Yes
Yes
