2607 2136 -2570 1871 1476 
-770.910000 -4301.958800 1760.760300 4234.182100 3929.134800 -3759.343300 480.838900 
-2788 -5346 -1515 1484 -8658 -14826 -7153 5887 -11900 -14158 3245 626 -5921 -5259 
