-553 334 -933 -828 -4850 
262
-522.710000 -961.460000 -2582.940000 
6o91H6o91H6o91H6o91HLd2yBMLd2yBMrMWVZ
-16632 175731 319938 32700 553461 472206 423552 -267714 503316 
-822.060000 422.320000 
-80534 276687 -267351 -52969 284313 886630 665015 686479 337449 60099 
537.800000 
-47578
-265854 -565938 73942 1309414 464443 -346239 965582 768870 -1517235 180209 883562 574744 -154801 687269 -101369 -519793 
