424123.428000 524308.110600 460176.103600 1462831.647000 366294.666100 -356038.117400 -67928.790200 1062038.258100 -1487385.057600 -837700.544700 -147427.446000 1313177.295200 -486516.301000 -1243560.606600 660977.827700 727770.728300 -836347.788500 -297957.090300 529904.575800 
-633.160000
-19868214.320000
-654 956 -2283 -3596 -3425 5538 
664.250000 552.480000 2791.920000 3491.120000 4404.900000 -310.920000 -4403.840000 
33724.967500 539748.311700 1103990.397700 808062.301700 984835.223200 -174921.687700 -548332.648000 -1326718.016300 -767287.888600 -365871.929800 9775.308200 49977.553200 
174 -1352 321 3192 545 1284 -5320 -6456 3312 
-502.700000 20.920000 -1612.200000 3223.080000 -3059.500000 -2523.720000 
913.180000 254.520000 2428.560000 2132.960000 -106.500000 -1386.120000 
-554229 -81847 -989479 425352 361563 211500 1538261 -113158 2116500 980805 934589 1094850 -496273 -1136884 -782744 -1181948 -183300 -2039437 -1352570 -1106414 -1651191 -1739513 53451 820499 -1061326 1553431 319492 960686 140451 852544 286337 8390 
74430.610000
kihPBNRQuDOHj43VQRvaa3R0HWnFT4jOZVWOMhD8
-482375044.800000
679449.100000
-25 1820 -663 -3984 -2730 -3744 
326325.480000
-2500
-670 -1356 
kqayIkqayIkqayIkqayIkqayIkqayIkqayIkqayIkqayIkqayIkqayIkqayIkqayIkqayIkqayIkqayIkqayIkqayIkqayIkqayIkqayIkqayIkqayIkqayIkqayIkqayIkqayIkqayIkqayIkqayIkqayIkqayIkqayIkqayIkqayIkqayIkqayIkqayIkqayIkqayIkqayIkqayIkqayIkqayIkqayIkqayIkqayIkqayIkqayIkqayIkqayIkqayIkqayIkqayIkqayIkqayIkqayIkqayIkqayIkqayIkqayIkqayIkqayIkqayI2T5luwQBk2T5luwQBk2T5luwQBk2T5luwQBk2T5luwQBk2T5luwQBk2T5luwQBk2T5luwQBkKc
211.120000 -701.160000 -1136.490000 3869.760000 -1738.500000 -2025.480000 -6156.290000 
gih89umfBgih89umfBgih89umfBgih89umfBq3Uf1vhaAV
2212348.020000
12538487408.070000
623.240000 1826.560000 1558.800000 2072.320000 
bGPDzRwK5LIDPA6IlXm5LmjmuseL51PdZGOJerI
-683.660000 816.340000 2693.940000 -1771.000000 -4669.850000 -1658.520000 -6132.070000 
1260
40959523
82842
-109175.582400 441917.220000 -247888.095200 -434915.953800 530956.998600 323882.997200 -1866151.521400 -452463.767900 1022258.034400 1038534.717700 132421.680300 -209086.908900 1317459.075900 1290271.044500 727363.181500 -466713.198800 -629308.427700 
6007748
rGN4drGN4drGN4drGN4drGN4drGN4drGN4drGN4drGN4drGN4drGN4drGN4drGN4drGN4drGN4drGN4drGN4drGN4drGN4drGN4drGN4drGN4drGN4drGN4drGN4drGN4drGN4drGN4drGN4drGN4drGN4drGN4drGN4drGN4drGN4drGN4drGN4drGN4drGN4drGN4drGN4drGN4drGN4drGN4drGN4drGN4drGN4drGN4drGN4drGN4drGN4drGN4drGN4drGN4drGN4drGN4drGN4drGN4drGN4drGN4drGN4drGN4drGN4drGN4drGN4drGN4drGN4drGN4drGN4drGN4drGN4drGN4drGN4drGN4drGN4drGN4drGN4drGN4drGN4drGN4drGN4drGN4drGN4drGN4drGN4drGN4drGN4drGN4drGN4drGN4drGN4drGN4drGN4drGN4drGN4drGN4drGN4drGN4drGN4drGN4drGN4drGN4drGN4drGN4drGN4drGN4drGN4drGN4drGN4drGN4drGN4drGN4drGN4drGN4drGN4drGN4drGN4drGN4drGN4drGN4drGN4drGN4drGN4drGN4drGN4drGN4drGN4drGN4drGN4drGN4drGN4drGN4drGN4drGN4drGN4drGN4drGN4drGN4drGN4drGN4drGN4drGN4drGN4drGN4drGN4drGN4drGN4drGN4drGN4drGN4drGN4drGN4drGN4drGN4drGN4drGN4drGN4drGN4drGN4drGN4drGN4drGN4drGN4drGN4drGN4drGN4drGN4drGN4drGN4drGN4drGN4drGN4drGN4drGN4drGN4drGN4drGN4drGN4drGN4drGN4drGN4drGN4drGN4drGN4drGN4drGN4drGN4drGN4drGN4drGN4drGN4drGN4drGN4drGN4drGN4drGN4drGN4drGN4drGN4drGN4drGN4drGN4drGN4drGN4drGN4drGN4drGN4drGN4drGN4drGN4drGN4drGN4drGN4drGN4drGN4drGN4drGN4drGN4drGN4drGN4drGN4drGN4drGN4drGN4drGN4drGN4drGN4drGN4drGN4drGN4drGN4drGN4drGN4drGN4drGN4drGN4drGN4drGN4drGN4drGN4drGN4drGN4drGN4drGN4drGN4drGN4drGN4drGN4drGN4drGN4drGN4drGN4drGN4drGN4drGN4drGN4drGN4drGN4drGN4drGN4drGN4drGN4drGN4drGN4drGN4drGN4drGN4drGN4drGN4drGN4drGN4drGN4drGN4drGN4drGN4drGN4drGN4drGN4drGN4drGN4drGN4drGN4drGN4drGN4drGN4drGN4drGN4drGN4drGN4drGN4drGN4drGN4drGN4drGN4drGN4drGN4drGN4drGN4drGN4drGN4drGN4drGN4drGN4drGN4drGN4drGN4drGN4drGN4drGN4drGN4drGN4drGN4drGN4drGN4drGN4drGN4drGN4drGN4drGN4drGN4drGN4drGN4drGN4drGN4drGN4drGN4drGN4drGN4drGN4drGN4drGN4drGN4drGN4drGN4drGN4drGN4drGN4drGN4drGN4drGN4drGN4drGN4drGN4drGN4drGN4drGN4drGN4drGN4drGN4drGN4drGN4drGN4drGN4drGN4drGN4drGN4drGN4drGN4drGN4drGN4drGN4drGN4drGN4drGN4drGN4drGN4drGN4drGN4drGN4drGN4drGN4drGN4drGN4drGN4drGN4drGN4drGN4drGN4drGN4drGN4drGN4drGN4drGN4drGN4drGN4drGN4drGN4drGN4drGN4drGN4drGN4drGN4drGN4drGN4drGN4drGN4drGN4drGN4drGN4drGN4drGN4drGN4drGN4drGN4drGN4drGN4drGN4drGN4drGN4drGN4drGN4drGN4drGN4drGN4drGN4drGN4drGN4drGN4drGN4drGN4drGN4drGN4drGN4drGN4drGN4drGN4drGN4drGN4drGN4drGN4drGN4drGN4drGN4drGN4drGN4drGN4drGN4drGN4drGN4drGN4drGN4drGN4drGN4drGN4drGN4drGN4drGN4drGN4drGN4drGN4drGN4drGN4drGN4drGN4drGN4drGN4drGN4drGN4drGN4drGN4drGN4drGN4drGN4drGN4drGN4drGN4drGN4drGN4drGN4drGN4drGN4drGN4drGN4drGN4drGN4drGN4drGN4drGN4drGN4drGN4drGN4drGN4drGN4drGN4drGN4drGN4drGN4drGN4drGN4drGN4drGN4drGN4drGN4drGN4drGN4drGN4drGN4drGN4drGN4drGN4drGN4drGN4drGN4drGN4drGN4drGN4drGN4drGN4drGN4drGN4drGN4drGN4drGN4drGN4drGN4drGN4drGN4drGN4drGN4drGN4drGN4drGN4drGN4drGN4drGN4drGN4drGN4drGN4drGN4drGN4drGN4drGN4drGN4drGN4drGN4drGN4drGN4drGN4drGN4drGN4drGN4drGN4drGN4drGN4drGN4drGN4drGN4drGN4drGN4drGN4drGN4drGN4drGN4drGN4drGN4drGN4drGN4drGN4drGN4drGN4drGN4drGN4drGN4drGN4drGN4drGN4drGN4drGN4drGN4drGN4drGN4drGN4drGN4drGN4drGN4drGN4drGN4drGN4drGN4drGN4drGN4drGN4drGN4drGN4drGN4drGN4drGN4drGN4drGN4drGN4drGN4drGN4drGN4drGN4drGN4drGN4drGN4drGN4drGN4drGN4drGN4drGN4drGN4drGN4drGN4drGN4drGN4drGN4drGN4drGN4drGN4drGN4drGN4drGN4drGN4drGN4drGN4drGN4drGN4drGN4drGN4drGN4drGN4drGN4drGN4drGN4drGN4drGN4drGN4drGN4drGN4drGN4drGN4drGN4drGN4drGN4drGN4drGN4drGN4drGN4drGN4drGN4drGN4drGN4drGN4drGN4drGN4drGN4drGN4drGN4drGN4drGN4drGN4drGN4drGN4drGN4drGN4drGN4drGN4drGN4drGN4drGN4drGN4drGN4drGN4drGN4drGN4drGN4drGN4drGN4drGN4drGN4drGN4drGN4drGN4drGN4drGN4drGN4drGN4drGN4drGN4drGN4drGN4drGN4drGN4drGN4drGN4drGN4drGN4drGN4drGN4drGN4drGN4drGN4drGN4drGN4drGN4drGN4drGN4drGN4drGN4drGN4drGN4drGN4drGN4drGN4drGN4drGN4drGN4drGN4drGN4drGN4drGN4drGN4drGN4drGN4drGN4drGN4drGN4drGN4drGN4drGN4drGN4drGN4drGN4drGN4drGN4drGN4drGN4drGN4drGN4drGN4drGN4drGN4drGN4drGN4drGN4drGN4drGN4drGN4drGN4drGN4drGN4drGN4drGN4drGN4drGN4drGN4drGN4drGN4drGN4drGN4drGN4drGN4drGN4drGN4drGN4drGN4drGN4drGN4drGN4drGN4drGN4drGN4drGN4drGN4drGN4drGN4drGN4drGN4drGN4drGN4drGN4drGN4drGN4drGN4drGN4drGN4drGN4drGN4drGN4drGN4drGN4drGN4drGN4drGN4drGN4drGN4drGN4drGN4drGN4drGN4drGN4drGN4drGN4drGN4drGN4drGN4drGN4drGN4drGN4drGN4drGN4drGN4drGN4drGN4drGN4drGN4drGN4drGN4drGN4drGN4drGN4drGN4drGN4drGN4drGN4drGN4drGN4drGN4drGN4drGN4drGN4drGN4drGN4drGN4drGN4drGN4drGN4drGN4drGN4drGN4drGN4drGN4drGN4drGN4drGN4drGN4drGN4drGN4drGN4drGN4drGN4drGN4drGN4drGN4drGN4drGN4drGN4drGN4drGN4drGN4drGN4drGN4drGN4drGN4drGN4drGN4drGN4drGN4drGN4drGN4drGN4drGN4drGN4drGN4drGN4drGN4drGN4drGN4drGN4drGN4drGN4drGN4drGN4drGN4drGN4drGN4drGN4drGN4drGN4drGN4drGN4drGN4drGN4drGN4drGN4drGN4drGN4drGN4drGN4drGN4drGN4drGN4drGN4drGN4drGN4drGN4drGN4drGN4drGN4drGN4drGN4drGN4drGN4drGN4drGN4drGN4drGN4drGN4drGN4drGN4drGN4drGN4drGN4drGN4drGN4drGN4drGN4drGN4drGN4drGN4drGN4drGN4drGN4drGN4drGN4drGN4drGN4drGN4drGN4drGN4drGN4drGN4drGN4drGN4drGN4drGN4drGN4drGN4drGN4drGN4drGN4drGN4drGN4drGN4drGN4drGN4drGN4drGN4drGN4drGN4drGN4drGN4drGN4drGN4drGN4drGN4drGN4drGN4drGN4drGN4drGN4drGN4drGN4drGN4drGN4drGN4drGN4drGN4drGN4drGN4drGN4drGN4drGN4drGN4drGN4drGN4drGN4drGN4drGN4drGN4drGN4drGN4drGN4drGN4drGN4drGN4drGN4drGN4drGN4drGN4drGN4drGN4drGN4drGN4drGN4drGN4drGN4drGN4drGN4drGN4drGN4drGN4drGN4drGN4drGN4drGN4drGN4drGN4drGN4drGN4drGN4drGN4drGN4drGN4drGN4drGN4drGN4drGN4drGN4drGN4drGN4drGN4dwBwBwBwBwBwBwBwBwBwBwBwBwBwBwBwBwBwBwBwBwBwBwBwBwBwBwBwBwBwBwBwBwBwBwBwBwBwBwBwBwBwBwBwBwBwBwBwBwBwBwBwBwBwBwBwBwBwBwBwBwBwBwBwBwBwBwBwBwBwBwBwBwBwBwBwBwBwBwBwBwBwBwBwBwBwBwBwBwBwBwBwBwBwBwBwBwBwBwBwBwBwBwBwBwBwBwBwBwBwBwBwBwBwBwBwBwBwBwBwBwBwBwBwBwBwBwBwBwBwBwBwBwBwBwBwBwBwBwBwBwBwBwBwBwBwBwBwBwBwBwBwBwBwBwBwBwBwBwBwBwBwBwBwBwBwBwBwBwBwBwBwBwBwBwBwBwBwBwBwBwBwBwBwBwBwBwBwBwBwBwBwBwBwBwBwBwBwBwBwBwBwBwBwBwBwBwBwBwBwBwBwBwBwBwBwBwBwBwBwBwBwBwBwBwBwBwBwBwBwBwBwBwBwBwBwBwBwBwBwBwBwBwBwBwBwBwBwBwBwBwBwBwBwBwBwBwBwBwBwBwBwBwBwBwBwBwBwBwBwBwBwBwBwBwBwBwBwBwBwBwBwBwBwBwBwBwBwBwBwBwBwBwBwBwBwBwBwBwBwBwBwBwBwBwBwBwBwBwBwBwBwBwBwBwBwBwBwBwBwBwBwBwBwBwBwBwBwBwBwBwBwBwBwBwBwBwBwBwBwBwBwBwBwBwBwBwBwBwBwBwBwBwBwBwBwBwBwBwBwBwBwBwBwBwBwBwBwBwBwBwBwBwBwBwBwBwBwBwBwBwBwBwBwBwBwBwBwBwBwBwBwBwBwBwBwBwBwBwBwBwBwBwBwBwBwBwBwBwBwBwBwBwBwBwBwBwBwBwBwBwBwBwBwBwBwBwBwBwBwBwBwBwBwBwBwBwBwBwBwBwBwBwBwBwBwBwBwBwBwBwBwBwBwBwBwBwBwBwBwBwBwBwBwBwBwBwBwBwBwBwBwBwBwBwBwBwBwBwBwBwBwBwBwBwBwBwBwBwBwBwBwBwBwBwBwBwBwBwBwBwBwBwBwBwBwBwBwBwBwBwBwBDByUDByUDByUDByUDByUDByUDByUDByUDByUDByUDByUDByUDByUDByUDByUDByUDByUDByUDByUDByUDByUDByUDByUDByUDByUDByUDByUDByUDByUDByUDByUDByUDByUDByUDByUDByUDByUDByUDByUDByUDByUDByUDByUDByUDByUDByUDByUDByUDByUDByUDByUDByUDByUDByUDByUDByUDByUDByUDByUDByUDByUDByUDByUDByUDByUDByUDByUDByUDByUDByUDByUDByUDByUDByUDByUDByUDByUDByUDByUDByUDByUDByUDByUDByUDByUDByUDByUDByUDByUDByUDByUDByUDByUDByUDByUDByUDByUDByUDByUDByUDByUDByUDByUDByUDByUDByUDByUDByUDByUDByUDByUDByUDByUDByUDByUDByUDByUDByUDByUDByUDByUDByUDByUDByUDByUDByUDByUDByUDByUDByUDByUDByUDByUDByUDByUDByUDByUDByUDByUDByUDByUDByUDByUDByUDByUDByUDByUDByUDByUDByUDByUDByUDByUDByUDByUDByUDByUDByUDByUDByUDByUDByUDByUDByUDByUDByUDByUDByUDByUDByUDByUDByUDByUDByUDByUDByUDByUDByUDByUDByUDByUDByUDByUDByUDByUDByUDByUDByUDByUDByUDByUDByUDByUDByUDByUDByUDByUDByUDByUDByUDByUDByUDByUDByUDByUDByUDByUDByUDByUDByUDByUDByUDByUDByUDByUDByUDByUDByUDByUDByUDByUDByUDByUDByUDByUDByUDByUDByUDByUDByUDByUDByUDByUDByUDByUDByUDByUDByUDByUDByUDByUDByUDByUDByUDByUDByUDByUDByUDByUDByUDByUDByUDByUDByUDByUDByUC2S8jEC2S8jEC2S8jEC2S8jEC2S8jEC2S8jEC2S8jEC2S8jEC2S8jEC2S8jEC2S8jEC2S8jEC2S8jEC2S8jEC2S8jEC2S8jEC2S8jEC2S8jEC2S8jEC2S8jEC2S8jEC2S8jEC2S8jEC2S8jEC2S8jEC2S8jEC2S8jEC2S8jEC2S8jEC2S8jEC2S8jEC2S8jEC2S8jEC2S8jEC2S8jEC2S8jEC2S8jEC2S8jEC2S8jEC2S8jEC2S8jEC2S8jEC2S8jEC2S8jEC2S8jEC2S8jEC2S8jEC2S8jEC2S8jEC2S8jEC2S8jEC2S8jEC2S8jEC2S8jEC2S8jEC2S8jEC2S8jEC2S8jEC2S8jEC2S8jEC2S8jEC2S8jEC2S8jEC2S8jEC2S8jEC2S8jEC2S8jEC2S8jEC2S8jEC2S8jEC2S8jEC2S8jEC2S8jEC2S8jEC2S8jEC2S8jEC2S8jEC2S8jEC2S8jEC2S8jEC2S8jEC2S8jEC2S8jEC2S8jEC2S8jEC2S8jEC2S8jEC2S8jEC2S8jEC2S8jEC2S8jEC2S8jEC2S8jEC2S8jEC2S8jEC2S8jEC2S8jEC2S8jEC2S8jEC2S8jEC2S8jEC2S8jEC2S8jEC2S8jEC2S8jEC2S8jEC2S8jEC2S8jEC2S8jEC2S8jEC2S8jEC2S8jEC2S8jEC2S8jEC2S8jEC2S8jEC2S8jEC2S8jEC2S8jEC2S8jEC2S8jEC2S8jEC2S8jEC2S8jEC2S8jEC2S8jEC2S8jEC2S8jE7pHvNj0XS7pHvNj0XS7pHvNj0XS7pHvNj0XS7pHvNj0XS7pHvNj0XS7pHvNj0XS7pHvNj0XS7pHvNj0XS7pHvNj0XS7pHvNj0XS7pHvNj0XS7pHvNj0XS7pHvNj0XS7pHvNj0XS7pHvNj0XS7pHvNj0XS7pHvNj0XS7pHvNj0XS7pHvNj0XS7pHvNj0XS7pHvNj0XS7pHvNj0XS7pHvNj0XS7pHvNj0XS7pHvNj0XS7pHvNj0XS7pHvNj0XS7pHvNj0XS7pHvNj0XS7pHvNj0XS7pHvNj0XS7pHvNj0XS7pHvNj0XS7pHvNj0XS7pHvNj0XS7pHvNj0XS7pHvNj0XS7pHvNj0XS7pHvNj0XS7pHvNj0XS7pHvNj0XS7pHvNj0XS7pHvNj0XS7pHvNj0XS7pHvNj0XS7pHvNj0XS7pHvNj0XS7pHvNj0XS7pHvNj0XS7pHvNj0XS7pHvNj0XS7pHvNj0XS7pHvNj0XS7pHvNj0XS7pHvNj0XS7pHvNj0XS7pHvNj0XS7pHvNj0XS7pHvNj0XS7pHvNj0XS7pHvNj0XS7pHvNj0XS7pHvNj0XS7rsG70GJf7rsG70GJf7rsG70GJf7rsG70GJf7rsG70GJf7rsG70GJf7rsG70GJf7rsG70GJf7rsG70GJf7rsG70GJf7rsG70GJf7rsG70GJf7rsG70GJf7rsG70GJf7rsG70GJf7rsG70GJf7rsG70GJf7rsG70GJf7rsG70GJf7rsG70GJf7rsG70GJf7rsG70GJf7rsG70GJf7rsG70GJf7rsG70GJf7rsG70GJf7rsG70GJf7rsG70GJf7rsG70GJf7rsG70GJf7rsG70GJf7rsG70GJf00WFXmeqt00WFXmeqt00WFXmeqt00WFXmeqt00WFXmeqt00WFXmeqt00WFXmeqt00WFXmeqt00WFXmeqt00WFXmeqt00WFXmeqt00WFXmeqt00WFXmeqt00WFXmeqt00WFXmeqt00WFXmeqtdJkJuz7YNJdJkJuz7YNJdJkJuz7YNJdJkJuz7YNJdJkJuz7YNJdJkJuz7YNJdJkJuz7YNJdJkJuz7YNJFy1WFy1WFy1WFy1WfxCnfxCnP8VB
-168122 619380 404186 -219968 371623 -1339416 725886 743034 347475 708912 1573684 1717328 538021 712029 -1225655 740775 -1521327 -3582751 -496722 990868 -787215 -3295899 -679396 1405102 515529 -132106 -930604 2315375 1382591 -1816314 491227 1090768 203920 -1184200 -178535 820025 
727.180000 -1025.340000 -2375.970000 3922.920000 723.750000 5219.760000 -5759.460000 
Ue9vji46RUe9vji46RUe9vji46RUe9vji46RUe9vji46RUe9vji46RUe9vji46RUe9vji46RUe9vji46RUe9vji46RUe9vji46RUe9vji46RUe9vji46RUe9vji46RUe9vji46RUe9vji46RUe9vji46RUe9vji46RUe9vji46RUe9vji46RUe9vji46RUe9vji46RUe9vji46RUe9vji46RUe9vji46RUe9vji46RUe9vji46RUe9vji46RUe9vji46RUe9vji46RUe9vji46RUe9vji46RUe9vji46RUe9vji46RUe9vji46RUe9vji46RUe9vji46RUe9vji46RUe9vji46RUe9vji46RUe9vji46RUe9vji46RUe9vji46RUe9vji46RUe9vji46RUe9vji46RUe9vji46RUe9vji46RUe9vji46RUe9vji46RUe9vji46RUe9vji46RUe9vji46RUe9vji46RUe9vji46RUe9vji46RUe9vji46RUe9vji46RUe9vji46RUe9vji46RUe9vji46RUe9vji46RUe9vji46RUe9vji46RUe9vji46RUe9vji46RUe9vji46RUe9vji46RUe9vji46RUe9vji46RUe9vji46RUe9vji46RUe9vji46RUe9vji46RUe9vji46RUe9vji46RUe9vji46RUe9vji46RUe9vji46RUe9vji46RUe9vji46RUe9vji46RUe9vji46RUe9vji46RUe9vji46RUe9vji46RUe9vji46RUe9vji46RUe9vji46RUe9vji46RUe9vji46RUe9vji46RUe9vji46RUe9vji46RUe9vji46RUe9vji46RUe9vji46RUe9vji46RUe9vji46RUe9vji46RUe9vji46RUe9vji46RUe9vji46RUe9vji46RUe9vji46RUe9vji46RUe9vji46RUe9vji46RUe9vji46RUe9vji46RUe9vji46RUe9vji46RUe9vji46RUe9vji46RUe9vji46RUe9vji46RUe9vji46RUe9vji46RUe9vji46RUe9vji46RUe9vji46RUe9vji46RUe9vji46RUe9vji46RUe9vji46RUe9vji46RUe9vji46RUe9vji46RUe9vji46RUe9vji46RUe9vji46RUe9vji46RUe9vji46RUe9vji46RUe9vji46RUe9vji46RUe9vji46RUe9vji46RUe9vji46RUe9vji46RUe9vji46RUe9vji46RUe9vji46RUe9vji46RUe9vji46RUe9vji46RUe9vji46RUe9vji46RUe9vji46RUe9vji46RUe9vji46RUe9vji46RUe9vji46RUe9vji46RUe9vji46RUe9vji46RUe9vji46RUe9vji46RUe9vji46RUe9vji46RUe9vji46RUe9vji46RUe9vji46RUe9vji46RUe9vji46RUe9vji46RUe9vji46RUe9vji46RUe9vji46RUe9vji46RUe9vji46RUe9vji46RUe9vji46RUe9vji46RUe9vji46RUe9vji46RUe9vji46RUe9vji46RUe9vji46RUe9vji46RUe9vji46RUe9vji46RUe9vji46RUe9vji46RUe9vji46RUe9vji46RUe9vji46RUe9vji46RUe9vji46RUe9vji46RUe9vji46RUe9vji46RUe9vji46RUe9vji46RUe9vji46RUe9vji46RUe9vji46RUe9vji46RUe9vji46RUe9vji46RUe9vji46RUe9vji46RUe9vji46RUe9vji46RUe9vji46RUe9vji46RUe9vji46RUe9vji46RUe9vji46RUe9vji46RUe9vji46RUe9vji46RUe9vji46RUe9vji46RUe9vji46RUe9vji46RUe9vji46RUe9vji46RUe9vji46RUe9vji46RUe9vji46RUe9vji46RUe9vji46RUe9vji46RUe9vji46RUe9vji46RUe9vji46RUe9vji46RUe9vji46RUe9vji46RUe9vji46RUe9vji46RUe9vji46RUe9vji46RUe9vji46RUe9vji46RUe9vji46RUe9vji46RUe9vji46RUe9vji46RUe9vji46RUe9vji46RUe9vji46RUe9vji46RUe9vji46RUe9vji46RUe9vji46RUe9vji46RUe9vji46RUe9vji46RUe9vji46RUe9vji46RUe9vji46RUe9vji46RUe9vji46RUe9vji46RUe9vji46RUe9vji46RUe9vji46RUe9vji46RUe9vji46RUe9vji46RUe9vji46RUe9vji46RUe9vji46RUe9vji46RUe9vji46RUe9vji46RUe9vji46RUe9vji46RUe9vji46RUe9vji46RUe9vji46RUe9vji46RUe9vji46RUe9vji46RUe9vji46RUe9vji46RUe9vji46RUe9vji46RUe9vji46RUe9vji46RUe9vji46RUe9vji46RUe9vji46RUe9vji46RUe9vji46RUe9vji46RUe9vji46RUe9vji46RUe9vji46RUe9vji46RUe9vji46RUe9vji46RUe9vji46RUe9vji46RUe9vji46RUe9vji46RUe9vji46RUe9vji46RUe9vji46RUe9vji46RUe9vji46RUe9vji46RUe9vji46RUe9vji46RUe9vji46RUe9vji46RUe9vji46RUe9vji46RUe9vji46RUe9vji46RUe9vji46RUe9vji46RUe9vji46RUe9vji46RUe9vji46RUe9vji46RUe9vji46RUe9vji46RUe9vji46RUe9vji46RUe9vji46RUe9vji46RUe9vji46RUe9vji46RUe9vji46RUe9vji46RUe9vji46RUe9vji46RUe9vji46RUe9vji46RUe9vji46RUe9vji46RUe9vji46RUe9vji46RUe9vji46RUe9vji46RUe9vji46RUe9vji46RUe9vji46RUe9vji46RUe9vji46RUe9vji46RUe9vji46RUe9vji46RUe9vji46RUe9vji46RUe9vji46RUe9vji46RUe9vji46RUe9vji46RUe9vji46RUe9vji46RUe9vji46RUe9vji46RUe9vji46RUe9vji46RUe9vji46RUe9vji46RUe9vji46RUe9vji46RUe9vji46RUe9vji46RUe9vji46RUe9vji46RUe9vji46RUe9vji46RUe9vji46RUe9vji46RUe9vji46RUe9vji46RUe9vji46RUe9vji46RUe9vji46RUe9vji46RUe9vji46RUe9vji46RUe9vji46RUe9vji46RUe9vji46RUe9vji46RUe9vji46RUe9vji46RUe9vji46RUe9vji46RUe9vji46RUe9vji46RUe9vji46RUe9vji46RUe9vji46RUe9vji46RUe9vji46RUe9vji46RUe9vji46RUe9vji46RUe9vji46RUe9vji46RUe9vji46RUe9vji46RUe9vji46RUe9vji46RUe9vji46RUe9vji46RUe9vji46RUe9vji46RUe9vji46RUe9vji46RUe9vji46RUe9vji46RUe9vji46RUe9vji46RUe9vji46RUe9vji46RUe9vji46RUe9vji46RUe9vji46RUe9vji46RUe9vji46RUe9vji46RUe9vji46RUe9vji46RUe9vji46RUe9vji46RUe9vji46RUe9vji46RUe9vji46RUe9vji46RUe9vji46RUe9vji46RUe9vji46RUe9vji46RUe9vji46RUe9vji46RUe9vji46RUe9vji46RUe9vji46RUe9vji46RUe9vji46RUe9vji46RUe9vji46RUe9vji46RUe9vji46RUe9vji46RUe9vji46RUe9vji46RUe9vji46RUe9vji46RUe9vji46RUe9vji46RUe9vji46RUe9vji46RUe9vji46RUe9vji46RUe9vji46RUe9vji46RUe9vji46RUe9vji46RUe9vji46RUe9vji46RUe9vji46RUe9vji46RUe9vji46RUe9vji46RUe9vji46RUe9vji46RUe9vji46RUe9vji46RUe9vji46RUe9vji46RUe9vji46RUe9vji46RUe9vji46RUe9vji46RUe9vji46RUe9vji46RUe9vji46RUe9vji46RUe9vji46RUe9vji46RUe9vji46RUe9vji46RUe9vji46RUe9vji46RUe9vji46RUe9vji46RUe9vji46RUe9vji46RUe9vji46RUe9vji46RUe9vji46RUe9vji46RUe9vji46RUe9vji46RUe9vji46RUe9vji46RUe9vji46RUe9vji46RUe9vji46RUe9vji46RUe9vji46RUe9vji46RUe9vji46RUe9vji46RUe9vji46RUe9vji46RUe9vji46RUe9vji46RUe9vji46RUe9vji46RUe9vji46RUe9vji46RcS8cS8cS8cS8cS8cS8cS8cS8cS8cS8cS8cS8cS8cS8cS8cS8cS8cS8cS8cS8cS8cS8cS8cS8cS8cS8cS8cS8cS8cS8cS8cS8cS8cS8cS8cS8cS8cS8cS8cS8cS8cS8cS8cS8cS8cS8cS8cS8cS8cS8cS8cS8cS8cS8cS8cS8cS8cS8cS8cS8cS8cS8cS8cS8SrEGrp8RSrEGrp8RSrEGrp8RSrEGrp8RSrEGrp8RSrEGrp8RSrEGrp8RSrEGrp8R28SpmMx
-214 0 -336 -2588 
-646 1736 1836 200 
-121010.067100 -171283.174400 419593.571800 337027.465800 262695.958600 -589011.827800 672037.728400 513411.606500 -848337.472700 -327899.759800 -642965.632100 559860.522600 569661.846500 -531829.459100 83329.711600 531801.510400 164412.595200 
-2913
1768 72964 219342 234742 95528 -233433 -222690 -60846 -106200 273596 -2938 238992 
880.230000 -80.040000 1007.460000 -3150.920000 -1015.100000 457.740000 5235.580000 
112 
-59116739963.950000
-388855.106000 -11916.566500 248327.060000 456897.955600 194827.903700 -744571.021800 -467417.418000 -952963.951500 -191335.683600 883959.518700 -12243.958600 50940.080900 -1336912.850800 84489.660800 172232.536300 -11026.134500 654254.567100 414791.506200 820962.849000 
577829 1192784 1439914 585842 -69832 -230708 
-306.310000 -166.300000 -629.610000 665.160000 -2583.550000 -93.780000 
mrD1bxH4pkmrD1bxH4pkmrD1bxH4pkmrD1bxH4pkmrD1bxH4pkmrD1bxH4pkmrD1bxH4pkmrD1bxH4pkmrD1bxH4pkmrD1bxH4pkmrD1bxH4pkmrD1bxH4pkmrD1bxH4pkmrD1bxH4pkmrD1bxH4pkmrD1bxH4pkmrD1bxH4pkmrD1bxH4pkmrD1bxH4pkmrD1bxH4pkmrD1bxH4pkmrD1bxH4pkmrD1bxH4pkmrD1bxH4pkmrD1bxH4pkmrD1bxH4pkmrD1bxH4pkmrD1bxH4pkmrD1bxH4pkmrD1bxH4pkmrD1bxH4pkmrD1bxH4pkmrD1bxH4pkmrD1bxH4pkmrD1bxH4pkmrD1bxH4pkmrD1bxH4pkmrD1bxH4pkmrD1bxH4pkmrD1bxH4pkmrD1bxH4pkmrD1bxH4pkmrD1bxH4pkmrD1bxH4pkmrD1bxH4pkmrD1bxH4pkmrD1bxH4pkmrD1bxH4pkmrD1bxH4pkmrD1bxH4pkmrD1bxH4pkmrD1bxH4pkmrD1bxH4pkmrD1bxH4pkmrD1bxH4pkmrD1bxH4pkmrD1bxH4pkmrD1bxH4pkmrD1bxH4pkmrD1bxH4pkmrD1bxH4pkmrD1bxH4pkmrD1bxH4pkmrD1bxH4pkmrD1bxH4pkmrD1bxH4pkmrD1bxH4pkmrD1bxH4pkmrD1bxH4pkmrD1bxH4pkmrD1bxH4pkmrD1bxH4pkmrD1bxH4pkmrD1bxH4pkmrD1bxH4pkmrD1bxH4pkmrD1bxH4pkmrD1bxH4pkmrD1bxH4pkmrD1bxH4pkmrD1bxH4pkmrD1bxH4pkmrD1bxH4pkmrD1bxH4pkmrD1bxH4pkmrD1bxH4pkmrD1bxH4pkmrD1bxH4pkmrD1bxH4pkmrD1bxH4pkmrD1bxH4pkmrD1bxH4pkmrD1bxH4pkmrD1bxH4pkmrD1bxH4pkmrD1bxH4pkmrD1bxH4pkmrD1bxH4pkmrD1bxH4pkmrD1bxH4pkmrD1bxH4pkmrD1bxH4pkmrD1bxH4pkmrD1bxH4pkmrD1bxH4pkmrD1bxH4pkmrD1bxH4pkmrD1bxH4pkmrD1bxH4pkmrD1bxH4pkmrD1bxH4pkmrD1bxH4pkmrD1bxH4pkmrD1bxH4pkmrD1bxH4pkmrD1bxH4pkmrD1bxH4pkmrD1bxH4pkmrD1bxH4pkmrD1bxH4pkmrD1bxH4pkmrD1bxH4pkmrD1bxH4pkmrD1bxH4pkmrD1bxH4pkmrD1bxH4pkmrD1bxH4pkmrD1bxH4pkmrD1bxH4pkmrD1bxH4pkmrD1bxH4pkmrD1bxH4pkmrD1bxH4pkmrD1bxH4pkmrD1bxH4pkmrD1bxH4pkmrD1bxH4pkmrD1bxH4pkmrD1bxH4pkmrD1bxH4pkmrD1bxH4pkmrD1bxH4pkmrD1bxH4pkmrD1bxH4pkmrD1bxH4pkmrD1bxH4pkmrD1bxH4pkmrD1bxH4pkmrD1bxH4pkmrD1bxH4pkmrD1bxH4pkmrD1bxH4pkmrD1bxH4pkmrD1bxH4pkmrD1bxH4pkmrD1bxH4pkmrD1bxH4pkmrD1bxH4pkmrD1bxH4pkmrD1bxH4pkmrD1bxH4pkmrD1bxH4pkmrD1bxH4pkmrD1bxH4pkmrD1bxH4pkmrD1bxH4pkmrD1bxH4pkmrD1bxH4pkmrD1bxH4pkmrD1bxH4pkmrD1bxH4pkmrD1bxH4pkmrD1bxH4pkmrD1bxH4pkmrD1bxH4pkmrD1bxH4pkmrD1bxH4pkmrD1bxH4pkmrD1bxH4pkmrD1bxH4pkmrD1bxH4pkmrD1bxH4pkmrD1bxH4pkmrD1bxH4pkmrD1bxH4pkmrD1bxH4pkmrD1bxH4pkmrD1bxH4pkmrD1bxH4pkmrD1bxH4pkmrD1bxH4pkmrD1bxH4pkmrD1bxH4pkmrD1bxH4pkmrD1bxH4pkmrD1bxH4pkmrD1bxH4pkmrD1bxH4pkmrD1bxH4pkmrD1bxH4pkmrD1bxH4pkmrD1bxH4pkmrD1bxH4pkmrD1bxH4pkmrD1bxH4pkmrD1bxH4pkmrD1bxH4pkmrD1bxH4pkmrD1bxH4pkmrD1bxH4pkmrD1bxH4pkmrD1bxH4pkmrD1bxH4pkmrD1bxH4pkmrD1bxH4pkmrD1bxH4pkmrD1bxH4pkmrD1bxH4pkmrD1bxH4pkmrD1bxH4pkmrD1bxH4pkmrD1bxH4pkmrD1bxH4pkmrD1bxH4pkmrD1bxH4pkmrD1bxH4pkmrD1bxH4pkmrD1bxH4pkmrD1bxH4pkmrD1bxH4pkmrD1bxH4pkmrD1bxH4pkmrD1bxH4pkmrD1bxH4pkmrD1bxH4pkmrD1bxH4pkmrD1bxH4pkmrD1bxH4pkmrD1bxH4pkmrD1bxH4pkmrD1bxH4pkmrD1bxH4pkmrD1bxH4pkmrD1bxH4pkmrD1bxH4pkmrD1bxH4pkmrD1bxH4pkmrD1bxH4pkmrD1bxH4pkmrD1bxH4pkmrD1bxH4pkmrD1bxH4pkmrD1bxH4pkmrD1bxH4pkmrD1bxH4pkmrD1bxH4pkIS9xPIS9xPIS9xPIS9xPIS9xPIS9xPIS9xPIS9xPIS9xPIS9xPIS9xPIS9xPIS9xPIS9xPIS9xPIS9xPIS9xPIS9xPIS9xPIS9xPIS9xPIS9xPIS9xPIS9xPIS9xPIS9xPIS9xPIS9xPIS9xPIS9xPIS9xPIS9xPIS9xPIS9xPIS9xPIS9xPIS9xPIS9xPIS9xPIS9xPIS9xPIS9xPIS9xPIS9xPIS9xPIS9xPIS9xPIS9xPIS9xPIS9xPIS9xPIS9xPIS9xPIS9xPIS9xPIS9xPIS9xPIS9xPIS9xPIS9xPIS9xPIS9xPIS9xPIS9xPIS9xPIS9xPIS9xPIS9xPIS9xPIS9xPIS9xPIS9xPIS9xPIS9xPIS9xPIS9xPIS9xPIS9xPIS9xPIS9xPIS9xPIS9xPIS9xPIS9xPIS9xPIS9xPIS9xPIS9xPIS9xPIS9xPIS9xPIS9xPIS9xPIS9xPIS9xPIS9xPIS9xPIS9xPIS9xPIS9xPIS9xPIS9xPIS9xPIS9xPIS9xPIS9xPIS9xPIS9xPIS9xPIS9xPIS9xPIS9xPIS9xPIS9xPIS9xPIS9xPIS9xPIS9xPIS9xPIS9xPIS9xPIS9xPIS9xPIS9xPIS9xPIS9xPIS9xPIS9xPZMZMZMZMZMZMZMZMZMZMZMZMZMZMZMZMZMZMZMZMZMZMZMZMZMZMZMZMZMZMZMZMZMZMZMZMZMZMZMZMZMZMZMZMZMZMZMZMZMZMZMZMZMZMZMZMZMZMZMZMZMZMZMZMC43mLTOPeC43mLTOPeC43mLTOPeC43mLTOPeC43mLTOPeC43mLTOPeC43mLTOPeC43mLTOPeC43mLTOPeC43mLTOPeC43mLTOPeC43mLTOPeC43mLTOPeC43mLTOPeC43mLTOPeC43mLTOPeC43mLTOPeC43mLTOPeC43mLTOPeC43mLTOPeC43mLTOPeC43mLTOPeC43mLTOPeC43mLTOPeC43mLTOPeC43mLTOPeC43mLTOPeC43mLTOPeC43mLTOPeC43mLTOPeC43mLTOPeC43mLTOPe1Rxmgtz91Rxmgtz91Rxmgtz91Rxmgtz91Rxmgtz91Rxmgtz91Rxmgtz91Rxmgtz91Rxmgtz91Rxmgtz91Rxmgtz91Rxmgtz91Rxmgtz91Rxmgtz91Rxmgtz91Rxmgtz9BRuj76CBRuj76CBRuj76CBRuj76CBRuj76CBRuj76CBRuj76CBRuj76CVaUVaUVaUVaUHppdHppdxcJQvER8
388.900000 721.980000 202.470000 3921.840000 
97570.150000
-157318.467800 434465.872400 28984.235900 219155.720000 897294.885000 657730.466600 -473374.084400 -273903.333900 1219408.857900 -965436.993500 -1864788.753200 -907647.349900 391642.192600 -1178672.398800 -1359794.372400 -140477.903800 752989.979200 321852.282400 30690.195200 
