-770944 12334 -779220 1274894 890704 1464224 653802 -635062 -530606 -1229844 -2296424 -372830 -1067878 383092 -693184 -229154 -1060242 -425996 -379762 -471876 -1876864 -537518 -465646 734378 
289.480000 -1628.140000 -774.570000 
201204 -132255 1027390 252695 432920 671551 -1200742 -57364 -1083770 -3313 -323076 266558 -3948 
-106850.947600 -92793.789400 199537.818000 443286.339300 -88506.313100 -456726.988800 -698854.403900 -64267.877900 -228154.876100 750833.223300 444494.382400 426232.085300 -939748.542800 626686.836500 -1216257.082300 950026.605900 -170751.416700 445331.416500 
26520 24982 -454942 4225 353677 -1185698 -27620 172508 -94939 512885 -1356204 -586125 -83897 550992 
659 1988 1425 140 
GKd2SAFsuJ85kxdjX3zj1pos9QCDZWN
n2JPqn2JPqn2JPqn2JPqn2JPqn2JPqn2JPqn2JPqn2JPqn2JPqn2JPqn2JPqn2JPqn2JPqn2JPqn2JPqn2JPqn2JPqn2JPqn2JPqn2JPqn2JPqn2JPqn2JPqn2JPqn2JPqn2JPqn2JPqn2JPqn2JPqn2JPqn2JPqn2JPqn2JPqn2JPqn2JPqn2JPqn2JPqn2JPqn2JPqn2JPqn2JPqn2JPqn2JPqn2JPqn2JPqn2JPqn2JPqn2JPqn2JPqn2JPqn2JPqn2JPqn2JPqn2JPqn2JPqn2JPqn2JPqn2JPqn2JPqn2JPqn2JPqn2JPqn2JPqn2JPqn2JPqn2JPqn2JPqn2JPqn2JPqn2JPqn2JPqn2JPqn2JPqn2JPqn2JPqn2JPqn2JPqn2JPqn2JPqn2JPqkeHtGkeHtGkeHtGkeHtGkeHtGkeHtGkeHtGkeHtGkeHtGkeHtGkeHtGkeHtGkeHtGkeHtGkeHtGkeHtGkeHtGkeHtGkeHtGkeHtGkeHtGkeHtGkeHtGkeHtGkeHtGkeHtGkeHtGBBBBBBBBBuxJbVDuxJbVDuxJbVD5FRrN
-248093.442000 -207550.767000 486936.359000 
275.260000 465.400000 
274133 144591 -89424 550886 -364667 653582 -322573 -184118 -727284 367099 -1029047 -474191 376141 -1091041 1110978 -309888 -37935 403358 -240145 -173229 671733 -171132 289989 -146318 21745 -228990 
-606.300000 1585.140000 -1933.230000 -342.840000 
436 -1018 144 -1368 4975 -4362 784 -4984 4473 
107.570000 1478.520000 945.360000 -1760.000000 -808.250000 -1246.560000 5260.640000 4524.880000 -7576.110000 
94 2 2910 988 -2375 1680 
2038723879598
651 1478 -2589 320 -2360 
301 796 -75 
-726 130 -279 512 -3290 -5250 
-920 606 1017 -36 
-3736050887
-422268 -826753 89452 904961 231628 376096 2013045 363784 -1596286 -594174 -281415 -802472 -449292 591578 290578 481794 -137939 
246.660000 -1850.300000 1435.110000 -340.240000 1106.600000 2886.240000 -1372.140000 
643 1196 -2124 -3208 1890 1464 
238919 -301420 1018277 -540616 267148 -341041 -345516 -1732833 1577187 -1836338 1330060 314347 -1388405 -998469 -410560 -1611957 -55824 493335 493685 2688488 3641746 -176798 1103917 1055425 -914355 2188257 52189 -882430 1734997 -239459 -1081151 -218437 -1352811 25221 -634112 -415693 -73670 716327 
