YES
kZ6M9XqRG6 o4zxhH6hjt pGpOjEy5Gr pAntUtEPja zMuhyLvTXC NSbYL6RXCJ KvxGq1sewA 4TIrndBjqJ ZJ6NC6krhq cJe9iYo4wY EElZwLd8of kLqhv4FlG9 
