YES
s93xbjKucV erJkwx8zt8 RpjAu9Azj0 eR0n2R8hey 7ZtALRwnIs 
