YES
UUOfJuyqBc uuQMeHuNZP u5bmY38ZhK zAkKPFVVj5 sui2RrmOFw y89bbsPU6N IrPHzcFzdE 
