YES
Mn3gaWVUHH uNEtoUAWCc KvarQxaW9A UBfgCcw3Mk 62hWfFSze0 NnY4Cwa1c6 jUARwBGQon x4AiRmOVV9 VbIpsnL8ud gRYNPj4yVU 1dyXWL0O2y Eq2OuzvhoM HseWJlN5Ko rT1JVqzcWT ioMVOZvrOK wWFQd3lQ4T 
