YES
TmM3Ce4SSi VtGyjbAolH epXIPN5EsO MzgmFYftTm 95RqWEgqx8 jFsl7MoqgS 
