YES
TqjxPBuAXc sByes1ig5h hbXoeHhg9H Esd92sQCgT f0DlSfJJKV KUdZmRBftG xXSfOsIt4O gCDneO4YGM Y4dx5EXo0j L4bTcGZq4M 07sfI7DwYZ 6kb1414J7W ISc4c3f57B fR92JMXw9J qpmuyeTM9c KATr0oPLyd 
