NO
5
WaOiEJVvFE ZWpRhN68Yi TeO6Q6hJiR 2OCf8eCs9c YD1v3YM2xB 
