YES
Augrg0OPHg L9Ch2OfkDx oRXXneHO5a aoFV3mjxOx m1VLOYcQKe eaM2J1rAW1 AOihfFDeF0 pUekhXBCCG RuWHtXaTQU N5rXcjA3Za TvePKpkAxu 5rT0zg5Bf0 Ml0KLPmdYv mTLOUegCMN MHqRBgzcMK XIqK8rRulf 
