YES
nO5FbQbeho ADPOIr2UPA 8rnizd3vXd Vc2oJqcMeF TJzM0mGkYG pmtO2fh3B4 DL8TGz4kH0 bLDRgofQZq UdGfxwJ0a3 2giSXuP2aG NC4TzHjDXb IhcxhzAxrs pRjK2QYEQr Dt4Fk0GooP nU9mmF2iP2 
