YES
4CgYIB6Ovz GZFcrBY8Jp H68wQlxVPK d9JDWLSD32 2XzHj6qPJq TH5qjJYSmB eaMK2l73mR 9sSLJ5I6pQ MnXV6wpJCA 
