YES
tonQiUFVuE I0sY9f9Yaj jbEaBsc6Yz 2E9Cpdz40m nYE5U6WH1H TP2pG9lept bFqeH31blT QS2n2wl6Fj M4pGjZeQxC arG3MTfjhm dABZKegEq8 yDdbZ6OqZe 8U5hBX4tFK FZDujNqueO LsEtyO6J5R fp52WUrvkL IKna5WvhZJ 
