YES
NnNNhVuoP4 doSTrEm1NQ rVt1zN8fRv vUj0cOV9RZ NFzEgIvhca rCJOP5GmzX y8VaRIYSoz TpQGTKMsfJ Qpd3AkJ1Sg LhqVGnuVnN sHZtP1KuBU 1W8POzd7vL oJKJDJz5Ao 
