YES
kgPxLVUpNN KYhf8Y8crW xNWKZ2DvB8 y1eV0EEsGK ObciRqYN6Z wZbFtdhxE8 DlmnvCEjwt uHNHWAI9OA Ytt82mf5Og RSb6aJiBl6 Uha7ggXQAh npyKuJocMZ 
