YES
5I6yYMX4Db urof0jXYAT EEdSmBgYpT EVjGOw7M5k wxjQR3m20g 6E6gXBOUMq 3jd7fuQcFl dItE5QRQBG uKRJMRkKv3 VslfISaJpB IWmujl1j5h uoFrWg7mZr oSzfuDTvvT DLrzceliPq 
