NO
7
VYjD9DgwUX CAX2qa8wmS jndR1pXDx4 QT2N6nSgDS 1QB6llonYM 0rjwrY3xZS WfVpqaagy6 
