YES
xB1een2gOn 3pHsPQe6tH 8hYYFy7zCE zlAoxs56XE 2B0iWJVxgr 2IX9MC9q7k aofas3GfRM Szz6BYkq8X eaEutUN7JI u8Z7aJ2HR7 XqnEzTSN5L a1yc3EEGvk BKMYz9IJNx b7tUpOF3TA 3AYBvkqP2A O6xkJZ7VWQ bLetU0sFns 
