YES
1cnuwfvMJD sj0hio3vTK yB4HJbxvMh pjH64KUaoX 8jlxtyLQ3j 8kohxwfkIM U0MmL0snat NM5HcCKzsC ezvLziFST6 UeQVzjC3OZ 
