YES
5bXUt6mIdj EFafXLQaSU n90KMYfAWA OwnHBaBXpl FL3Gzn4zjW ZEWrXEZ02U NXN4oPyfVX SAB1BFoGL1 1FyDURCJlz xt2C01nl0N 
