YES
c5ikhtJUwV MmvSfuWIwP fpuLo309PX JI63eR6Yed alscbO46WV FCl13TFKCk 
