YES
vmKV44ZDhP E35INmvq2o VuSZYn82rb jRlet5dnGb 7lqp9h3iDX wzEk0cVl4U 72e72JqgQU mMykXI24oS WfBweaLsOy of6PHsdSR1 LzIyyJR5zr AOf9Wb89hP TdjHtnUu9Q yQXM94e0no QzkS8nw8dH 
