NO
4
ahMCGUu35o 2sGJE28HNp o6YQX1r06P s2gpwHcPCk 
