YES
cgaEs2Nk7w YRxDVbinDw s36Q8hjKzY XSJvzQg4lI 0K2EJdpsxe rg29QyDFSb VlDwekxMsk Hc6D2gzjWI U8UHIqoVIm CLttzja2GP 2pRewBf0XQ SYiQIzXrP5 lrZ66Nj1G4 
