YES
mKEr4IAvNK ldpOqOyVXi j1yY2FtK7g ARfSlZtUId LAyNCCDtqM 83zZmlH7ll NV5gItFu0M 9ZzSgQ90qQ UGBrRFlt6t 5kB5cTFmlP J6CkaQvneX 
