YES
UXC4D9jY9J I6EpgTDLsC OxN5TsYlfU X5xEPukhYc 9OmyWcIC7C B8cJLUSjPN 
