YES
sa2r4yU4Zf WYyR8wOOmG g20tsZys7i FI3whhjoeo J3oRk2bLBW OhxKCdiyOZ NSpqfVt6Vb GojWbiMXIf 4ANDGFe2Zb 7kIswEodO1 Paz0BaYJF0 nG6zJgG1km 9byAO1ZC4m kDohBp0MIM hSl8z9K7EJ DzF6tp0g6i 
