YES
1q652zdthb hM3kl9wWX3 FLfMs9rVAa 6u2iNz6YiR D1Tk13ko4K CipvxAc9AY jtV8dHaC4r cDJnYSAZ4B OFurntgXIf AAi8evx2CE 76sWyoiZJf 
