YES
yWIYUvtRcB GLJopmoEOa LS4YaKSMi8 OpzaFkyr5r eSIAm3bYhm wQybCrSNtL N4eiUAeI7i bdeHgjxMh5 PiPPTkhnQp M0l43a3wpV E8vwuCooyu UPiYwvCXEP AnKJOHNjTu ttTZnhCkhl DK592oHmes J0MR6jtWVU WNFCnCQK0P 
