YES
kFnXUVaJJo SQRrbj9EvR RANrFA8euv 1dRl0tYRH1 PyLxZD43bJ niwJR87wvu 8luPGL2IR6 IKG4ugvNn7 epgRmwBgEz wWBkCEBHmy OckmXYbzk6 y2WJshzAdA 
