YES
YXNGGJp7VM NOKSEKIzib uCgmuyPW0N TkTOVKx0q7 0jTzmKi5Ll FLfp1LkX1z nMGaU31VSo UUcPJ0dcpG nQeV5O9AqT WZV2NW6ddA p1ebUsmBDC FV5N9cH4rU MirOODiipF falNsNmP8J 
